******************************************************************************
             TMS320C2000 Linker PC v20.2.4                     
******************************************************************************
>> Linked Wed Jun 23 14:06:44 2021

OUTPUT FILE NAME:   <SmileKey_JIG_DSP28377_V0.03_20210621.out>
ENTRY POINT SYMBOL: "_c_int00"  address: 00084576


MEMORY CONFIGURATION

         name            origin    length      used     unused   attr    fill
----------------------  --------  ---------  --------  --------  ----  --------
PAGE 0:
  RAMM0                 00000122   000002de  00000000  000002de  RWIX
  RAMLS0                00008000   00001400  0000048e  00000f72  RWIX
  RAMLS2                00009400   00000400  00000000  00000400  RWIX
  RAMLS3                00009800   00000800  00000000  00000800  RWIX
  RAMLS4                0000a000   00000800  00000000  00000800  RWIX
  RAMD0                 0000b000   00000800  00000000  00000800  RWIX
  RAMGS14               0001a000   00001000  00000000  00001000  RWIX
  RAMGS15               0001b000   00001000  00000000  00001000  RWIX
  BEGIN                 00080000   00000002  00000002  00000000  RWIX
  FLASHA                00080002   00001ffe  00000000  00001ffe  RWIX
  FLASHB                00082000   00002000  00001fff  00000001  RWIX
  FLASHC                00084000   00002000  000006e0  00001920  RWIX
  FLASHD                00086000   00002000  0000048e  00001b72  RWIX
  FLASHE                00088000   00008000  00000000  00008000  RWIX
  FLASHF                00090000   00008000  00000272  00007d8e  RWIX
  FLASHG                00098000   00008000  00000000  00008000  RWIX
  FLASHH                000a0000   00008000  00000000  00008000  RWIX
  FLASHI                000a8000   00008000  00000000  00008000  RWIX
  FLASHJ                000b0000   00008000  00000000  00008000  RWIX
  FLASHK                000b8000   00002000  00000000  00002000  RWIX
  FLASHL                000ba000   00002000  00000000  00002000  RWIX
  FLASHM                000bc000   00002000  00000000  00002000  RWIX
  FLASHN                000be000   00002000  00000000  00002000  RWIX
  RESET                 003fffc0   00000002  00000000  00000002  RWIX

PAGE 1:
  BOOT_RSVD             00000002   00000120  00000000  00000120  RWIX
  RAMM1                 00000400   00000400  00000100  00000300  RWIX
  ADCA_RESULT           00000b00   00000020  00000018  00000008  RWIX
  ADCB_RESULT           00000b20   00000020  00000018  00000008  RWIX
  ADCC_RESULT           00000b40   00000020  00000018  00000008  RWIX
  ADCD_RESULT           00000b60   00000020  00000018  00000008  RWIX
  CPU_TIMER0            00000c00   00000008  00000008  00000000  RWIX
  CPU_TIMER1            00000c08   00000008  00000008  00000000  RWIX
  CPU_TIMER2            00000c10   00000008  00000008  00000000  RWIX
  PIE_CTRL              00000ce0   00000020  0000001a  00000006  RWIX
  PIE_VECT              00000d00   00000200  000001c0  00000040  RWIX
  DMA                   00001000   00000200  000000e0  00000120  RWIX
  CLA1                  00001400   00000040  00000040  00000000  RWIX
  EPWM1                 00004000   00000100  00000100  00000000  RWIX
  EPWM2                 00004100   00000100  00000100  00000000  RWIX
  EPWM3                 00004200   00000100  00000100  00000000  RWIX
  EPWM4                 00004300   00000100  00000100  00000000  RWIX
  EPWM5                 00004400   00000100  00000100  00000000  RWIX
  EPWM6                 00004500   00000100  00000100  00000000  RWIX
  EPWM7                 00004600   00000100  00000100  00000000  RWIX
  EPWM8                 00004700   00000100  00000100  00000000  RWIX
  EPWM9                 00004800   00000100  00000100  00000000  RWIX
  EPWM10                00004900   00000100  00000100  00000000  RWIX
  EPWM11                00004a00   00000100  00000100  00000000  RWIX
  EPWM12                00004b00   00000100  00000100  00000000  RWIX
  ECAP1                 00005000   00000020  00000020  00000000  RWIX
  ECAP2                 00005020   00000020  00000020  00000000  RWIX
  ECAP3                 00005040   00000020  00000020  00000000  RWIX
  ECAP4                 00005060   00000020  00000020  00000000  RWIX
  ECAP5                 00005080   00000020  00000020  00000000  RWIX
  ECAP6                 000050a0   00000020  00000020  00000000  RWIX
  EQEP1                 00005100   00000040  00000022  0000001e  RWIX
  EQEP2                 00005140   00000040  00000022  0000001e  RWIX
  EQEP3                 00005180   00000040  00000022  0000001e  RWIX
  DACA                  00005c00   00000010  00000008  00000008  RWIX
  DACB                  00005c10   00000010  00000008  00000008  RWIX
  DACC                  00005c20   00000010  00000008  00000008  RWIX
  CMPSS1                00005c80   00000020  00000020  00000000  RWIX
  CMPSS2                00005ca0   00000020  00000020  00000000  RWIX
  CMPSS3                00005cc0   00000020  00000020  00000000  RWIX
  CMPSS4                00005ce0   00000020  00000020  00000000  RWIX
  CMPSS5                00005d00   00000020  00000020  00000000  RWIX
  CMPSS6                00005d20   00000020  00000020  00000000  RWIX
  CMPSS7                00005d40   00000020  00000020  00000000  RWIX
  CMPSS8                00005d60   00000020  00000020  00000000  RWIX
  SDFM1                 00005e00   00000080  00000080  00000000  RWIX
  SDFM2                 00005e80   00000080  00000080  00000000  RWIX
  MCBSPA                00006000   00000040  00000024  0000001c  RWIX
  MCBSPB                00006040   00000040  00000024  0000001c  RWIX
  SPIA                  00006100   00000010  00000010  00000000  RWIX
  SPIB                  00006110   00000010  00000010  00000000  RWIX
  SPIC                  00006120   00000010  00000010  00000000  RWIX
  SPID                  00006130   00000010  00000010  00000000  RWIX
  UPP                   00006200   00000100  00000048  000000b8  RWIX
  WD                    00007000   00000040  0000002b  00000015  RWIX
  NMIINTRUPT            00007060   00000010  00000007  00000009  RWIX
  XINT                  00007070   00000010  0000000b  00000005  RWIX
  SCIA                  00007200   00000010  00000010  00000000  RWIX
  SCIB                  00007210   00000010  00000010  00000000  RWIX
  SCIC                  00007220   00000010  00000010  00000000  RWIX
  SCID                  00007230   00000010  00000010  00000000  RWIX
  I2CA                  00007300   00000040  00000022  0000001e  RWIX
  I2CB                  00007340   00000040  00000022  0000001e  RWIX
  ADCA                  00007400   00000080  00000080  00000000  RWIX
  ADCB                  00007480   00000080  00000080  00000000  RWIX
  ADCC                  00007500   00000080  00000080  00000000  RWIX
  ADCD                  00007580   00000080  00000080  00000000  RWIX
  TRIG                  00007900   00000050  00000046  0000000a  RWIX
  DMACLASRCSEL          00007980   00000040  0000001a  00000026  RWIX
  EPWM_XBAR             00007a00   00000040  00000040  00000000  RWIX
  CLB_XBAR              00007a40   00000040  00000000  00000040  RWIX
  GPIO_OUT_XBAR         00007a80   00000040  00000040  00000000  RWIX
  GPIOCTRL              00007c00   00000180  00000180  00000000  RWIX
  GPIODAT               00007f00   00000030  00000030  00000000  RWIX
  RAMLS5                0000a800   00000800  00000717  000000e9  RWIX
  RAMD1                 0000b800   00000800  00000000  00000800  RWIX
  RAMGS0                0000c000   00001000  000008c7  00000739  RWIX
  RAMGS1                0000d000   00001000  00000000  00001000  RWIX
  RAMGS2                0000e000   00001000  000000de  00000f22  RWIX
  RAMGS3                0000f000   00001000  00000000  00001000  RWIX
  RAMGS4                00010000   00001000  000004c6  00000b3a  RWIX
  RAMGS5                00011000   00001000  00000000  00001000  RWIX
  RAMGS6                00012000   00001000  00000000  00001000  RWIX
  RAMGS7                00013000   00001000  00000000  00001000  RWIX
  RAMGS8                00014000   00001000  00000000  00001000  RWIX
  RAMGS9                00015000   00001000  00000000  00001000  RWIX
  RAMGS10               00016000   00001000  00000000  00001000  RWIX
  RAMGS11               00017000   00001000  00000000  00001000  RWIX
  RAMGS12               00018000   00001000  00000000  00001000  RWIX
  RAMGS13               00019000   00001000  00000000  00001000  RWIX
  CPU2TOCPU1RAM         0003f800   00000400  00000000  00000400  RWIX
  CPU1TOCPU2RAM         0003fc00   00000400  00000088  00000378  RWIX
  EMIF1                 00047000   00000800  00000070  00000790  RWIX
  EMIF2                 00047800   00000800  00000070  00000790  RWIX
  DCANA                 00048000   00001000  00000200  00000e00  RWIX
  DCANB                 0004a000   00001000  00000200  00000e00  RWIX
  IPC                   00050000   00001000  00000026  00000fda  RWIX
  DEV_CFG               0005d000   00000180  0000012e  00000052  RWIX
  ANALOG_SUBSYS         0005d180   00000080  00000048  00000038  RWIX
  CLK_CFG               0005d200   00000100  00000032  000000ce  RWIX
  CPU_SYS               0005d300   00000100  00000082  0000007e  RWIX
  HWBIST                0005e000   00000100  000000a2  0000005e  RWIX
  PBIST                 0005e200   00000200  000001e6  0000001a  RWIX
  ROMPREFETCH           0005e608   00000002  00000002  00000000  RWIX
  DCSM_Z1               0005f000   00000030  00000024  0000000c  RWIX
  DCSM_Z2               0005f040   00000030  00000024  0000000c  RWIX
  DCSM_COMMON           0005f070   00000010  00000008  00000008  RWIX
  MEMCFG                0005f400   00000080  00000080  00000000  RWIX
  EMIF1CONFIG           0005f480   00000020  00000020  00000000  RWIX
  EMIF2CONFIG           0005f4a0   00000020  00000020  00000000  RWIX
  ACCESSPROTECTION      0005f4c0   00000040  00000040  00000000  RWIX
  MEMORYERROR           0005f500   00000040  00000040  00000000  RWIX
  ROMWAITSTATE          0005f540   00000002  00000002  00000000  RWIX
  FLASH_CTRL            0005f800   00000300  00000182  0000017e  RWIX
  FLASH_ECC             0005fb00   00000040  00000028  00000018  RWIX
  DCSM_OTP_Z1           00078800   00000020  0000001a  00000006  RWIX
  DCSM_OTP_Z2           00078900   00000020  0000001a  00000006  RWIX


SECTION ALLOCATION MAP

 output                                  attributes/
section   page    origin      length       input sections
--------  ----  ----------  ----------   ----------------
.cinit     0    00082000    00000073     
                  00082000    00000014     DataLogging.obj (.cinit)
                  00082014    00000014     TargetA_COMM.obj (.cinit)
                  00082028    00000014     TargetB_COMM.obj (.cinit)
                  0008203c    00000014     TargetD_COMM.obj (.cinit)
                  00082050    0000000e     rts2800_fpu32.lib : exit.c.obj (.cinit)
                  0008205e    00000009     MAIN_CPU1.obj (.cinit)
                  00082067    00000005     rts2800_fpu32.lib : _lock.c.obj (.cinit:__lock)
                  0008206c    00000005                       : _lock.c.obj (.cinit:__unlock)
                  00082071    00000002     --HOLE-- [fill = 0]

.pinit     0    00082000    00000000     UNINITIALIZED

codestart 
*          0    00080000    00000002     
                  00080000    00000002     F2837xD_CodeStartBranch.obj (codestart)

ramfuncs   0    00086000    0000048e     RUN ADDR = 00008000
                  00086000    00000196     MAIN_CPU1.obj (ramfuncs)
                  00086196    000000d3     TargetA_COMM.obj (ramfuncs)
                  00086269    000000d3     TargetB_COMM.obj (ramfuncs)
                  0008633c    000000d3     TargetD_COMM.obj (ramfuncs)
                  0008640f    0000004f     MAIN_CPU1.obj (ramfuncs:retain)
                  0008645e    0000002c     F2837xD_SysCtrl.obj (ramfuncs)
                  0008648a    00000004     F2837xD_usDelay.obj (ramfuncs)

.stack     1    00000400    00000100     UNINITIALIZED
                  00000400    00000100     --HOLE--

.reset     0    003fffc0    00000002     DSECT
                  003fffc0    00000002     rts2800_fpu32.lib : boot28.asm.obj (.reset)

.econst    0    00090000    00000272     
                  00090000    000001c0     F2837xD_PieVect.obj (.econst:_PieVectTableInit)
                  000901c0    0000009c     MAIN_CPU1.obj (.econst:_SET)
                  0009025c    0000000c     MAIN_CPU1.obj (.econst:_ADC_GAIN)
                  00090268    00000009     dCAN_API.obj (.econst:_g_ui16CANBitValues)
                  00090271    00000001     MAIN_CPU1.obj (.econst)

AdcaResultFile 
*          1    00000b00    00000018     UNINITIALIZED
                  00000b00    00000018     F2837xD_GlobalVariableDefs.obj (AdcaResultFile)

AdcbResultFile 
*          1    00000b20    00000018     UNINITIALIZED
                  00000b20    00000018     F2837xD_GlobalVariableDefs.obj (AdcbResultFile)

AdccResultFile 
*          1    00000b40    00000018     UNINITIALIZED
                  00000b40    00000018     F2837xD_GlobalVariableDefs.obj (AdccResultFile)

AdcdResultFile 
*          1    00000b60    00000018     UNINITIALIZED
                  00000b60    00000018     F2837xD_GlobalVariableDefs.obj (AdcdResultFile)

CpuTimer0RegsFile 
*          1    00000c00    00000008     UNINITIALIZED
                  00000c00    00000008     F2837xD_GlobalVariableDefs.obj (CpuTimer0RegsFile)

CpuTimer1RegsFile 
*          1    00000c08    00000008     UNINITIALIZED
                  00000c08    00000008     F2837xD_GlobalVariableDefs.obj (CpuTimer1RegsFile)

CpuTimer2RegsFile 
*          1    00000c10    00000008     UNINITIALIZED
                  00000c10    00000008     F2837xD_GlobalVariableDefs.obj (CpuTimer2RegsFile)

PieCtrlRegsFile 
*          1    00000ce0    0000001a     UNINITIALIZED
                  00000ce0    0000001a     F2837xD_GlobalVariableDefs.obj (PieCtrlRegsFile)

DmaRegsFile 
*          1    00001000    000000e0     UNINITIALIZED
                  00001000    000000e0     F2837xD_GlobalVariableDefs.obj (DmaRegsFile)

Cla1RegsFile 
*          1    00001400    00000040     UNINITIALIZED
                  00001400    00000040     F2837xD_GlobalVariableDefs.obj (Cla1RegsFile)

EPwm1RegsFile 
*          1    00004000    00000100     UNINITIALIZED
                  00004000    00000100     F2837xD_GlobalVariableDefs.obj (EPwm1RegsFile)

EPwm2RegsFile 
*          1    00004100    00000100     UNINITIALIZED
                  00004100    00000100     F2837xD_GlobalVariableDefs.obj (EPwm2RegsFile)

EPwm3RegsFile 
*          1    00004200    00000100     UNINITIALIZED
                  00004200    00000100     F2837xD_GlobalVariableDefs.obj (EPwm3RegsFile)

EPwm4RegsFile 
*          1    00004300    00000100     UNINITIALIZED
                  00004300    00000100     F2837xD_GlobalVariableDefs.obj (EPwm4RegsFile)

EPwm5RegsFile 
*          1    00004400    00000100     UNINITIALIZED
                  00004400    00000100     F2837xD_GlobalVariableDefs.obj (EPwm5RegsFile)

EPwm6RegsFile 
*          1    00004500    00000100     UNINITIALIZED
                  00004500    00000100     F2837xD_GlobalVariableDefs.obj (EPwm6RegsFile)

EPwm7RegsFile 
*          1    00004600    00000100     UNINITIALIZED
                  00004600    00000100     F2837xD_GlobalVariableDefs.obj (EPwm7RegsFile)

EPwm8RegsFile 
*          1    00004700    00000100     UNINITIALIZED
                  00004700    00000100     F2837xD_GlobalVariableDefs.obj (EPwm8RegsFile)

EPwm9RegsFile 
*          1    00004800    00000100     UNINITIALIZED
                  00004800    00000100     F2837xD_GlobalVariableDefs.obj (EPwm9RegsFile)

EPwm10RegsFile 
*          1    00004900    00000100     UNINITIALIZED
                  00004900    00000100     F2837xD_GlobalVariableDefs.obj (EPwm10RegsFile)

EPwm11RegsFile 
*          1    00004a00    00000100     UNINITIALIZED
                  00004a00    00000100     F2837xD_GlobalVariableDefs.obj (EPwm11RegsFile)

EPwm12RegsFile 
*          1    00004b00    00000100     UNINITIALIZED
                  00004b00    00000100     F2837xD_GlobalVariableDefs.obj (EPwm12RegsFile)

ECap1RegsFile 
*          1    00005000    00000020     UNINITIALIZED
                  00005000    00000020     F2837xD_GlobalVariableDefs.obj (ECap1RegsFile)

ECap2RegsFile 
*          1    00005020    00000020     UNINITIALIZED
                  00005020    00000020     F2837xD_GlobalVariableDefs.obj (ECap2RegsFile)

ECap3RegsFile 
*          1    00005040    00000020     UNINITIALIZED
                  00005040    00000020     F2837xD_GlobalVariableDefs.obj (ECap3RegsFile)

ECap4RegsFile 
*          1    00005060    00000020     UNINITIALIZED
                  00005060    00000020     F2837xD_GlobalVariableDefs.obj (ECap4RegsFile)

ECap5RegsFile 
*          1    00005080    00000020     UNINITIALIZED
                  00005080    00000020     F2837xD_GlobalVariableDefs.obj (ECap5RegsFile)

ECap6RegsFile 
*          1    000050a0    00000020     UNINITIALIZED
                  000050a0    00000020     F2837xD_GlobalVariableDefs.obj (ECap6RegsFile)

EQep1RegsFile 
*          1    00005100    00000022     UNINITIALIZED
                  00005100    00000022     F2837xD_GlobalVariableDefs.obj (EQep1RegsFile)

EQep2RegsFile 
*          1    00005140    00000022     UNINITIALIZED
                  00005140    00000022     F2837xD_GlobalVariableDefs.obj (EQep2RegsFile)

EQep3RegsFile 
*          1    00005180    00000022     UNINITIALIZED
                  00005180    00000022     F2837xD_GlobalVariableDefs.obj (EQep3RegsFile)

DacaRegsFile 
*          1    00005c00    00000008     UNINITIALIZED
                  00005c00    00000008     F2837xD_GlobalVariableDefs.obj (DacaRegsFile)

DacbRegsFile 
*          1    00005c10    00000008     UNINITIALIZED
                  00005c10    00000008     F2837xD_GlobalVariableDefs.obj (DacbRegsFile)

DaccRegsFile 
*          1    00005c20    00000008     UNINITIALIZED
                  00005c20    00000008     F2837xD_GlobalVariableDefs.obj (DaccRegsFile)

Sdfm1RegsFile 
*          1    00005e00    00000080     UNINITIALIZED
                  00005e00    00000080     F2837xD_GlobalVariableDefs.obj (Sdfm1RegsFile)

Sdfm2RegsFile 
*          1    00005e80    00000080     UNINITIALIZED
                  00005e80    00000080     F2837xD_GlobalVariableDefs.obj (Sdfm2RegsFile)

McbspaRegsFile 
*          1    00006000    00000024     UNINITIALIZED
                  00006000    00000024     F2837xD_GlobalVariableDefs.obj (McbspaRegsFile)

McbspbRegsFile 
*          1    00006040    00000024     UNINITIALIZED
                  00006040    00000024     F2837xD_GlobalVariableDefs.obj (McbspbRegsFile)

SpiaRegsFile 
*          1    00006100    00000010     UNINITIALIZED
                  00006100    00000010     F2837xD_GlobalVariableDefs.obj (SpiaRegsFile)

SpibRegsFile 
*          1    00006110    00000010     UNINITIALIZED
                  00006110    00000010     F2837xD_GlobalVariableDefs.obj (SpibRegsFile)

SpicRegsFile 
*          1    00006120    00000010     UNINITIALIZED
                  00006120    00000010     F2837xD_GlobalVariableDefs.obj (SpicRegsFile)

SpidRegsFile 
*          1    00006130    00000010     UNINITIALIZED
                  00006130    00000010     F2837xD_GlobalVariableDefs.obj (SpidRegsFile)

UppRegsFile 
*          1    00006200    00000048     UNINITIALIZED
                  00006200    00000048     F2837xD_GlobalVariableDefs.obj (UppRegsFile)

WdRegsFile 
*          1    00007000    0000002b     UNINITIALIZED
                  00007000    0000002b     F2837xD_GlobalVariableDefs.obj (WdRegsFile)

NmiIntruptRegsFile 
*          1    00007060    00000007     UNINITIALIZED
                  00007060    00000007     F2837xD_GlobalVariableDefs.obj (NmiIntruptRegsFile)

XintRegsFile 
*          1    00007070    0000000b     UNINITIALIZED
                  00007070    0000000b     F2837xD_GlobalVariableDefs.obj (XintRegsFile)

SciaRegsFile 
*          1    00007200    00000010     UNINITIALIZED
                  00007200    00000010     F2837xD_GlobalVariableDefs.obj (SciaRegsFile)

ScibRegsFile 
*          1    00007210    00000010     UNINITIALIZED
                  00007210    00000010     F2837xD_GlobalVariableDefs.obj (ScibRegsFile)

ScicRegsFile 
*          1    00007220    00000010     UNINITIALIZED
                  00007220    00000010     F2837xD_GlobalVariableDefs.obj (ScicRegsFile)

ScidRegsFile 
*          1    00007230    00000010     UNINITIALIZED
                  00007230    00000010     F2837xD_GlobalVariableDefs.obj (ScidRegsFile)

I2caRegsFile 
*          1    00007300    00000022     UNINITIALIZED
                  00007300    00000022     F2837xD_GlobalVariableDefs.obj (I2caRegsFile)

I2cbRegsFile 
*          1    00007340    00000022     UNINITIALIZED
                  00007340    00000022     F2837xD_GlobalVariableDefs.obj (I2cbRegsFile)

TrigRegsFile 
*          1    00007900    00000046     UNINITIALIZED
                  00007900    00000046     F2837xD_GlobalVariableDefs.obj (TrigRegsFile)

DmaClaSrcSelRegsFile 
*          1    00007980    0000001a     UNINITIALIZED
                  00007980    0000001a     F2837xD_GlobalVariableDefs.obj (DmaClaSrcSelRegsFile)

EPwmXbarRegsFile 
*          1    00007a00    00000040     UNINITIALIZED
                  00007a00    00000040     F2837xD_GlobalVariableDefs.obj (EPwmXbarRegsFile)

GpioOutXbarRegsFile 
*          1    00007a80    00000040     UNINITIALIZED
                  00007a80    00000040     F2837xD_GlobalVariableDefs.obj (GpioOutXbarRegsFile)

GpioCtrlRegsFile 
*          1    00007c00    00000180     UNINITIALIZED
                  00007c00    00000180     F2837xD_GlobalVariableDefs.obj (GpioCtrlRegsFile)

GpioDataRegsFile 
*          1    00007f00    00000030     UNINITIALIZED
                  00007f00    00000030     F2837xD_GlobalVariableDefs.obj (GpioDataRegsFile)

SHARERAMGS2 
*          1    0000e000    000000de     UNINITIALIZED
                  0000e000    000000de     MAIN_CPU1.obj (SHARERAMGS2)

SHARERAMGS4 
*          1    00010000    000004c6     UNINITIALIZED
                  00010000    000004c6     MAIN_CPU1.obj (SHARERAMGS4)

PUTBUFFER 
*          1    0003fc00    00000080     UNINITIALIZED
                  0003fc00    00000080     F2837xD_Ipc_Driver.obj (PUTBUFFER)

PUTWRITEIDX 
*          1    0003fc80    00000004     UNINITIALIZED
                  0003fc80    00000004     F2837xD_Ipc_Driver.obj (PUTWRITEIDX)

GETREADIDX 
*          1    0003fc84    00000004     UNINITIALIZED
                  0003fc84    00000004     F2837xD_Ipc_Driver.obj (GETREADIDX)

GETBUFFER 
*          0    0003f800    00000080     DSECT
                  0003f800    00000080     F2837xD_Ipc_Driver.obj (GETBUFFER)

GETWRITEIDX 
*          0    0003f880    00000004     DSECT
                  0003f880    00000004     F2837xD_Ipc_Driver.obj (GETWRITEIDX)

PUTREADIDX 
*          0    0003f884    00000004     DSECT
                  0003f884    00000004     F2837xD_Ipc_Driver.obj (PUTREADIDX)

PieVectTableFile 
*          1    00000d00    000001c0     UNINITIALIZED
                  00000d00    000001c0     F2837xD_GlobalVariableDefs.obj (PieVectTableFile)

EmuKeyVar 
*          1    00000d00    00000001     UNINITIALIZED
                  00000d00    00000001     F2837xD_GlobalVariableDefs.obj (EmuKeyVar)

EmuBModeVar 
*          1    00000d01    00000001     UNINITIALIZED
                  00000d01    00000001     F2837xD_GlobalVariableDefs.obj (EmuBModeVar)

FlashCallbackVar 
*          1    00000d02    00000000     UNINITIALIZED

FlashScalingVar 
*          1    00000d02    00000000     UNINITIALIZED

AdcaRegsFile 
*          1    00007400    00000080     UNINITIALIZED
                  00007400    00000080     F2837xD_GlobalVariableDefs.obj (AdcaRegsFile)

AdcbRegsFile 
*          1    00007480    00000080     UNINITIALIZED
                  00007480    00000080     F2837xD_GlobalVariableDefs.obj (AdcbRegsFile)

AdccRegsFile 
*          1    00007500    00000080     UNINITIALIZED
                  00007500    00000080     F2837xD_GlobalVariableDefs.obj (AdccRegsFile)

AdcdRegsFile 
*          1    00007580    00000080     UNINITIALIZED
                  00007580    00000080     F2837xD_GlobalVariableDefs.obj (AdcdRegsFile)

AnalogSubsysRegsFile 
*          1    0005d180    00000048     UNINITIALIZED
                  0005d180    00000048     F2837xD_GlobalVariableDefs.obj (AnalogSubsysRegsFile)

Cla1SoftIntRegsFile 
*          1    00000ce0    00000004     DSECT
                  00000ce0    00000004     F2837xD_GlobalVariableDefs.obj (Cla1SoftIntRegsFile)

Cmpss1RegsFile 
*          1    00005c80    00000020     UNINITIALIZED
                  00005c80    00000020     F2837xD_GlobalVariableDefs.obj (Cmpss1RegsFile)

Cmpss2RegsFile 
*          1    00005ca0    00000020     UNINITIALIZED
                  00005ca0    00000020     F2837xD_GlobalVariableDefs.obj (Cmpss2RegsFile)

Cmpss3RegsFile 
*          1    00005cc0    00000020     UNINITIALIZED
                  00005cc0    00000020     F2837xD_GlobalVariableDefs.obj (Cmpss3RegsFile)

Cmpss4RegsFile 
*          1    00005ce0    00000020     UNINITIALIZED
                  00005ce0    00000020     F2837xD_GlobalVariableDefs.obj (Cmpss4RegsFile)

Cmpss5RegsFile 
*          1    00005d00    00000020     UNINITIALIZED
                  00005d00    00000020     F2837xD_GlobalVariableDefs.obj (Cmpss5RegsFile)

Cmpss6RegsFile 
*          1    00005d20    00000020     UNINITIALIZED
                  00005d20    00000020     F2837xD_GlobalVariableDefs.obj (Cmpss6RegsFile)

Cmpss7RegsFile 
*          1    00005d40    00000020     UNINITIALIZED
                  00005d40    00000020     F2837xD_GlobalVariableDefs.obj (Cmpss7RegsFile)

Cmpss8RegsFile 
*          1    00005d60    00000020     UNINITIALIZED
                  00005d60    00000020     F2837xD_GlobalVariableDefs.obj (Cmpss8RegsFile)

Emif1RegsFile 
*          1    00047000    00000070     UNINITIALIZED
                  00047000    00000070     F2837xD_GlobalVariableDefs.obj (Emif1RegsFile)

Emif2RegsFile 
*          1    00047800    00000070     UNINITIALIZED
                  00047800    00000070     F2837xD_GlobalVariableDefs.obj (Emif2RegsFile)

DcanaRegsFile 
*          1    00048000    00000200     UNINITIALIZED
                  00048000    00000200     F2837xD_GlobalVariableDefs.obj (DcanaRegsFile)

DcanbRegsFile 
*          1    0004a000    00000200     UNINITIALIZED
                  0004a000    00000200     F2837xD_GlobalVariableDefs.obj (DcanbRegsFile)

IpcRegsFile 
*          1    00050000    00000026     UNINITIALIZED
                  00050000    00000026     F2837xD_GlobalVariableDefs.obj (IpcRegsFile)

DevCfgRegsFile 
*          1    0005d000    0000012e     UNINITIALIZED
                  0005d000    0000012e     F2837xD_GlobalVariableDefs.obj (DevCfgRegsFile)

ClkCfgRegsFile 
*          1    0005d200    00000032     UNINITIALIZED
                  0005d200    00000032     F2837xD_GlobalVariableDefs.obj (ClkCfgRegsFile)

CpuSysRegsFile 
*          1    0005d300    00000082     UNINITIALIZED
                  0005d300    00000082     F2837xD_GlobalVariableDefs.obj (CpuSysRegsFile)

HwbistRegsFile 
*          1    0005e000    000000a2     UNINITIALIZED
                  0005e000    000000a2     F2837xD_GlobalVariableDefs.obj (HwbistRegsFile)

PbistRegsFile 
*          1    0005e200    000001e6     UNINITIALIZED
                  0005e200    000001e6     F2837xD_GlobalVariableDefs.obj (PbistRegsFile)

RomPrefetchRegsFile 
*          1    0005e608    00000002     UNINITIALIZED
                  0005e608    00000002     F2837xD_GlobalVariableDefs.obj (RomPrefetchRegsFile)

DcsmRegsZ1File 
*          1    0005f000    00000024     UNINITIALIZED
                  0005f000    00000024     F2837xD_GlobalVariableDefs.obj (DcsmRegsZ1File)

DcsmRegsZ2File 
*          1    0005f040    00000024     UNINITIALIZED
                  0005f040    00000024     F2837xD_GlobalVariableDefs.obj (DcsmRegsZ2File)

DcsmRegsCommonFile 
*          1    0005f070    00000008     UNINITIALIZED
                  0005f070    00000008     F2837xD_GlobalVariableDefs.obj (DcsmRegsCommonFile)

MemCfgRegsFile 
*          1    0005f400    00000080     UNINITIALIZED
                  0005f400    00000080     F2837xD_GlobalVariableDefs.obj (MemCfgRegsFile)

Emif1ConfigRegsFile 
*          1    0005f480    00000020     UNINITIALIZED
                  0005f480    00000020     F2837xD_GlobalVariableDefs.obj (Emif1ConfigRegsFile)

Emif2ConfigRegsFile 
*          1    0005f4a0    00000020     UNINITIALIZED
                  0005f4a0    00000020     F2837xD_GlobalVariableDefs.obj (Emif2ConfigRegsFile)

AccessProtectionRegsFile 
*          1    0005f4c0    00000040     UNINITIALIZED
                  0005f4c0    00000040     F2837xD_GlobalVariableDefs.obj (AccessProtectionRegsFile)

MemoryErrorRegsFile 
*          1    0005f500    00000040     UNINITIALIZED
                  0005f500    00000040     F2837xD_GlobalVariableDefs.obj (MemoryErrorRegsFile)

RomWaitStateRegsFile 
*          1    0005f540    00000002     UNINITIALIZED
                  0005f540    00000002     F2837xD_GlobalVariableDefs.obj (RomWaitStateRegsFile)

FlashCtrlRegsFile 
*          1    0005f800    00000182     UNINITIALIZED
                  0005f800    00000182     F2837xD_GlobalVariableDefs.obj (FlashCtrlRegsFile)

FlashEccRegsFile 
*          1    0005fb00    00000028     UNINITIALIZED
                  0005fb00    00000028     F2837xD_GlobalVariableDefs.obj (FlashEccRegsFile)

DcsmOtpZ1File 
*          1    00078800    0000001a     UNINITIALIZED
                  00078800    0000001a     F2837xD_GlobalVariableDefs.obj (DcsmOtpZ1File)

DcsmOtpZ2File 
*          1    00078900    0000001a     UNINITIALIZED
                  00078900    0000001a     F2837xD_GlobalVariableDefs.obj (DcsmOtpZ2File)

.text.1    0    00082074    00001f8c     
                  00082074    0000058f     F2837xD_DefaultISR.obj (.text:retain)
                  00082603    0000045e     Epwm_Config.obj (.text)
                  00082a61    000003e1     dCAN_API.obj (.text)
                  00082e42    000002b8     F2837xD_SysCtrl.obj (.text)
                  000830fa    00000256     ADC_Config_F28377.obj (.text)
                  00083350    000001fb     F2837xD_Mcbsp.obj (.text)
                  0008354b    000001b7     F2837xD_Gpio.obj (.text)
                  00083702    00000191     interrupt.obj (.text)
                  00083893    0000016f     MAIN_CPU1.obj (.text)
                  00083a02    00000158     ECap_Config.obj (.text)
                  00083b5a    00000148     GPIO_2837xD.obj (.text)
                  00083ca2    00000104     TargetA_COMM.obj (.text)
                  00083da6    00000104     TargetB_COMM.obj (.text)
                  00083eaa    00000104     TargetD_COMM.obj (.text)
                  00083fae    00000043     TimeBaseSystem.obj (.text)
                  00083ff1    0000000f     interrupt.obj (.text:retain)

.text.2    0    00084000    000006e0     
                  00084000    000000e1     DSP_28377_SETUP_cpu1.obj (.text)
                  000840e1    000000cb     dCAN.obj (.text)
                  000841ac    000000c3     dCAN_Config.obj (.text)
                  0008426f    000000ae     dCAN.obj (.text:retain)
                  0008431d    000000a5     F2837xD_Ipc.obj (.text)
                  000843c2    00000085     Comp_Config.obj (.text)
                  00084447    00000072     F2837xD_Gpio.obj (.text:retain)
                  000844b9    0000005f     F2837xD_ECap.obj (.text)
                  00084518    0000005e     F2837xD_CpuTimers.obj (.text)
                  00084576    00000056     rts2800_fpu32.lib : boot28.asm.obj (.text)
                  000845cc    0000002a                       : l_div28.asm.obj (.text)
                  000845f6    00000029                       : exit.c.obj (.text)
                  0008461f    00000028     F2837xD_PieCtrl.obj (.text)
                  00084647    00000024     rts2800_fpu32.lib : cpy_tbl.c.obj (.text)
                  0008466b    0000001d                       : memcpy.c.obj (.text)
                  00084688    00000018                       : ll_aox28.asm.obj (.text)
                  000846a0    00000012     F2837xD_PieVect.obj (.text)
                  000846b2    00000012     rts2800_fpu32.lib : args_main.c.obj (.text)
                  000846c4    00000009                       : _lock.c.obj (.text)
                  000846cd    00000008     F2837xD_CodeStartBranch.obj (.text)
                  000846d5    00000007     rts2800_fpu32.lib : memset.c.obj (.text)
                  000846dc    00000002                       : pre_init.c.obj (.text)
                  000846de    00000001     DAC_Config_F28377.obj (.text)
                  000846df    00000001     rts2800_fpu32.lib : startup.c.obj (.text)

.ebss.1    1    0000a800    000003f7     UNINITIALIZED
                  0000a800    000000c8     dCAN.obj (.ebss:_sRXCANMessageA)
                  0000a8c8    00000022     dCAN.obj (.ebss)
                  0000a8ea    00000010     dCAN_Config.obj (.ebss)
                  0000a8fa    00000006     TargetA_COMM.obj (.ebss:_maska)
                  0000a900    000000c8     dCAN.obj (.ebss:_sRXCANMessageB)
                  0000a9c8    00000018     F2837xD_CpuTimers.obj (.ebss)
                  0000a9e0    00000018     MAIN_CPU1.obj (.ebss:_ADC_Buf)
                  0000a9f8    00000008     dCAN_Config.obj (.ebss:_txbuff)
                  0000aa00    000000a0     dCAN_Config.obj (.ebss:_CAN_RXDA)
                  0000aaa0    0000000e     DSP_28377_SETUP_cpu1.obj (.ebss)
                  0000aaae    0000000c     MAIN_CPU1.obj (.ebss:_ADC_Avg)
                  0000aaba    00000006     TargetB_COMM.obj (.ebss:_maskb)
                  0000aac0    000000a0     dCAN_Config.obj (.ebss:_CAN_RXDB)
                  0000ab60    0000000c     MAIN_CPU1.obj (.ebss:_ADC_Result)
                  0000ab6c    00000006     TargetD_COMM.obj (.ebss:_maskd)
                  0000ab72    00000006     rts2800_fpu32.lib : exit.c.obj (.ebss)
                  0000ab78    00000005     TargetA_COMM.obj (.ebss)
                  0000ab7d    00000001     F2837xD_Gpio.obj (.ebss)
                  0000ab7e    00000002     Gpio_Ctrl.obj (.ebss)
                  0000ab80    00000064     TargetA_COMM.obj (.ebss:_IDA_QUE)
                  0000abe4    00000005     TargetB_COMM.obj (.ebss)
                  0000abe9    00000005     TargetD_COMM.obj (.ebss)
                  0000abee    00000004     TimeBaseSystem.obj (.ebss)
                  0000abf2    00000002     rts2800_fpu32.lib : _lock.c.obj (.ebss:__lock)
                  0000abf4    00000002                       : _lock.c.obj (.ebss:__unlock)
                  0000abf6    00000001     Target_Management.obj (.ebss)

.ebss.2    1    0000ac00    00000064     UNINITIALIZED
                  0000ac00    00000064     TargetB_COMM.obj (.ebss:_IDB_QUE)

.ebss.3    1    0000ac80    00000064     UNINITIALIZED
                  0000ac80    00000064     TargetD_COMM.obj (.ebss:_IDD_QUE)

.ebss.4    1    0000ad00    00000064     UNINITIALIZED
                  0000ad00    00000064     TargetA_COMM.obj (.ebss:_RXA_QUE)

.ebss.5    1    0000ad80    00000064     UNINITIALIZED
                  0000ad80    00000064     TargetB_COMM.obj (.ebss:_RXB_QUE)

.ebss.6    1    0000ae00    00000064     UNINITIALIZED
                  0000ae00    00000064     TargetD_COMM.obj (.ebss:_RXD_QUE)

.ebss.7    1    0000ae80    00000064     UNINITIALIZED
                  0000ae80    00000064     TargetA_COMM.obj (.ebss:_TXA_QUE)

.ebss.8    1    0000af00    00000064     UNINITIALIZED
                  0000af00    00000064     TargetB_COMM.obj (.ebss:_TXB_QUE)

.ebss.9    1    0000af80    00000064     UNINITIALIZED
                  0000af80    00000064     TargetD_COMM.obj (.ebss:_TXD_QUE)

.ebss.10   1    0000c000    0000082a     UNINITIALIZED
                  0000c000    0000082a     DataLogging.obj (.ebss)

.ebss.11   1    0000c840    00000063     UNINITIALIZED
                  0000c840    00000063     Target_Management.obj (.ebss:_SmileKey)

.ebss.12   1    0000c8c0    0000003a     UNINITIALIZED
                  0000c8c0    0000003a     MAIN_CPU1.obj (.ebss)

MODULE SUMMARY

       Module                           code    initialized data   uninitialized data
       ------                           ----    ----------------   ------------------
    .\
       MAIN_CPU1.obj                    1337    178                1550              
       DataLogging.obj                  0       20                 2090              
       DSP_28377_SETUP_cpu1.obj         225     0                  14                
       TimeBaseSystem.obj               67      0                  4                 
    +--+--------------------------------+-------+------------------+--------------------+
       Total:                           1629    198                3658              
                                                                                     
    .\Src-ADC\
       ADC_Config_F28377.obj            598     0                  0                 
    +--+--------------------------------+-------+------------------+--------------------+
       Total:                           598     0                  0                 
                                                                                     
    .\Src-CAN\
       dCAN_API.obj                     993     9                  0                 
       dCAN.obj                         377     0                  434               
       dCAN_Config.obj                  195     0                  344               
    +--+--------------------------------+-------+------------------+--------------------+
       Total:                           1565    9                  778               
                                                                                     
    .\Src-Capture\
       ECap_Config.obj                  344     0                  0                 
    +--+--------------------------------+-------+------------------+--------------------+
       Total:                           344     0                  0                 
                                                                                     
    .\Src-Comp\
       Comp_Config.obj                  133     0                  0                 
    +--+--------------------------------+-------+------------------+--------------------+
       Total:                           133     0                  0                 
                                                                                     
    .\Src-DAC\
       DAC_Config_F28377.obj            1       0                  0                 
    +--+--------------------------------+-------+------------------+--------------------+
       Total:                           1       0                  0                 
                                                                                     
    .\Src-Device_F2837x\
       F2837xD_GlobalVariableDefs.obj   0       0                  9725              
       F2837xD_DefaultISR.obj           1423    0                  0                 
       F2837xD_SysCtrl.obj              784     0                  0                 
       F2837xD_Gpio.obj                 553     0                  1                 
       F2837xD_Mcbsp.obj                507     0                  0                 
       F2837xD_PieVect.obj              18      448                0                 
       interrupt.obj                    416     0                  0                 
       F2837xD_Ipc.obj                  165     0                  0                 
       F2837xD_Ipc_Driver.obj           0       0                  136               
       F2837xD_CpuTimers.obj            94      0                  24                
       F2837xD_ECap.obj                 95      0                  0                 
       F2837xD_PieCtrl.obj              40      0                  0                 
       F2837xD_CodeStartBranch.obj      10      0                  0                 
       F2837xD_usDelay.obj              8       0                  0                 
    +--+--------------------------------+-------+------------------+--------------------+
       Total:                           4113    448                9886              
                                                                                     
    .\Src-EPWM\
       Epwm_Config.obj                  1118    0                  0                 
    +--+--------------------------------+-------+------------------+--------------------+
       Total:                           1118    0                  0                 
                                                                                     
    .\Src-GPIO\
       GPIO_2837xD.obj                  328     0                  0                 
       Gpio_Ctrl.obj                    0       0                  2                 
    +--+--------------------------------+-------+------------------+--------------------+
       Total:                           328     0                  2                 
                                                                                     
    .\Src-TargetCommu\
       TargetA_COMM.obj                 682     20                 311               
       TargetB_COMM.obj                 682     20                 311               
       TargetD_COMM.obj                 682     20                 311               
    +--+--------------------------------+-------+------------------+--------------------+
       Total:                           2046    60                 933               
                                                                                     
    .\Src-Target_Management\
       Target_Management.obj            0       0                  100               
    +--+--------------------------------+-------+------------------+--------------------+
       Total:                           0       0                  100               
                                                                                     
    C:\ti\ccs1010\ccs\tools\compiler\ti-cgt-c2000_20.2.4.LTS\lib\rts2800_fpu32.lib
       boot28.asm.obj                   86      0                  0                 
       exit.c.obj                       41      14                 6                 
       l_div28.asm.obj                  42      0                  0                 
       cpy_tbl.c.obj                    36      0                  0                 
       memcpy.c.obj                     29      0                  0                 
       ll_aox28.asm.obj                 24      0                  0                 
       _lock.c.obj                      9       10                 4                 
       args_main.c.obj                  18      0                  0                 
       memset.c.obj                     7       0                  0                 
       pre_init.c.obj                   2       0                  0                 
       startup.c.obj                    1       0                  0                 
    +--+--------------------------------+-------+------------------+--------------------+
       Total:                           295     24                 10                
                                                                                     
       Stack:                           0       0                  256               
    +--+--------------------------------+-------+------------------+--------------------+
       Grand Total:                     12170   739                15623             


GLOBAL DATA SYMBOLS: SORTED BY DATA PAGE

address     data page           name
--------    ----------------    ----
00000400      10 (00000400)     __stack

00000b00      2c (00000b00)     _AdcaResultRegs
00000b20      2c (00000b00)     _AdcbResultRegs

00000b40      2d (00000b40)     _AdccResultRegs
00000b60      2d (00000b40)     _AdcdResultRegs

00000c00      30 (00000c00)     _CpuTimer0Regs
00000c08      30 (00000c00)     _CpuTimer1Regs
00000c10      30 (00000c00)     _CpuTimer2Regs

00000ce0      33 (00000cc0)     _Cla1SoftIntRegs
00000ce0      33 (00000cc0)     _PieCtrlRegs

00000d00      34 (00000d00)     _EmuKey
00000d00      34 (00000d00)     _PieVectTable
00000d01      34 (00000d00)     _EmuBMode

00001000      40 (00001000)     _DmaRegs

00001400      50 (00001400)     _Cla1Regs

00004000     100 (00004000)     _EPwm1Regs

00004100     104 (00004100)     _EPwm2Regs

00004200     108 (00004200)     _EPwm3Regs

00004300     10c (00004300)     _EPwm4Regs

00004400     110 (00004400)     _EPwm5Regs

00004500     114 (00004500)     _EPwm6Regs

00004600     118 (00004600)     _EPwm7Regs

00004700     11c (00004700)     _EPwm8Regs

00004800     120 (00004800)     _EPwm9Regs

00004900     124 (00004900)     _EPwm10Regs

00004a00     128 (00004a00)     _EPwm11Regs

00004b00     12c (00004b00)     _EPwm12Regs

00005000     140 (00005000)     _ECap1Regs
00005020     140 (00005000)     _ECap2Regs

00005040     141 (00005040)     _ECap3Regs
00005060     141 (00005040)     _ECap4Regs

00005080     142 (00005080)     _ECap5Regs
000050a0     142 (00005080)     _ECap6Regs

00005100     144 (00005100)     _EQep1Regs

00005140     145 (00005140)     _EQep2Regs

00005180     146 (00005180)     _EQep3Regs

00005c00     170 (00005c00)     _DacaRegs
00005c10     170 (00005c00)     _DacbRegs
00005c20     170 (00005c00)     _DaccRegs

00005c80     172 (00005c80)     _Cmpss1Regs
00005ca0     172 (00005c80)     _Cmpss2Regs

00005cc0     173 (00005cc0)     _Cmpss3Regs
00005ce0     173 (00005cc0)     _Cmpss4Regs

00005d00     174 (00005d00)     _Cmpss5Regs
00005d20     174 (00005d00)     _Cmpss6Regs

00005d40     175 (00005d40)     _Cmpss7Regs
00005d60     175 (00005d40)     _Cmpss8Regs

00005e00     178 (00005e00)     _Sdfm1Regs

00005e80     17a (00005e80)     _Sdfm2Regs

00006000     180 (00006000)     _McbspaRegs

00006040     181 (00006040)     _McbspbRegs

00006100     184 (00006100)     _SpiaRegs
00006110     184 (00006100)     _SpibRegs
00006120     184 (00006100)     _SpicRegs
00006130     184 (00006100)     _SpidRegs

00006200     188 (00006200)     _UppRegs

00007000     1c0 (00007000)     _WdRegs

00007060     1c1 (00007040)     _NmiIntruptRegs
00007070     1c1 (00007040)     _XintRegs

00007200     1c8 (00007200)     _SciaRegs
00007210     1c8 (00007200)     _ScibRegs
00007220     1c8 (00007200)     _ScicRegs
00007230     1c8 (00007200)     _ScidRegs

00007300     1cc (00007300)     _I2caRegs

00007340     1cd (00007340)     _I2cbRegs

00007400     1d0 (00007400)     _AdcaRegs

00007480     1d2 (00007480)     _AdcbRegs

00007500     1d4 (00007500)     _AdccRegs

00007580     1d6 (00007580)     _AdcdRegs

00007900     1e4 (00007900)     _TrigRegs

00007980     1e6 (00007980)     _DmaClaSrcSelRegs

00007a00     1e8 (00007a00)     _EPwmXbarRegs

00007a80     1ea (00007a80)     _OutputXbarRegs

00007c00     1f0 (00007c00)     _GpioCtrlRegs

00007f00     1fc (00007f00)     _GpioDataRegs

0000a800     2a0 (0000a800)     _sRXCANMessageA

0000a8c8     2a3 (0000a8c0)     __TxSize
0000a8c9     2a3 (0000a8c0)     __RxSize
0000a8ca     2a3 (0000a8c0)     _OpCanCmd
0000a8cb     2a3 (0000a8c0)     _NewCMD
0000a8cc     2a3 (0000a8c0)     _CANCommCnt
0000a8cd     2a3 (0000a8c0)     _CanLive
0000a8ce     2a3 (0000a8c0)     _errorFlag
0000a8cf     2a3 (0000a8c0)     _Testval
0000a8d0     2a3 (0000a8c0)     _rxCnt
0000a8d1     2a3 (0000a8c0)     _CAN_Statview
0000a8d2     2a3 (0000a8c0)     _CAN_errview
0000a8d4     2a3 (0000a8c0)     _MsgAddr
0000a8d6     2a3 (0000a8c0)     _sTXCANMessageA
0000a8e0     2a3 (0000a8c0)     _sTXCANMessageB
0000a8ea     2a3 (0000a8c0)     _CAN_TXDA
0000a8f2     2a3 (0000a8c0)     _CAN_TXDB
0000a8fa     2a3 (0000a8c0)     _maska

0000a900     2a4 (0000a900)     _sRXCANMessageB

0000a9c8     2a7 (0000a9c0)     _CpuTimer0
0000a9d0     2a7 (0000a9c0)     _CpuTimer1
0000a9d8     2a7 (0000a9c0)     _CpuTimer2
0000a9e0     2a7 (0000a9c0)     _ADC_Buf
0000a9f8     2a7 (0000a9c0)     _txbuff

0000aa00     2a8 (0000aa00)     _CAN_RXDA

0000aaa0     2aa (0000aa80)     _g_sIpcController1
0000aaae     2aa (0000aa80)     _ADC_Avg
0000aaba     2aa (0000aa80)     _maskb

0000aac0     2ab (0000aac0)     _CAN_RXDB

0000ab60     2ad (0000ab40)     _ADC_Result
0000ab6c     2ad (0000ab40)     _maskd
0000ab72     2ad (0000ab40)     ___TI_enable_exit_profile_output
0000ab74     2ad (0000ab40)     ___TI_cleanup_ptr
0000ab76     2ad (0000ab40)     ___TI_dtors_ptr
0000ab78     2ad (0000ab40)     _txa_flag
0000ab79     2ad (0000ab40)     _txa_start
0000ab7a     2ad (0000ab40)     _txa_end
0000ab7b     2ad (0000ab40)     _rxa_end
0000ab7c     2ad (0000ab40)     _rxa_start
0000ab7e     2ad (0000ab40)     _GPtest

0000ab80     2ae (0000ab80)     _IDA_QUE

0000abe4     2af (0000abc0)     _txb_flag
0000abe5     2af (0000abc0)     _txb_start
0000abe6     2af (0000abc0)     _txb_end
0000abe7     2af (0000abc0)     _rxb_end
0000abe8     2af (0000abc0)     _rxb_start
0000abe9     2af (0000abc0)     _txd_flag
0000abea     2af (0000abc0)     _txd_start
0000abeb     2af (0000abc0)     _txd_end
0000abec     2af (0000abc0)     _rxd_end
0000abed     2af (0000abc0)     _rxd_start
0000abee     2af (0000abc0)     _CpuTimeCnt
0000abef     2af (0000abc0)     _Tic10ms
0000abf0     2af (0000abc0)     _Tic100ms
0000abf1     2af (0000abc0)     _TicControl
0000abf2     2af (0000abc0)     __lock
0000abf4     2af (0000abc0)     __unlock
0000abf6     2af (0000abc0)     _AutoCal_Step

0000ac00     2b0 (0000ac00)     _IDB_QUE

0000ac80     2b2 (0000ac80)     _IDD_QUE

0000ad00     2b4 (0000ad00)     _RXA_QUE

0000ad80     2b6 (0000ad80)     _RXB_QUE

0000ae00     2b8 (0000ae00)     _RXD_QUE

0000ae80     2ba (0000ae80)     _TXA_QUE

0000af00     2bc (0000af00)     _TXB_QUE

0000af80     2be (0000af80)     _TXD_QUE

0000c000     300 (0000c000)     _dlog_status
0000c001     300 (0000c000)     _old_dlog_status
0000c002     300 (0000c000)     _timer_tick
0000c003     300 (0000c000)     _timer_sec
0000c004     300 (0000c000)     _timer_min
0000c005     300 (0000c000)     _flog_update
0000c006     300 (0000c000)     _block_num
0000c007     300 (0000c000)     _feedback_data_count
0000c008     300 (0000c000)     _fdata_load_end
0000c009     300 (0000c000)     _Flog_trigger

0000c040     301 (0000c040)     _logFeedback

0000c240     309 (0000c240)     _load_buffer

0000c440     311 (0000c440)     _logData

0000c840     321 (0000c840)     _SmileKey

0000c8c0     323 (0000c8c0)     _wReturn
0000c8c1     323 (0000c8c0)     _Thermo
0000c8c2     323 (0000c8c0)     _RTC_Sec
0000c8c3     323 (0000c8c0)     _RTC_Min
0000c8c4     323 (0000c8c0)     _RTC_Hour
0000c8c5     323 (0000c8c0)     _RTC_Day
0000c8c6     323 (0000c8c0)     _RTC_Date
0000c8c7     323 (0000c8c0)     _RTC_Month
0000c8c8     323 (0000c8c0)     _RTC_Year
0000c8c9     323 (0000c8c0)     _SET_SS
0000c8ca     323 (0000c8c0)     _SET_MM
0000c8cb     323 (0000c8c0)     _SET_HH
0000c8cc     323 (0000c8c0)     _SET_DY
0000c8cd     323 (0000c8c0)     _SET_DD
0000c8ce     323 (0000c8c0)     _SET_MN
0000c8cf     323 (0000c8c0)     _SET_YY
0000c8d0     323 (0000c8c0)     _SET_RTC
0000c8d1     323 (0000c8c0)     _count_100msec
0000c8d2     323 (0000c8c0)     _count_10msec
0000c8d3     323 (0000c8c0)     _count_periodic
0000c8d4     323 (0000c8c0)     _TIMER_SEC
0000c8d5     323 (0000c8c0)     _TIMER_MIN
0000c8d6     323 (0000c8c0)     _TIMER_HOUR
0000c8d7     323 (0000c8c0)     _flag_LCD_alive
0000c8d8     323 (0000c8c0)     _A_upload_flag
0000c8d9     323 (0000c8c0)     _A_upload_count
0000c8da     323 (0000c8c0)     _B_upload_flag
0000c8db     323 (0000c8c0)     _B_upload_count
0000c8dc     323 (0000c8c0)     _D_upload_flag
0000c8dd     323 (0000c8c0)     _D_upload_count
0000c8de     323 (0000c8c0)     _cnt_waitsaveend
0000c8df     323 (0000c8c0)     _model
0000c8e0     323 (0000c8c0)     _system_status
0000c8e1     323 (0000c8c0)     _warning_status
0000c8e2     323 (0000c8c0)     _reset_flag
0000c8e3     323 (0000c8c0)     _adc_count
0000c8e4     323 (0000c8c0)     _dlog_tx_index
0000c8e5     323 (0000c8c0)     _flog_tx_index
0000c8e6     323 (0000c8c0)     _dlog_index
0000c8e7     323 (0000c8c0)     _flog_index
0000c8e8     323 (0000c8c0)     _block_addr
0000c8e9     323 (0000c8c0)     _dlog_tx_flag
0000c8ea     323 (0000c8c0)     _stop_comm
0000c8eb     323 (0000c8c0)     _flog_tx_flag
0000c8ec     323 (0000c8c0)     _BootFlag
0000c8ed     323 (0000c8c0)     _bootcnt
0000c8ee     323 (0000c8c0)     _delay_cnt
0000c8ef     323 (0000c8c0)     _reset_delay_cnt
0000c8f0     323 (0000c8c0)     _flag_set_save1
0000c8f2     323 (0000c8c0)     _flag_set_save2
0000c8f4     323 (0000c8c0)     _flag_time_save
0000c8f6     323 (0000c8c0)     _Old_fault_status
0000c8f8     323 (0000c8c0)     _present_status

0000e000     380 (0000e000)     _C12

00010000     400 (00010000)     _C21

0003f800     fe0 (0003f800)     _g_asIPCCPU2toCPU1Buffers

0003f880     fe2 (0003f880)     _g_usGetWriteIndexes
0003f884     fe2 (0003f880)     _g_usPutReadIndexes

0003fc00     ff0 (0003fc00)     _g_asIPCCPU1toCPU2Buffers

0003fc80     ff2 (0003fc80)     _g_usPutWriteIndexes
0003fc84     ff2 (0003fc80)     _g_usGetReadIndexes

00047000    11c0 (00047000)     _Emif1Regs

00047800    11e0 (00047800)     _Emif2Regs

00048000    1200 (00048000)     _DcanaRegs

0004a000    1280 (0004a000)     _DcanbRegs

00050000    1400 (00050000)     _IpcRegs

0005d000    1740 (0005d000)     _DevCfgRegs

0005d180    1746 (0005d180)     _AnalogSubsysRegs

0005d200    1748 (0005d200)     _ClkCfgRegs

0005d300    174c (0005d300)     _CpuSysRegs

0005e000    1780 (0005e000)     _HwbistRegs

0005e200    1788 (0005e200)     _PbistRegs

0005e608    1798 (0005e600)     _RomPrefetchRegs

0005f000    17c0 (0005f000)     _DcsmZ1Regs

0005f040    17c1 (0005f040)     _DcsmZ2Regs
0005f070    17c1 (0005f040)     _DcsmCommonRegs

0005f400    17d0 (0005f400)     _MemCfgRegs

0005f480    17d2 (0005f480)     _Emif1ConfigRegs
0005f4a0    17d2 (0005f480)     _Emif2ConfigRegs

0005f4c0    17d3 (0005f4c0)     _AccessProtectionRegs

0005f500    17d4 (0005f500)     _MemoryErrorRegs

0005f540    17d5 (0005f540)     _RomWaitStateRegs

0005f800    17e0 (0005f800)     _FlashCtrlRegs

0005fb00    17ec (0005fb00)     _FlashEccRegs

00078800    1e20 (00078800)     _DcsmZ1Otp

00078900    1e24 (00078900)     _DcsmZ2Otp

00090000    2400 (00090000)     _PieVectTableInit

000901c0    2407 (000901c0)     _SET

0009025c    2409 (00090240)     _ADC_GAIN
00090271    2409 (00090240)     _REF_PO_GAIN


GLOBAL SYMBOLS: SORTED ALPHABETICALLY BY Name 

page  address   name                            
----  -------   ----                            
abs   ffffffff  .text                           
0     000845f6  C$$EXIT                         
0     000845cc  L$$DIV                          
0     000845db  L$$MOD                          
0     00084688  LL$$AND                         
0     00084690  LL$$OR                          
0     00084698  LL$$XOR                         
0     000845e9  UL$$DIV                         
0     000845f0  UL$$MOD                         
0     000825f9  _ADCA1_ISR                      
0     000825ef  _ADCA2_ISR                      
0     000825e5  _ADCA3_ISR                      
0     000825db  _ADCA4_ISR                      
0     000825d1  _ADCA_EVT_ISR                   
0     000825c7  _ADCB1_ISR                      
0     000825bd  _ADCB2_ISR                      
0     000825b3  _ADCB3_ISR                      
0     000825a9  _ADCB4_ISR                      
0     0008259f  _ADCB_EVT_ISR                   
0     00082595  _ADCC1_ISR                      
0     0008258b  _ADCC2_ISR                      
0     00082581  _ADCC3_ISR                      
0     00082577  _ADCC4_ISR                      
0     0008256d  _ADCC_EVT_ISR                   
0     00082563  _ADCD1_ISR                      
0     00082559  _ADCD2_ISR                      
0     0008254f  _ADCD3_ISR                      
0     00082545  _ADCD4_ISR                      
0     0008253b  _ADCD_EVT_ISR                   
1     0000aaae  _ADC_Avg                        
1     0000a9e0  _ADC_Buf                        
0     0009025c  _ADC_GAIN                       
1     0000ab60  _ADC_Result                     
0     00082531  _AUX_PLL_SLIP_ISR               
1     0000c8d9  _A_upload_count                 
1     0000c8d8  _A_upload_flag                  
1     0005f4c0  _AccessProtectionRegs           
0     0008438c  _AckIpcFlag                     
0     00008449  _AdcA_isr                       
0     000080f1  _AdcAverage                     
0     00083140  _AdcChannelSel                  
0     0008330e  _AdcInt_Cfg                     
0     00008088  _AdcRead                        
0     00083251  _AdcSnHWindow                   
0     000831e8  _AdcTrigSelect                  
1     00007400  _AdcaRegs                       
1     00000b00  _AdcaResultRegs                 
1     00007480  _AdcbRegs                       
1     00000b20  _AdcbResultRegs                 
1     00007500  _AdccRegs                       
1     00000b40  _AdccResultRegs                 
1     00007580  _AdcdRegs                       
1     00000b60  _AdcdResultRegs                 
1     0005d180  _AnalogSubsysRegs               
0     000841a8  _Array2WordCAN                  
1     0000abf6  _AutoCal_Step                   
0     0008396c  _Auto_save                      
0     00082ffe  _AuxAuxClkSel                   
0     00083019  _AuxIntOsc2Sel                  
0     00083008  _AuxXtalOscSel                  
1     0000c8db  _B_upload_count                 
1     0000c8da  _B_upload_flag                  
1     0000c8ec  _BootFlag                       
0     00084000  _BootingCPU2                    
1     0000e000  _C12                            
1     00010000  _C21                            
0     00082dd3  _CANBitRateSet                  
0     00082db5  _CANBitTimingGet                
0     00082d90  _CANBitTimingSet                
0     00082d6d  _CANClkSourceSelect             
1     0000a8cc  _CANCommCnt                     
0     00082d68  _CANDisable                     
0     00082d62  _CANEnable                      
0     00082d4e  _CANErrCntrGet                  
0     00082d47  _CANGlobalIntClear              
0     00082d40  _CANGlobalIntDisable            
0     00082d37  _CANGlobalIntEnable             
0     00082d2c  _CANGlobalIntstatusGet          
0     00082ccb  _CANInit                        
0     00082caa  _CANIntClear                    
0     00082ca4  _CANIntDisable                  
0     00082c9f  _CANIntEnable                   
0     00082c91  _CANIntRegister                 
0     00082c83  _CANIntStatus                   
0     00082c78  _CANIntUnregister               
0     00082c4b  _CANMessageClear                
0     00082b95  _CANMessageGet                  
0     00082aa9  _CANMessageSet                  
0     00082a93  _CANRetryGet                    
0     00082a84  _CANRetrySet                    
0     00082a6d  _CANStatusGet                   
0     000841a4  _CAN_COMM_RECOVERY              
1     0000aa00  _CAN_RXDA                       
1     0000aac0  _CAN_RXDB                       
1     0000a8d1  _CAN_Statview                   
1     0000a8ea  _CAN_TXDA                       
1     0000a8f2  _CAN_TXDB                       
0     00082a61  _CAN_enableTestMode             
1     0000a8d2  _CAN_errview                    
0     00082527  _CLA1_1_ISR                     
0     0008251d  _CLA1_2_ISR                     
0     00082513  _CLA1_3_ISR                     
0     00082509  _CLA1_4_ISR                     
0     000824ff  _CLA1_5_ISR                     
0     000824f5  _CLA1_6_ISR                     
0     000824eb  _CLA1_7_ISR                     
0     000824e1  _CLA1_8_ISR                     
0     000824d7  _CLA_OVERFLOW_ISR               
0     000824cd  _CLA_UNDERFLOW_ISR              
1     0000a8cd  _CanLive                        
0     000843bb  _CancelIpcFlag                  
0     0000830c  _ChangeSetValue                 
0     00008239  _ChangeSetValueA                
0     000083df  _ChangeSetValueD                
0     00083cfa  _CheckMessageA                  
0     00083dfe  _CheckMessageB                  
0     00083f02  _CheckMessageD                  
0     00083893  _Check_Model                    
1     00001400  _Cla1Regs                       
0     00000ce0  _Cla1SoftIntRegs                
1     0005d200  _ClkCfgRegs                     
1     00005c80  _Cmpss1Regs                     
1     00005ca0  _Cmpss2Regs                     
1     00005cc0  _Cmpss3Regs                     
1     00005ce0  _Cmpss4Regs                     
1     00005d00  _Cmpss5Regs                     
1     00005d20  _Cmpss6Regs                     
1     00005d40  _Cmpss7Regs                     
1     00005d60  _Cmpss8Regs                     
0     00084557  _ConfigCpuTimer                 
0     0008421f  _Config_CAN                     
0     000841ac  _Config_CAN_A                   
0     000841e5  _Config_CAN_B                   
0     000830fa  _ConfigureADC                   
1     0005d300  _CpuSysRegs                     
1     0000abee  _CpuTimeCnt                     
1     0000a9c8  _CpuTimer0                      
1     00000c00  _CpuTimer0Regs                  
1     0000a9d0  _CpuTimer1                      
1     00000c08  _CpuTimer1Regs                  
1     0000a9d8  _CpuTimer2                      
1     00000c10  _CpuTimer2Regs                  
0     000830d9  _CsmUnlock                      
0     000824c3  _DATALOG_ISR                    
0     000824b9  _DCANA_1_ISR                    
0     000824af  _DCANA_2_ISR                    
0     000824a5  _DCANB_1_ISR                    
0     0008249b  _DCANB_2_ISR                    
0     00082491  _DMA_CH1_ISR                    
0     00082487  _DMA_CH2_ISR                    
0     0008247d  _DMA_CH3_ISR                    
0     00082473  _DMA_CH4_ISR                    
0     00082469  _DMA_CH5_ISR                    
0     0008245f  _DMA_CH6_ISR                    
1     0000c8dd  _D_upload_count                 
1     0000c8dc  _D_upload_flag                  
1     00005c00  _DacaRegs                       
1     00005c10  _DacbRegs                       
1     00005c20  _DaccRegs                       
1     00048000  _DcanaRegs                      
1     0004a000  _DcanbRegs                      
1     0005f070  _DcsmCommonRegs                 
1     00078800  _DcsmZ1Otp                      
1     0005f000  _DcsmZ1Regs                     
1     00078900  _DcsmZ2Otp                      
1     0005f040  _DcsmZ2Regs                     
1     0005d000  _DevCfgRegs                     
0     00082f1c  _DisableDog                     
1     00007980  _DmaClaSrcSelRegs               
1     00001000  _DmaRegs                        
0     00082455  _ECAP1_ISR                      
0     0008244b  _ECAP2_ISR                      
0     00082441  _ECAP3_ISR                      
0     00082437  _ECAP4_ISR                      
0     0008242d  _ECAP5_ISR                      
0     00082423  _ECAP6_ISR                      
0     00083a09  _ECap1Cfg                       
1     00005000  _ECap1Regs                      
0     00083a46  _ECap2Cfg                       
1     00005020  _ECap2Regs                      
0     00083b1c  _ECap3Cfg                       
1     00005040  _ECap3Regs                      
0     00083af4  _ECap4Cfg                       
1     00005060  _ECap4Regs                      
0     00083abf  _ECap5Cfg                       
1     00005080  _ECap5Regs                      
0     00083a8e  _ECap6Cfg                       
1     000050a0  _ECap6Regs                      
0     000838c7  _EEP_RW                         
0     00082419  _EMIF_ERROR_ISR                 
0     0008240c  _EMPTY_ISR                      
0     00082402  _EMU_ISR                        
0     000823f8  _EPWM10_ISR                     
0     000823ee  _EPWM10_TZ_ISR                  
0     000823e4  _EPWM11_ISR                     
0     000823da  _EPWM11_TZ_ISR                  
0     000823d0  _EPWM12_ISR                     
0     000823c6  _EPWM12_TZ_ISR                  
0     000823bc  _EPWM1_ISR                      
0     000823b2  _EPWM1_TZ_ISR                   
0     000823a8  _EPWM2_ISR                      
0     0008239e  _EPWM2_TZ_ISR                   
0     00082394  _EPWM3_ISR                      
0     0008238a  _EPWM3_TZ_ISR                   
0     00082380  _EPWM4_ISR                      
0     00082376  _EPWM4_TZ_ISR                   
0     0008236c  _EPWM5_ISR                      
0     00082362  _EPWM5_TZ_ISR                   
0     00082358  _EPWM6_ISR                      
0     0008234e  _EPWM6_TZ_ISR                   
0     00082344  _EPWM7_ISR                      
0     0008233a  _EPWM7_TZ_ISR                   
0     00082330  _EPWM8_ISR                      
0     00082326  _EPWM8_TZ_ISR                   
0     0008231c  _EPWM9_ISR                      
0     00082312  _EPWM9_TZ_ISR                   
1     00004900  _EPwm10Regs                     
1     00004a00  _EPwm11Regs                     
1     00004b00  _EPwm12Regs                     
1     00004000  _EPwm1Regs                      
1     00004100  _EPwm2Regs                      
1     00004200  _EPwm3Regs                      
1     00004300  _EPwm4Regs                      
1     00004400  _EPwm5Regs                      
1     00004500  _EPwm6Regs                      
1     00004600  _EPwm7Regs                      
1     00004700  _EPwm8Regs                      
1     00004800  _EPwm9Regs                      
1     00007a00  _EPwmXbarRegs                   
0     00082308  _EQEP1_ISR                      
0     000822fe  _EQEP2_ISR                      
0     000822f4  _EQEP3_ISR                      
1     00005100  _EQep1Regs                      
1     00005140  _EQep2Regs                      
1     00005180  _EQep3Regs                      
1     0005f480  _Emif1ConfigRegs                
1     00047000  _Emif1Regs                      
1     0005f4a0  _Emif2ConfigRegs                
1     00047800  _Emif2Regs                      
1     00000d01  _EmuBMode                       
1     00000d00  _EmuKey                         
0     0008463e  _EnableInterrupts               
0     00082a13  _EpwmIntCfg                     
0     000832d3  _EpwmSoc_Cfg                    
0     0000848a  _F28x_usDelay                   
0     000822ea  _FLASH_CORRECTABLE_ERROR_ISR    
0     000822e0  _FPU_OVERFLOW_ISR               
0     000822d6  _FPU_UNDERFLOW_ISR              
0     000843b2  _FillIpcSendData                
1     0005f800  _FlashCtrlRegs                  
1     0005fb00  _FlashEccRegs                   
1     0000c009  _Flog_trigger                   
0     000836ee  _GPIO_ReadPin                   
0     00083b5a  _GPIO_SETTING                   
0     000836b2  _GPIO_SelectIpcInt              
0     00083691  _GPIO_SetupLock                 
0     0008363c  _GPIO_SetupPinMux               
0     000835bf  _GPIO_SetupPinOptions           
0     000835b8  _GPIO_SetupXINT1Gpio            
0     000835b1  _GPIO_SetupXINT2Gpio            
0     000835aa  _GPIO_SetupXINT3Gpio            
0     000835a3  _GPIO_SetupXINT4Gpio            
0     0008359c  _GPIO_SetupXINT5Gpio            
0     00083582  _GPIO_WritePin                  
1     0000ab7e  _GPtest                         
1     00007c00  _GpioCtrlRegs                   
1     00007f00  _GpioDataRegs                   
0     000830c9  _HALT                           
0     000830bb  _HIB                            
1     0005e000  _HwbistRegs                     
0     000822cc  _I2CA_FIFO_ISR                  
0     000822c2  _I2CA_ISR                       
0     00084001  _I2CA_Init                      
0     000822b8  _I2CB_FIFO_ISR                  
0     000822ae  _I2CB_ISR                       
1     00007300  _I2caRegs                       
1     00007340  _I2cbRegs                       
1     0000ab80  _IDA_QUE                        
1     0000ac00  _IDB_QUE                        
1     0000ac80  _IDD_QUE                        
0     000830b2  _IDLE                           
0     000822a4  _ILLEGAL_ISR                    
0     0008229a  _IPC1_ISR                       
0     00082290  _IPC2_ISR                       
0     00082286  _IPC3_ISR                       
0     0008227c  _IPC4_ISR                       
0     0008353d  _IniMcbspb12bit                 
0     000844e4  _InitAPwm1Gpio                  
0     00083026  _InitAuxPll                     
0     000843d0  _InitCMPSS                      
0     000846de  _InitCfgDAC                     
0     00083fdc  _InitCpuTimer                   
0     00084518  _InitCpuTimers                  
0     000840d9  _InitDog                        
0     00084512  _InitECap                       
0     000844dd  _InitECap1Gpio                  
0     000844d6  _InitECap2Gpio                  
0     000844cf  _InitECap3Gpio                  
0     000844c8  _InitECap4Gpio                  
0     000844c1  _InitECap5Gpio                  
0     000844ba  _InitECap6Gpio                  
0     00083a02  _InitECapGPIO                   
0     000844b9  _InitECapGpio                   
0     00083a83  _InitECapture                   
0     00082603  _InitEPwm_ClockDivide           
0     00082772  _InitEPwm_OutModeSel            
0     00082900  _InitEPwm_Regs                  
0     000826af  _InitEPwm_ShadowRegs            
0     0008264c  _InitEPwm_SyncSel               
0     0000845e  _InitFlash                      
0     0008354b  _InitGpio                       
0     000843a0  _InitIpc                        
0     000834f0  _InitMcbspa                     
0     000834e2  _InitMcbspa12bit                
0     000834d4  _InitMcbspa16bit                
0     000834c6  _InitMcbspa20bit                
0     000834b8  _InitMcbspa24bit                
0     000834aa  _InitMcbspa32bit                
0     000834a0  _InitMcbspa8bit                 
0     00083473  _InitMcbspaGpio                 
0     0008345e  _InitMcbspaInt                  
0     0008341c  _InitMcbspb                     
0     0008340e  _InitMcbspb16bit                
0     00083400  _InitMcbspb20bit                
0     000833f2  _InitMcbspb24bit                
0     000833e4  _InitMcbspb32bit                
0     000833da  _InitMcbspb8bit                 
0     00083389  _InitMcbspbGpio                 
0     00083374  _InitMcbspbInt                  
0     00082f29  _InitPeripheralClocks           
0     0008461f  _InitPieCtrl                    
0     000846a0  _InitPieVectTable               
0     00082fd2  _InitSysCtrl                    
0     00082e83  _InitSysPll                     
0     0008419d  _Init_CAN_VAR                   
0     00084224  _InitializeCAN                  
0     0008333a  _Initialize_ADC                 
0     00082a42  _Initialize_Epwm                
0     00083ff1  _IntDefaultHandler              
0     00083823  _IntDisable                     
0     000837b0  _IntEnable                      
0     00083736  _IntIFRClear                    
0     00083731  _IntMasterDisable               
0     0008372c  _IntMasterEnable                
0     00083718  _IntRegister                    
0     00083702  _IntUnregister                  
0     000843c2  _InternalCompRef                
1     00050000  _IpcRegs                        
0     00084393  _IpcSync                        
0     00082272  _MCBSPA_RX_ISR                  
0     00082268  _MCBSPA_TX_ISR                  
0     0008225e  _MCBSPB_RX_ISR                  
0     00082254  _MCBSPB_TX_ISR                  
0     000081f8  _MakePktA                       
0     000082cb  _MakePktB                       
0     0000839e  _MakePktD                       
1     00006000  _McbspaRegs                     
1     00006040  _McbspbRegs                     
1     0005f400  _MemCfgRegs                     
1     0005f500  _MemoryErrorRegs                
0     00083e9d  _Message_send_end               
0     00083d99  _Message_send_endA              
0     00083fa1  _Message_send_endD              
1     0000a8d4  _MsgAddr                        
0     0008224a  _NMI_ISR                        
0     00082240  _NOTUSED_ISR                    
1     0000a8cb  _NewCMD                         
1     00007060  _NmiIntruptRegs                 
1     0000c8f6  _Old_fault_status               
1     0000a8ca  _OpCanCmd                       
1     00007a80  _OutputXbarRegs                 
0     00082236  _PBIST_ISR                      
0     0008222c  _PIE_RESERVED_ISR               
1     0005e200  _PbistRegs                      
0     00083fd2  _Period_100ms                   
0     00083fc8  _Period_10ms                    
0     00083fbe  _Period_Control                 
0     00083fae  _Period_CpuTimer                
1     00000ce0  _PieCtrlRegs                    
1     00000d00  _PieVectTable                   
0     00090000  _PieVectTableInit               
0     00082222  _RAM_ACCESS_VIOLATION_ISR       
0     00082218  _RAM_CORRECTABLE_ERROR_ISR      
0     00090271  _REF_PO_GAIN                    
0     00083e8c  _RS232_Comm_check               
0     00083d88  _RS232_Comm_checkA              
0     00083f90  _RS232_Comm_checkD              
0     00008151  _RTCReadTemp                    
1     0000c8c6  _RTC_Date                       
1     0000c8c5  _RTC_Day                        
1     0000c8c4  _RTC_Hour                       
1     0000c8c3  _RTC_Min                        
1     0000c8c7  _RTC_Month                      
1     0000c8c2  _RTC_Sec                        
1     0000c8c8  _RTC_Year                       
0     0008220e  _RTOS_ISR                       
0     000839f9  _RUN                            
1     0000ad00  _RXA_QUE                        
1     0000ad80  _RXB_QUE                        
1     0000ae00  _RXD_QUE                        
0     0008648e  _RamfuncsLoadEnd                
abs   0000048e  _RamfuncsLoadSize               
0     00086000  _RamfuncsLoadStart              
0     0000848e  _RamfuncsRunEnd                 
abs   0000048e  _RamfuncsRunSize                
0     00008000  _RamfuncsRunStart               
0     0008437c  _ReadIpcTimer                   
0     000840e1  _RecieveCAN_A                   
0     00084182  _RecieveCAN_B                   
0     00084370  _RecvIpcData                    
0     00084366  _ReleaseFlashPump               
0     00083917  _ResetService                   
1     0005e608  _RomPrefetchRegs                
1     0005f540  _RomWaitStateRegs               
0     00083cc3  _SCIA_INIT_VAL                  
0     00082204  _SCIA_RX_ISR                    
0     000821fa  _SCIA_TX_ISR                    
0     00083dc7  _SCIB_INIT_VAL                  
0     000821f0  _SCIB_RX_ISR                    
0     000821e6  _SCIB_TX_ISR                    
0     000821dc  _SCIC_RX_ISR                    
0     000821d2  _SCIC_TX_ISR                    
0     00083ecb  _SCID_INIT_VAL                  
0     000821c8  _SCID_RX_ISR                    
0     000821be  _SCID_TX_ISR                    
0     000821b4  _SD1_ISR                        
0     000821aa  _SD2_ISR                        
0     000901c0  _SET                            
1     0000c8cd  _SET_DD                         
1     0000c8cc  _SET_DY                         
1     0000c8cb  _SET_HH                         
1     0000c8ca  _SET_MM                         
1     0000c8ce  _SET_MN                         
1     0000c8d0  _SET_RTC                        
1     0000c8c9  _SET_SS                         
1     0000c8cf  _SET_YY                         
0     000821a0  _SPIA_RX_ISR                    
0     00082196  _SPIA_TX_ISR                    
0     0008218c  _SPIB_RX_ISR                    
0     00082182  _SPIB_TX_ISR                    
0     00082178  _SPIC_RX_ISR                    
0     0008216e  _SPIC_TX_ISR                    
0     00082e78  _STANDBY                        
0     000838ba  _STOP                           
0     00082164  _SYS_PLL_SLIP_ISR               
1     00007200  _SciaRegs                       
1     00007210  _ScibRegs                       
1     00007220  _ScicRegs                       
1     00007230  _ScidRegs                       
1     00005e00  _Sdfm1Regs                      
1     00005e80  _Sdfm2Regs                      
0     00084357  _SeizeFlashPump                 
0     00084348  _SendIpcCommand                 
0     00084334  _SendIpcData                    
0     0008432d  _SendIpcFlag                    
0     00082e6a  _ServiceDog                     
0     00084151  _SetValueLimiter                
1     0000c840  _SmileKey                       
1     00006100  _SpiaRegs                       
1     00006110  _SpibRegs                       
1     00006120  _SpicRegs                       
1     00006130  _SpidRegs                       
0     00082e5c  _SysIntOsc1Sel                  
0     00082e50  _SysIntOsc2Sel                  
0     00082e42  _SysXtalOscSel                  
0     00084014  _Sys_init28377                  
0     0008215a  _TIMER0_ISR                     
0     00082150  _TIMER1_ISR                     
0     00082146  _TIMER2_ISR                     
1     0000c8d6  _TIMER_HOUR                     
1     0000c8d5  _TIMER_MIN                      
1     0000c8d4  _TIMER_SEC                      
1     0000ae80  _TXA_QUE                        
1     0000af00  _TXB_QUE                        
1     0000af80  _TXD_QUE                        
1     0000a8cf  _Testval                        
1     0000c8c1  _Thermo                         
1     0000abf0  _Tic100ms                       
1     0000abef  _Tic10ms                        
1     0000abf1  _TicControl                     
0     00084129  _TransmitCAN_A                  
0     00084101  _TransmitCAN_B                  
1     00007900  _TrigRegs                       
0     0008213c  _UPPA_ISR                       
0     00082132  _USBA_ISR                       
0     00082128  _USER10_ISR                     
0     0008211e  _USER11_ISR                     
0     00082114  _USER12_ISR                     
0     0008210a  _USER1_ISR                      
0     00082100  _USER2_ISR                      
0     000820f6  _USER3_ISR                      
0     000820ec  _USER4_ISR                      
0     000820e2  _USER5_ISR                      
0     000820d8  _USER6_ISR                      
0     000820ce  _USER7_ISR                      
0     000820c4  _USER8_ISR                      
0     000820ba  _USER9_ISR                      
1     00006200  _UppRegs                        
0     000820b0  _VCU_ISR                        
0     000820a6  _WAKE_ISR                       
0     00084325  _WaitForIpcAck                  
[...]
0     0008330e  _AdcInt_Cfg                     
0     0008333a  _Initialize_ADC                 
0     00083350  _delay_loop                     
0     00083362  _clkg_delay_loop                
0     00083374  _InitMcbspbInt                  
0     00083389  _InitMcbspbGpio                 
0     000833da  _InitMcbspb8bit                 
0     000833e4  _InitMcbspb32bit                
0     000833f2  _InitMcbspb24bit                
0     00083400  _InitMcbspb20bit                
0     0008340e  _InitMcbspb16bit                
0     0008341c  _InitMcbspb                     
0     0008345e  _InitMcbspaInt                  
0     00083473  _InitMcbspaGpio                 
0     000834a0  _InitMcbspa8bit                 
0     000834aa  _InitMcbspa32bit                
0     000834b8  _InitMcbspa24bit                
0     000834c6  _InitMcbspa20bit                
0     000834d4  _InitMcbspa16bit                
0     000834e2  _InitMcbspa12bit                
0     000834f0  _InitMcbspa                     
0     0008353d  _IniMcbspb12bit                 
0     0008354b  _InitGpio                       
0     00083582  _GPIO_WritePin                  
0     0008359c  _GPIO_SetupXINT5Gpio            
0     000835a3  _GPIO_SetupXINT4Gpio            
0     000835aa  _GPIO_SetupXINT3Gpio            
0     000835b1  _GPIO_SetupXINT2Gpio            
0     000835b8  _GPIO_SetupXINT1Gpio            
0     000835bf  _GPIO_SetupPinOptions           
0     0008363c  _GPIO_SetupPinMux               
0     00083691  _GPIO_SetupLock                 
0     000836b2  _GPIO_SelectIpcInt              
0     000836ee  _GPIO_ReadPin                   
0     00083702  _IntUnregister                  
0     00083718  _IntRegister                    
0     0008372c  _IntMasterEnable                
0     00083731  _IntMasterDisable               
0     00083736  _IntIFRClear                    
0     000837b0  _IntEnable                      
0     00083823  _IntDisable                     
0     00083893  _Check_Model                    
0     000838ba  _STOP                           
0     000838c7  _EEP_RW                         
0     00083917  _ResetService                   
0     0008396c  _Auto_save                      
0     000839d9  _main                           
0     000839f9  _RUN                            
0     00083a02  _InitECapGPIO                   
0     00083a09  _ECap1Cfg                       
0     00083a46  _ECap2Cfg                       
0     00083a83  _InitECapture                   
0     00083a8e  _ECap6Cfg                       
0     00083abf  _ECap5Cfg                       
0     00083af4  _ECap4Cfg                       
0     00083b1c  _ECap3Cfg                       
0     00083b5a  _GPIO_SETTING                   
0     00083ca2  _scia_fifo_init                 
0     00083cc3  _SCIA_INIT_VAL                  
0     00083cfa  _CheckMessageA                  
0     00083d88  _RS232_Comm_checkA              
0     00083d99  _Message_send_endA              
0     00083da6  _scib_fifo_init                 
0     00083dc7  _SCIB_INIT_VAL                  
0     00083dfe  _CheckMessageB                  
0     00083e8c  _RS232_Comm_check               
0     00083e9d  _Message_send_end               
0     00083eaa  _scid_fifo_init                 
0     00083ecb  _SCID_INIT_VAL                  
0     00083f02  _CheckMessageD                  
0     00083f90  _RS232_Comm_checkD              
0     00083fa1  _Message_send_endD              
0     00083fae  _Period_CpuTimer                
0     00083fbe  _Period_Control                 
0     00083fc8  _Period_10ms                    
0     00083fd2  _Period_100ms                   
0     00083fdc  _InitCpuTimer                   
0     00083ff1  _IntDefaultHandler              
0     00084000  _BootingCPU2                    
0     00084001  _I2CA_Init                      
0     00084014  _Sys_init28377                  
0     000840d9  _InitDog                        
0     000840e1  _RecieveCAN_A                   
0     000840fc  _Word2ArrayCAN                  
0     00084101  _TransmitCAN_B                  
0     00084129  _TransmitCAN_A                  
0     00084151  _SetValueLimiter                
0     00084182  _RecieveCAN_B                   
0     0008419d  _Init_CAN_VAR                   
0     000841a4  _CAN_COMM_RECOVERY              
0     000841a8  _Array2WordCAN                  
0     000841ac  _Config_CAN_A                   
0     000841e5  _Config_CAN_B                   
0     0008421f  _Config_CAN                     
0     00084224  _InitializeCAN                  
0     0008426f  _dCANB_isr                      
0     000842a7  _dCANA_isr                      
0     0008431d  _WaitForIpcFlag                 
0     00084325  _WaitForIpcAck                  
0     0008432d  _SendIpcFlag                    
0     00084334  _SendIpcData                    
0     00084348  _SendIpcCommand                 
0     00084357  _SeizeFlashPump                 
0     00084366  _ReleaseFlashPump               
0     00084370  _RecvIpcData                    
0     0008437c  _ReadIpcTimer                   
0     0008438c  _AckIpcFlag                     
0     00084393  _IpcSync                        
0     000843a0  _InitIpc                        
0     000843b2  _FillIpcSendData                
0     000843bb  _CancelIpcFlag                  
0     000843c2  _InternalCompRef                
0     000843d0  _InitCMPSS                      
0     000844b9  _InitECapGpio                   
0     000844ba  _InitECap6Gpio                  
0     000844c1  _InitECap5Gpio                  
0     000844c8  _InitECap4Gpio                  
0     000844cf  _InitECap3Gpio                  
0     000844d6  _InitECap2Gpio                  
0     000844dd  _InitECap1Gpio                  
0     000844e4  _InitAPwm1Gpio                  
0     00084512  _InitECap                       
0     00084518  _InitCpuTimers                  
0     00084557  _ConfigCpuTimer                 
0     00084576  _c_int00                        
0     000845cc  L$$DIV                          
0     000845db  L$$MOD                          
0     000845e9  UL$$DIV                         
0     000845f0  UL$$MOD                         
0     000845f6  C$$EXIT                         
0     000845f6  _abort                          
0     000845f8  _exit                           
0     0008461f  _InitPieCtrl                    
0     0008463e  _EnableInterrupts               
0     00084647  _copy_in                        
0     0008466b  _memcpy                         
0     00084688  LL$$AND                         
0     00084690  LL$$OR                          
0     00084698  LL$$XOR                         
0     000846a0  _InitPieVectTable               
0     000846b2  __args_main                     
0     000846c4  __register_unlock               
0     000846c8  __register_lock                 
0     000846cc  __nop                           
0     000846d5  _memset                         
0     000846dc  __system_pre_init               
0     000846de  _InitCfgDAC                     
0     000846df  __system_post_cinit             
0     00086000  _RamfuncsLoadStart              
0     0008648e  _RamfuncsLoadEnd                
0     00090000  _PieVectTableInit               
0     000901c0  _SET                            
0     0009025c  _ADC_GAIN                       
0     00090271  _REF_PO_GAIN                    
1     00000400  __stack                         
1     00000500  __STACK_END                     
1     00000b00  _AdcaResultRegs                 
1     00000b20  _AdcbResultRegs                 
1     00000b40  _AdccResultRegs                 
1     00000b60  _AdcdResultRegs                 
1     00000c00  _CpuTimer0Regs                  
1     00000c08  _CpuTimer1Regs                  
1     00000c10  _CpuTimer2Regs                  
1     00000ce0  _PieCtrlRegs                    
1     00000d00  _EmuKey                         
1     00000d00  _PieVectTable                   
1     00000d01  _EmuBMode                       
1     00001000  _DmaRegs                        
1     00001400  _Cla1Regs                       
1     00004000  _EPwm1Regs                      
1     00004100  _EPwm2Regs                      
1     00004200  _EPwm3Regs                      
1     00004300  _EPwm4Regs                      
1     00004400  _EPwm5Regs                      
1     00004500  _EPwm6Regs                      
1     00004600  _EPwm7Regs                      
1     00004700  _EPwm8Regs                      
1     00004800  _EPwm9Regs                      
1     00004900  _EPwm10Regs                     
1     00004a00  _EPwm11Regs                     
1     00004b00  _EPwm12Regs                     
1     00005000  _ECap1Regs                      
1     00005020  _ECap2Regs                      
1     00005040  _ECap3Regs                      
1     00005060  _ECap4Regs                      
1     00005080  _ECap5Regs                      
1     000050a0  _ECap6Regs                      
1     00005100  _EQep1Regs                      
1     00005140  _EQep2Regs                      
1     00005180  _EQep3Regs                      
1     00005c00  _DacaRegs                       
1     00005c10  _DacbRegs                       
1     00005c20  _DaccRegs                       
1     00005c80  _Cmpss1Regs                     
1     00005ca0  _Cmpss2Regs                     
1     00005cc0  _Cmpss3Regs                     
1     00005ce0  _Cmpss4Regs                     
1     00005d00  _Cmpss5Regs                     
1     00005d20  _Cmpss6Regs                     
1     00005d40  _Cmpss7Regs                     
1     00005d60  _Cmpss8Regs                     
1     00005e00  _Sdfm1Regs                      
1     00005e80  _Sdfm2Regs                      
1     00006000  _McbspaRegs                     
1     00006040  _McbspbRegs                     
1     00006100  _SpiaRegs                       
1     00006110  _SpibRegs                       
1     00006120  _SpicRegs                       
1     00006130  _SpidRegs                       
1     00006200  _UppRegs                        
1     00007000  _WdRegs                         
1     00007060  _NmiIntruptRegs                 
1     00007070  _XintRegs                       
1     00007200  _SciaRegs                       
1     00007210  _ScibRegs                       
1     00007220  _ScicRegs                       
1     00007230  _ScidRegs                       
1     00007300  _I2caRegs                       
1     00007340  _I2cbRegs                       
1     00007400  _AdcaRegs                       
1     00007480  _AdcbRegs                       
1     00007500  _AdccRegs                       
1     00007580  _AdcdRegs                       
1     00007900  _TrigRegs                       
1     00007980  _DmaClaSrcSelRegs               
1     00007a00  _EPwmXbarRegs                   
1     00007a80  _OutputXbarRegs                 
1     00007c00  _GpioCtrlRegs                   
1     00007f00  _GpioDataRegs                   
1     0000a800  _sRXCANMessageA                 
1     0000a8c8  __TxSize                        
1     0000a8c9  __RxSize                        
1     0000a8ca  _OpCanCmd                       
1     0000a8cb  _NewCMD                         
1     0000a8cc  _CANCommCnt                     
1     0000a8cd  _CanLive                        
1     0000a8ce  _errorFlag                      
1     0000a8cf  _Testval                        
1     0000a8d0  _rxCnt                          
1     0000a8d1  _CAN_Statview                   
1     0000a8d2  _CAN_errview                    
1     0000a8d4  _MsgAddr                        
1     0000a8d6  _sTXCANMessageA                 
1     0000a8e0  _sTXCANMessageB                 
1     0000a8ea  _CAN_TXDA                       
1     0000a8f2  _CAN_TXDB                       
1     0000a8fa  _maska                          
1     0000a900  _sRXCANMessageB                 
1     0000a9c8  _CpuTimer0                      
1     0000a9d0  _CpuTimer1                      
1     0000a9d8  _CpuTimer2                      
1     0000a9e0  _ADC_Buf                        
1     0000a9f8  _txbuff                         
1     0000aa00  _CAN_RXDA                       
1     0000aaa0  _g_sIpcController1              
1     0000aaae  _ADC_Avg                        
1     0000aaba  _maskb                          
1     0000aac0  _CAN_RXDB                       
1     0000ab60  _ADC_Result                     
1     0000ab6c  _maskd                          
1     0000ab72  ___TI_enable_exit_profile_output
1     0000ab74  ___TI_cleanup_ptr               
1     0000ab76  ___TI_dtors_ptr                 
1     0000ab78  _txa_flag                       
1     0000ab79  _txa_start                      
1     0000ab7a  _txa_end                        
1     0000ab7b  _rxa_end                        
1     0000ab7c  _rxa_start                      
1     0000ab7e  _GPtest                         
1     0000ab80  _IDA_QUE                        
1     0000abe4  _txb_flag                       
1     0000abe5  _txb_start                      
1     0000abe6  _txb_end                        
1     0000abe7  _rxb_end                        
1     0000abe8  _rxb_start                      
1     0000abe9  _txd_flag                       
1     0000abea  _txd_start                      
1     0000abeb  _txd_end                        
1     0000abec  _rxd_end                        
1     0000abed  _rxd_start                      
1     0000abee  _CpuTimeCnt                     
1     0000abef  _Tic10ms                        
1     0000abf0  _Tic100ms                       
1     0000abf1  _TicControl                     
1     0000abf2  __lock                          
1     0000abf4  __unlock                        
1     0000abf6  _AutoCal_Step                   
1     0000ac00  _IDB_QUE                        
1     0000ac80  _IDD_QUE                        
1     0000ad00  _RXA_QUE                        
1     0000ad80  _RXB_QUE                        
1     0000ae00  _RXD_QUE                        
1     0000ae80  _TXA_QUE                        
1     0000af00  _TXB_QUE                        
1     0000af80  _TXD_QUE                        
1     0000c000  _dlog_status                    
1     0000c001  _old_dlog_status                
1     0000c002  _timer_tick                     
1     0000c003  _timer_sec                      
1     0000c004  _timer_min                      
1     0000c005  _flog_update                    
1     0000c006  _block_num                      
1     0000c007  _feedback_data_count            
1     0000c008  _fdata_load_end                 
1     0000c009  _Flog_trigger                   
1     0000c040  _logFeedback                    
1     0000c240  _load_buffer                    
1     0000c440  _logData                        
1     0000c840  _SmileKey                       
1     0000c8c0  _wReturn                        
1     0000c8c1  _Thermo                         
1     0000c8c2  _RTC_Sec                        
1     0000c8c3  _RTC_Min                        
1     0000c8c4  _RTC_Hour                       
1     0000c8c5  _RTC_Day                        
1     0000c8c6  _RTC_Date                       
1     0000c8c7  _RTC_Month                      
1     0000c8c8  _RTC_Year                       
1     0000c8c9  _SET_SS                         
1     0000c8ca  _SET_MM                         
1     0000c8cb  _SET_HH                         
1     0000c8cc  _SET_DY                         
1     0000c8cd  _SET_DD                         
1     0000c8ce  _SET_MN                         
1     0000c8cf  _SET_YY                         
1     0000c8d0  _SET_RTC                        
1     0000c8d1  _count_100msec                  
1     0000c8d2  _count_10msec                   
1     0000c8d3  _count_periodic                 
1     0000c8d4  _TIMER_SEC                      
1     0000c8d5  _TIMER_MIN                      
1     0000c8d6  _TIMER_HOUR                     
1     0000c8d7  _flag_LCD_alive                 
1     0000c8d8  _A_upload_flag                  
1     0000c8d9  _A_upload_count                 
1     0000c8da  _B_upload_flag                  
1     0000c8db  _B_upload_count                 
1     0000c8dc  _D_upload_flag                  
1     0000c8dd  _D_upload_count                 
1     0000c8de  _cnt_waitsaveend                
1     0000c8df  _model                          
1     0000c8e0  _system_status                  
1     0000c8e1  _warning_status                 
1     0000c8e2  _reset_flag                     
1     0000c8e3  _adc_count                      
1     0000c8e4  _dlog_tx_index                  
1     0000c8e5  _flog_tx_index                  
1     0000c8e6  _dlog_index                     
1     0000c8e7  _flog_index                     
1     0000c8e8  _block_addr                     
1     0000c8e9  _dlog_tx_flag                   
1     0000c8ea  _stop_comm                      
1     0000c8eb  _flog_tx_flag                   
1     0000c8ec  _BootFlag                       
1     0000c8ed  _bootcnt                        
1     0000c8ee  _delay_cnt                      
1     0000c8ef  _reset_delay_cnt                
1     0000c8f0  _flag_set_save1                 
1     0000c8f2  _flag_set_save2                 
1     0000c8f4  _flag_time_save                 
1     0000c8f6  _Old_fault_status               
1     0000c8f8  _present_status                 
1     0000e000  _C12                            
1     00010000  _C21                            
1     0003fc00  _g_asIPCCPU1toCPU2Buffers       
1     0003fc80  _g_usPutWriteIndexes            
1     0003fc84  _g_usGetReadIndexes             
1     00047000  _Emif1Regs                      
1     00047800  _Emif2Regs                      
1     00048000  _DcanaRegs                      
1     0004a000  _DcanbRegs                      
1     00050000  _IpcRegs                        
1     0005d000  _DevCfgRegs                     
1     0005d180  _AnalogSubsysRegs               
1     0005d200  _ClkCfgRegs                     
1     0005d300  _CpuSysRegs                     
1     0005e000  _HwbistRegs                     
1     0005e200  _PbistRegs                      
1     0005e608  _RomPrefetchRegs                
1     0005f000  _DcsmZ1Regs                     
1     0005f040  _DcsmZ2Regs                     
1     0005f070  _DcsmCommonRegs                 
1     0005f400  _MemCfgRegs                     
1     0005f480  _Emif1ConfigRegs                
1     0005f4a0  _Emif2ConfigRegs                
1     0005f4c0  _AccessProtectionRegs           
1     0005f500  _MemoryErrorRegs                
1     0005f540  _RomWaitStateRegs               
1     0005f800  _FlashCtrlRegs                  
1     0005fb00  _FlashEccRegs                   
1     00078800  _DcsmZ1Otp                      
1     00078900  _DcsmZ2Otp                      
abs   00000100  __STACK_SIZE                    
abs   0000048e  _RamfuncsLoadSize               
abs   0000048e  _RamfuncsRunSize                
abs   ffffffff  .text                           
abs   ffffffff  ___TI_pprof_out_hndl            
abs   ffffffff  ___TI_prof_data_size            
abs   ffffffff  ___TI_prof_data_start           
abs   ffffffff  ___binit__                      
abs   ffffffff  ___c_args__                     
abs   ffffffff  ___etext__                      
abs   ffffffff  ___pinit__                      
abs   ffffffff  ___text__                       
abs   ffffffff  binit                           
abs   ffffffff  etext                           
abs   ffffffff  pinit                           

[633 symbols]
