<?xml version="1.0" encoding="ISO-8859-1" ?>
<link_info>
   <banner>TMS320C2000 Linker PC v20.2.4.LTS</banner>
   <copyright>Copyright (c) 1996-2018 Texas Instruments Incorporated</copyright>
   <link_time>0x60f13560</link_time>
   <link_errors>0x0</link_errors>
   <output_file>SmileKey_JIG_DSP28377_V0.14.out</output_file>
   <entry_point>
      <name>_c_int00</name>
      <address>0x87eae</address>
   </entry_point>
   <input_file_list>
      <input_file id="fl-2">
         <path>.\</path>
         <kind>object</kind>
         <file>DSP_28377_SETUP_cpu1.obj</file>
         <name>DSP_28377_SETUP_cpu1.obj</name>
      </input_file>
      <input_file id="fl-3">
         <path>.\</path>
         <kind>object</kind>
         <file>DataLogging.obj</file>
         <name>DataLogging.obj</name>
      </input_file>
      <input_file id="fl-4">
         <path>.\</path>
         <kind>object</kind>
         <file>MAIN_CPU1.obj</file>
         <name>MAIN_CPU1.obj</name>
      </input_file>
      <input_file id="fl-5">
         <path>.\</path>
         <kind>object</kind>
         <file>TimeBaseSystem.obj</file>
         <name>TimeBaseSystem.obj</name>
      </input_file>
      <input_file id="fl-6">
         <path>.\</path>
         <kind>object</kind>
         <file>UniqueDevice_ID.obj</file>
         <name>UniqueDevice_ID.obj</name>
      </input_file>
      <input_file id="fl-7">
         <path>.\Src-ADC\</path>
         <kind>object</kind>
         <file>ADC_Config_F28377.obj</file>
         <name>ADC_Config_F28377.obj</name>
      </input_file>
      <input_file id="fl-8">
         <path>.\Src-CAN\</path>
         <kind>object</kind>
         <file>dCAN.obj</file>
         <name>dCAN.obj</name>
      </input_file>
      <input_file id="fl-9">
         <path>.\Src-CAN\</path>
         <kind>object</kind>
         <file>dCAN_API.obj</file>
         <name>dCAN_API.obj</name>
      </input_file>
      <input_file id="fl-a">
         <path>.\Src-CAN\</path>
         <kind>object</kind>
         <file>dCAN_Config.obj</file>
         <name>dCAN_Config.obj</name>
      </input_file>
      <input_file id="fl-b">
         <path>.\Src-Capture\</path>
         <kind>object</kind>
         <file>ECap_Config.obj</file>
         <name>ECap_Config.obj</name>
      </input_file>
      <input_file id="fl-c">
         <path>.\Src-Comp\</path>
         <kind>object</kind>
         <file>Comp_Config.obj</file>
         <name>Comp_Config.obj</name>
      </input_file>
      <input_file id="fl-d">
         <path>.\Src-DAC\</path>
         <kind>object</kind>
         <file>DAC_Config_F28377.obj</file>
         <name>DAC_Config_F28377.obj</name>
      </input_file>
      <input_file id="fl-e">
         <path>.\Src-Device_F2837x\</path>
         <kind>object</kind>
         <file>F2837xD_CodeStartBranch.obj</file>
         <name>F2837xD_CodeStartBranch.obj</name>
      </input_file>
      <input_file id="fl-f">
         <path>.\Src-Device_F2837x\</path>
         <kind>object</kind>
         <file>F2837xD_CpuTimers.obj</file>
         <name>F2837xD_CpuTimers.obj</name>
      </input_file>
      <input_file id="fl-10">
         <path>.\Src-Device_F2837x\</path>
         <kind>object</kind>
         <file>F2837xD_DefaultISR.obj</file>
         <name>F2837xD_DefaultISR.obj</name>
      </input_file>
      <input_file id="fl-11">
         <path>.\Src-Device_F2837x\</path>
         <kind>object</kind>
         <file>F2837xD_ECap.obj</file>
         <name>F2837xD_ECap.obj</name>
      </input_file>
      <input_file id="fl-12">
         <path>.\Src-Device_F2837x\</path>
         <kind>object</kind>
         <file>F2837xD_GlobalVariableDefs.obj</file>
         <name>F2837xD_GlobalVariableDefs.obj</name>
      </input_file>
      <input_file id="fl-13">
         <path>.\Src-Device_F2837x\</path>
         <kind>object</kind>
         <file>F2837xD_Gpio.obj</file>
         <name>F2837xD_Gpio.obj</name>
      </input_file>
      <input_file id="fl-14">
         <path>.\Src-Device_F2837x\</path>
         <kind>object</kind>
         <file>F2837xD_I2C.obj</file>
         <name>F2837xD_I2C.obj</name>
      </input_file>
      <input_file id="fl-15">
         <path>.\Src-Device_F2837x\</path>
         <kind>object</kind>
         <file>F2837xD_Ipc.obj</file>
         <name>F2837xD_Ipc.obj</name>
      </input_file>
      <input_file id="fl-16">
         <path>.\Src-Device_F2837x\</path>
         <kind>object</kind>
         <file>F2837xD_Ipc_Driver.obj</file>
         <name>F2837xD_Ipc_Driver.obj</name>
      </input_file>
      <input_file id="fl-17">
         <path>.\Src-Device_F2837x\</path>
         <kind>object</kind>
         <file>F2837xD_Ipc_Driver_Util.obj</file>
         <name>F2837xD_Ipc_Driver_Util.obj</name>
      </input_file>
      <input_file id="fl-18">
         <path>.\Src-Device_F2837x\</path>
         <kind>object</kind>
         <file>F2837xD_Mcbsp.obj</file>
         <name>F2837xD_Mcbsp.obj</name>
      </input_file>
      <input_file id="fl-19">
         <path>.\Src-Device_F2837x\</path>
         <kind>object</kind>
         <file>F2837xD_PieCtrl.obj</file>
         <name>F2837xD_PieCtrl.obj</name>
      </input_file>
      <input_file id="fl-1a">
         <path>.\Src-Device_F2837x\</path>
         <kind>object</kind>
         <file>F2837xD_PieVect.obj</file>
         <name>F2837xD_PieVect.obj</name>
      </input_file>
      <input_file id="fl-1b">
         <path>.\Src-Device_F2837x\</path>
         <kind>object</kind>
         <file>F2837xD_SysCtrl.obj</file>
         <name>F2837xD_SysCtrl.obj</name>
      </input_file>
      <input_file id="fl-1c">
         <path>.\Src-Device_F2837x\</path>
         <kind>object</kind>
         <file>F2837xD_usDelay.obj</file>
         <name>F2837xD_usDelay.obj</name>
      </input_file>
      <input_file id="fl-1d">
         <path>.\Src-Device_F2837x\</path>
         <kind>object</kind>
         <file>interrupt.obj</file>
         <name>interrupt.obj</name>
      </input_file>
      <input_file id="fl-1e">
         <path>.\Src-EPWM\</path>
         <kind>object</kind>
         <file>Epwm_App.obj</file>
         <name>Epwm_App.obj</name>
      </input_file>
      <input_file id="fl-1f">
         <path>.\Src-EPWM\</path>
         <kind>object</kind>
         <file>Epwm_Config.obj</file>
         <name>Epwm_Config.obj</name>
      </input_file>
      <input_file id="fl-20">
         <path>.\Src-GPIO\</path>
         <kind>object</kind>
         <file>GPIO_2837xD.obj</file>
         <name>GPIO_2837xD.obj</name>
      </input_file>
      <input_file id="fl-21">
         <path>.\Src-GPIO\</path>
         <kind>object</kind>
         <file>Gpio_Ctrl.obj</file>
         <name>Gpio_Ctrl.obj</name>
      </input_file>
      <input_file id="fl-22">
         <path>.\Src-Modbus\</path>
         <kind>object</kind>
         <file>modbusC_485.obj</file>
         <name>modbusC_485.obj</name>
      </input_file>
      <input_file id="fl-23">
         <path>.\Src-TargetCommu\</path>
         <kind>object</kind>
         <file>TargetA_COMM.obj</file>
         <name>TargetA_COMM.obj</name>
      </input_file>
      <input_file id="fl-24">
         <path>.\Src-TargetCommu\</path>
         <kind>object</kind>
         <file>TargetB_COMM.obj</file>
         <name>TargetB_COMM.obj</name>
      </input_file>
      <input_file id="fl-25">
         <path>.\Src-TargetCommu\</path>
         <kind>object</kind>
         <file>TargetD_COMM.obj</file>
         <name>TargetD_COMM.obj</name>
      </input_file>
      <input_file id="fl-26">
         <path>.\Src-Target_Management\</path>
         <kind>object</kind>
         <file>Target_Management.obj</file>
         <name>Target_Management.obj</name>
      </input_file>
      <input_file id="fl-2b">
         <kind>object</kind>
         <file>&lt;internal&gt;</file>
         <name>&lt;internal&gt;</name>
      </input_file>
      <input_file id="fl-37">
         <path>C:\ti\ccs1031\ccs\tools\compiler\ti-cgt-c2000_20.2.4.LTS\lib\</path>
         <kind>archive</kind>
         <file>rts2800_fpu32.lib</file>
         <name>printf.c.obj</name>
      </input_file>
      <input_file id="fl-38">
         <path>C:\ti\ccs1031\ccs\tools\compiler\ti-cgt-c2000_20.2.4.LTS\lib\</path>
         <kind>archive</kind>
         <file>rts2800_fpu32.lib</file>
         <name>_printfi.c.obj</name>
      </input_file>
      <input_file id="fl-39">
         <path>C:\ti\ccs1031\ccs\tools\compiler\ti-cgt-c2000_20.2.4.LTS\lib\</path>
         <kind>archive</kind>
         <file>rts2800_fpu32.lib</file>
         <name>fflush.c.obj</name>
      </input_file>
      <input_file id="fl-3a">
         <path>C:\ti\ccs1031\ccs\tools\compiler\ti-cgt-c2000_20.2.4.LTS\lib\</path>
         <kind>archive</kind>
         <file>rts2800_fpu32.lib</file>
         <name>fputc.c.obj</name>
      </input_file>
      <input_file id="fl-3b">
         <path>C:\ti\ccs1031\ccs\tools\compiler\ti-cgt-c2000_20.2.4.LTS\lib\</path>
         <kind>archive</kind>
         <file>rts2800_fpu32.lib</file>
         <name>fputs.c.obj</name>
      </input_file>
      <input_file id="fl-3c">
         <path>C:\ti\ccs1031\ccs\tools\compiler\ti-cgt-c2000_20.2.4.LTS\lib\</path>
         <kind>archive</kind>
         <file>rts2800_fpu32.lib</file>
         <name>_io_perm.c.obj</name>
      </input_file>
      <input_file id="fl-3d">
         <path>C:\ti\ccs1031\ccs\tools\compiler\ti-cgt-c2000_20.2.4.LTS\lib\</path>
         <kind>archive</kind>
         <file>rts2800_fpu32.lib</file>
         <name>setvbuf.c.obj</name>
      </input_file>
      <input_file id="fl-3e">
         <path>C:\ti\ccs1031\ccs\tools\compiler\ti-cgt-c2000_20.2.4.LTS\lib\</path>
         <kind>archive</kind>
         <file>rts2800_fpu32.lib</file>
         <name>wcslen.c.obj</name>
      </input_file>
      <input_file id="fl-3f">
         <path>C:\ti\ccs1031\ccs\tools\compiler\ti-cgt-c2000_20.2.4.LTS\lib\</path>
         <kind>archive</kind>
         <file>rts2800_fpu32.lib</file>
         <name>s_frexp.c.obj</name>
      </input_file>
      <input_file id="fl-40">
         <path>C:\ti\ccs1031\ccs\tools\compiler\ti-cgt-c2000_20.2.4.LTS\lib\</path>
         <kind>archive</kind>
         <file>rts2800_fpu32.lib</file>
         <name>s_scalbn.c.obj</name>
      </input_file>
      <input_file id="fl-41">
         <path>C:\ti\ccs1031\ccs\tools\compiler\ti-cgt-c2000_20.2.4.LTS\lib\</path>
         <kind>archive</kind>
         <file>rts2800_fpu32.lib</file>
         <name>boot28.asm.obj</name>
      </input_file>
      <input_file id="fl-42">
         <path>C:\ti\ccs1031\ccs\tools\compiler\ti-cgt-c2000_20.2.4.LTS\lib\</path>
         <kind>archive</kind>
         <file>rts2800_fpu32.lib</file>
         <name>fd_add28.asm.obj</name>
      </input_file>
      <input_file id="fl-43">
         <path>C:\ti\ccs1031\ccs\tools\compiler\ti-cgt-c2000_20.2.4.LTS\lib\</path>
         <kind>archive</kind>
         <file>rts2800_fpu32.lib</file>
         <name>fd_cmp28.asm.obj</name>
      </input_file>
      <input_file id="fl-44">
         <path>C:\ti\ccs1031\ccs\tools\compiler\ti-cgt-c2000_20.2.4.LTS\lib\</path>
         <kind>archive</kind>
         <file>rts2800_fpu32.lib</file>
         <name>fd_mpy28.asm.obj</name>
      </input_file>
      <input_file id="fl-45">
         <path>C:\ti\ccs1031\ccs\tools\compiler\ti-cgt-c2000_20.2.4.LTS\lib\</path>
         <kind>archive</kind>
         <file>rts2800_fpu32.lib</file>
         <name>fd_neg28.asm.obj</name>
      </input_file>
      <input_file id="fl-46">
         <path>C:\ti\ccs1031\ccs\tools\compiler\ti-cgt-c2000_20.2.4.LTS\lib\</path>
         <kind>archive</kind>
         <file>rts2800_fpu32.lib</file>
         <name>fd_sub28.asm.obj</name>
      </input_file>
      <input_file id="fl-47">
         <path>C:\ti\ccs1031\ccs\tools\compiler\ti-cgt-c2000_20.2.4.LTS\lib\</path>
         <kind>archive</kind>
         <file>rts2800_fpu32.lib</file>
         <name>fd_toi28.asm.obj</name>
      </input_file>
      <input_file id="fl-48">
         <path>C:\ti\ccs1031\ccs\tools\compiler\ti-cgt-c2000_20.2.4.LTS\lib\</path>
         <kind>archive</kind>
         <file>rts2800_fpu32.lib</file>
         <name>fd_tol28.asm.obj</name>
      </input_file>
      <input_file id="fl-49">
         <path>C:\ti\ccs1031\ccs\tools\compiler\ti-cgt-c2000_20.2.4.LTS\lib\</path>
         <kind>archive</kind>
         <file>rts2800_fpu32.lib</file>
         <name>ll_aox28.asm.obj</name>
      </input_file>
      <input_file id="fl-4a">
         <path>C:\ti\ccs1031\ccs\tools\compiler\ti-cgt-c2000_20.2.4.LTS\lib\</path>
         <kind>archive</kind>
         <file>rts2800_fpu32.lib</file>
         <name>ll_cmp28.asm.obj</name>
      </input_file>
      <input_file id="fl-4b">
         <path>C:\ti\ccs1031\ccs\tools\compiler\ti-cgt-c2000_20.2.4.LTS\lib\</path>
         <kind>archive</kind>
         <file>rts2800_fpu32.lib</file>
         <name>ll_div28.asm.obj</name>
      </input_file>
      <input_file id="fl-4c">
         <path>C:\ti\ccs1031\ccs\tools\compiler\ti-cgt-c2000_20.2.4.LTS\lib\</path>
         <kind>archive</kind>
         <file>rts2800_fpu32.lib</file>
         <name>i_tofd28.asm.obj</name>
      </input_file>
      <input_file id="fl-4d">
         <path>C:\ti\ccs1031\ccs\tools\compiler\ti-cgt-c2000_20.2.4.LTS\lib\</path>
         <kind>archive</kind>
         <file>rts2800_fpu32.lib</file>
         <name>i_div28.asm.obj</name>
      </input_file>
      <input_file id="fl-4e">
         <path>C:\ti\ccs1031\ccs\tools\compiler\ti-cgt-c2000_20.2.4.LTS\lib\</path>
         <kind>archive</kind>
         <file>rts2800_fpu32.lib</file>
         <name>u_div28.asm.obj</name>
      </input_file>
      <input_file id="fl-4f">
         <path>C:\ti\ccs1031\ccs\tools\compiler\ti-cgt-c2000_20.2.4.LTS\lib\</path>
         <kind>archive</kind>
         <file>rts2800_fpu32.lib</file>
         <name>l_tofd28.asm.obj</name>
      </input_file>
      <input_file id="fl-50">
         <path>C:\ti\ccs1031\ccs\tools\compiler\ti-cgt-c2000_20.2.4.LTS\lib\</path>
         <kind>archive</kind>
         <file>rts2800_fpu32.lib</file>
         <name>l_div28.asm.obj</name>
      </input_file>
      <input_file id="fl-51">
         <path>C:\ti\ccs1031\ccs\tools\compiler\ti-cgt-c2000_20.2.4.LTS\lib\</path>
         <kind>archive</kind>
         <file>rts2800_fpu32.lib</file>
         <name>fs_tofdfpu32.asm.obj</name>
      </input_file>
      <input_file id="fl-52">
         <path>C:\ti\ccs1031\ccs\tools\compiler\ti-cgt-c2000_20.2.4.LTS\lib\</path>
         <kind>archive</kind>
         <file>rts2800_fpu32.lib</file>
         <name>fd_div28.asm.obj</name>
      </input_file>
      <input_file id="fl-53">
         <path>C:\ti\ccs1031\ccs\tools\compiler\ti-cgt-c2000_20.2.4.LTS\lib\</path>
         <kind>archive</kind>
         <file>rts2800_fpu32.lib</file>
         <name>cpy_tbl.c.obj</name>
      </input_file>
      <input_file id="fl-54">
         <path>C:\ti\ccs1031\ccs\tools\compiler\ti-cgt-c2000_20.2.4.LTS\lib\</path>
         <kind>archive</kind>
         <file>rts2800_fpu32.lib</file>
         <name>memcpy.c.obj</name>
      </input_file>
      <input_file id="fl-55">
         <path>C:\ti\ccs1031\ccs\tools\compiler\ti-cgt-c2000_20.2.4.LTS\lib\</path>
         <kind>archive</kind>
         <file>rts2800_fpu32.lib</file>
         <name>pre_init.c.obj</name>
      </input_file>
      <input_file id="fl-56">
         <path>C:\ti\ccs1031\ccs\tools\compiler\ti-cgt-c2000_20.2.4.LTS\lib\</path>
         <kind>archive</kind>
         <file>rts2800_fpu32.lib</file>
         <name>startup.c.obj</name>
      </input_file>
      <input_file id="fl-57">
         <path>C:\ti\ccs1031\ccs\tools\compiler\ti-cgt-c2000_20.2.4.LTS\lib\</path>
         <kind>archive</kind>
         <file>rts2800_fpu32.lib</file>
         <name>exit.c.obj</name>
      </input_file>
      <input_file id="fl-58">
         <path>C:\ti\ccs1031\ccs\tools\compiler\ti-cgt-c2000_20.2.4.LTS\lib\</path>
         <kind>archive</kind>
         <file>rts2800_fpu32.lib</file>
         <name>_lock.c.obj</name>
      </input_file>
      <input_file id="fl-59">
         <path>C:\ti\ccs1031\ccs\tools\compiler\ti-cgt-c2000_20.2.4.LTS\lib\</path>
         <kind>archive</kind>
         <file>rts2800_fpu32.lib</file>
         <name>_ltoa.c.obj</name>
      </input_file>
      <input_file id="fl-5a">
         <path>C:\ti\ccs1031\ccs\tools\compiler\ti-cgt-c2000_20.2.4.LTS\lib\</path>
         <kind>archive</kind>
         <file>rts2800_fpu32.lib</file>
         <name>args_main.c.obj</name>
      </input_file>
      <input_file id="fl-5b">
         <path>C:\ti\ccs1031\ccs\tools\compiler\ti-cgt-c2000_20.2.4.LTS\lib\</path>
         <kind>archive</kind>
         <file>rts2800_fpu32.lib</file>
         <name>atoi.c.obj</name>
      </input_file>
      <input_file id="fl-5c">
         <path>C:\ti\ccs1031\ccs\tools\compiler\ti-cgt-c2000_20.2.4.LTS\lib\</path>
         <kind>archive</kind>
         <file>rts2800_fpu32.lib</file>
         <name>ctype.c.obj</name>
      </input_file>
      <input_file id="fl-5d">
         <path>C:\ti\ccs1031\ccs\tools\compiler\ti-cgt-c2000_20.2.4.LTS\lib\</path>
         <kind>archive</kind>
         <file>rts2800_fpu32.lib</file>
         <name>defs.c.obj</name>
      </input_file>
      <input_file id="fl-5e">
         <path>C:\ti\ccs1031\ccs\tools\compiler\ti-cgt-c2000_20.2.4.LTS\lib\</path>
         <kind>archive</kind>
         <file>rts2800_fpu32.lib</file>
         <name>memccpy.c.obj</name>
      </input_file>
      <input_file id="fl-5f">
         <path>C:\ti\ccs1031\ccs\tools\compiler\ti-cgt-c2000_20.2.4.LTS\lib\</path>
         <kind>archive</kind>
         <file>rts2800_fpu32.lib</file>
         <name>memchr.c.obj</name>
      </input_file>
      <input_file id="fl-60">
         <path>C:\ti\ccs1031\ccs\tools\compiler\ti-cgt-c2000_20.2.4.LTS\lib\</path>
         <kind>archive</kind>
         <file>rts2800_fpu32.lib</file>
         <name>memory.c.obj</name>
      </input_file>
      <input_file id="fl-61">
         <path>C:\ti\ccs1031\ccs\tools\compiler\ti-cgt-c2000_20.2.4.LTS\lib\</path>
         <kind>archive</kind>
         <file>rts2800_fpu32.lib</file>
         <name>memset.c.obj</name>
      </input_file>
      <input_file id="fl-62">
         <path>C:\ti\ccs1031\ccs\tools\compiler\ti-cgt-c2000_20.2.4.LTS\lib\</path>
         <kind>archive</kind>
         <file>rts2800_fpu32.lib</file>
         <name>strchr.c.obj</name>
      </input_file>
      <input_file id="fl-63">
         <path>C:\ti\ccs1031\ccs\tools\compiler\ti-cgt-c2000_20.2.4.LTS\lib\</path>
         <kind>archive</kind>
         <file>rts2800_fpu32.lib</file>
         <name>strcpy.c.obj</name>
      </input_file>
      <input_file id="fl-64">
         <path>C:\ti\ccs1031\ccs\tools\compiler\ti-cgt-c2000_20.2.4.LTS\lib\</path>
         <kind>archive</kind>
         <file>rts2800_fpu32.lib</file>
         <name>strlen.c.obj</name>
      </input_file>
      <input_file id="fl-65">
         <path>C:\ti\ccs1031\ccs\tools\compiler\ti-cgt-c2000_20.2.4.LTS\lib\</path>
         <kind>archive</kind>
         <file>rts2800_fpu32.lib</file>
         <name>errno.c.obj</name>
      </input_file>
      <input_file id="fl-66">
         <path>C:\ti\ccs1031\ccs\tools\compiler\ti-cgt-c2000_20.2.4.LTS\lib\</path>
         <kind>archive</kind>
         <file>rts2800_fpu32.lib</file>
         <name>write.c.obj</name>
      </input_file>
      <input_file id="fl-67">
         <path>C:\ti\ccs1031\ccs\tools\compiler\ti-cgt-c2000_20.2.4.LTS\lib\</path>
         <kind>archive</kind>
         <file>rts2800_fpu32.lib</file>
         <name>host_device.c.obj</name>
      </input_file>
      <input_file id="fl-68">
         <path>C:\ti\ccs1031\ccs\tools\compiler\ti-cgt-c2000_20.2.4.LTS\lib\</path>
         <kind>archive</kind>
         <file>rts2800_fpu32.lib</file>
         <name>s_copysign.c.obj</name>
      </input_file>
      <input_file id="fl-69">
         <path>C:\ti\ccs1031\ccs\tools\compiler\ti-cgt-c2000_20.2.4.LTS\lib\</path>
         <kind>archive</kind>
         <file>rts2800_fpu32.lib</file>
         <name>fopen.c.obj</name>
      </input_file>
      <input_file id="fl-6a">
         <path>C:\ti\ccs1031\ccs\tools\compiler\ti-cgt-c2000_20.2.4.LTS\lib\</path>
         <kind>archive</kind>
         <file>rts2800_fpu32.lib</file>
         <name>fseek.c.obj</name>
      </input_file>
      <input_file id="fl-6b">
         <path>C:\ti\ccs1031\ccs\tools\compiler\ti-cgt-c2000_20.2.4.LTS\lib\</path>
         <kind>archive</kind>
         <file>rts2800_fpu32.lib</file>
         <name>hostclose.c.obj</name>
      </input_file>
      <input_file id="fl-6c">
         <path>C:\ti\ccs1031\ccs\tools\compiler\ti-cgt-c2000_20.2.4.LTS\lib\</path>
         <kind>archive</kind>
         <file>rts2800_fpu32.lib</file>
         <name>hostlseek.c.obj</name>
      </input_file>
      <input_file id="fl-6d">
         <path>C:\ti\ccs1031\ccs\tools\compiler\ti-cgt-c2000_20.2.4.LTS\lib\</path>
         <kind>archive</kind>
         <file>rts2800_fpu32.lib</file>
         <name>hostopen.c.obj</name>
      </input_file>
      <input_file id="fl-6e">
         <path>C:\ti\ccs1031\ccs\tools\compiler\ti-cgt-c2000_20.2.4.LTS\lib\</path>
         <kind>archive</kind>
         <file>rts2800_fpu32.lib</file>
         <name>hostread.c.obj</name>
      </input_file>
      <input_file id="fl-6f">
         <path>C:\ti\ccs1031\ccs\tools\compiler\ti-cgt-c2000_20.2.4.LTS\lib\</path>
         <kind>archive</kind>
         <file>rts2800_fpu32.lib</file>
         <name>hostrename.c.obj</name>
      </input_file>
      <input_file id="fl-70">
         <path>C:\ti\ccs1031\ccs\tools\compiler\ti-cgt-c2000_20.2.4.LTS\lib\</path>
         <kind>archive</kind>
         <file>rts2800_fpu32.lib</file>
         <name>hostunlink.c.obj</name>
      </input_file>
      <input_file id="fl-71">
         <path>C:\ti\ccs1031\ccs\tools\compiler\ti-cgt-c2000_20.2.4.LTS\lib\</path>
         <kind>archive</kind>
         <file>rts2800_fpu32.lib</file>
         <name>hostwrite.c.obj</name>
      </input_file>
      <input_file id="fl-72">
         <path>C:\ti\ccs1031\ccs\tools\compiler\ti-cgt-c2000_20.2.4.LTS\lib\</path>
         <kind>archive</kind>
         <file>rts2800_fpu32.lib</file>
         <name>trgmsg.c.obj</name>
      </input_file>
      <input_file id="fl-73">
         <path>C:\ti\ccs1031\ccs\tools\compiler\ti-cgt-c2000_20.2.4.LTS\lib\</path>
         <kind>archive</kind>
         <file>rts2800_fpu32.lib</file>
         <name>open.c.obj</name>
      </input_file>
      <input_file id="fl-74">
         <path>C:\ti\ccs1031\ccs\tools\compiler\ti-cgt-c2000_20.2.4.LTS\lib\</path>
         <kind>archive</kind>
         <file>rts2800_fpu32.lib</file>
         <name>lseek.c.obj</name>
      </input_file>
      <input_file id="fl-75">
         <path>C:\ti\ccs1031\ccs\tools\compiler\ti-cgt-c2000_20.2.4.LTS\lib\</path>
         <kind>archive</kind>
         <file>rts2800_fpu32.lib</file>
         <name>fclose.c.obj</name>
      </input_file>
      <input_file id="fl-76">
         <path>C:\ti\ccs1031\ccs\tools\compiler\ti-cgt-c2000_20.2.4.LTS\lib\</path>
         <kind>archive</kind>
         <file>rts2800_fpu32.lib</file>
         <name>getdevice.c.obj</name>
      </input_file>
      <input_file id="fl-77">
         <path>C:\ti\ccs1031\ccs\tools\compiler\ti-cgt-c2000_20.2.4.LTS\lib\</path>
         <kind>archive</kind>
         <file>rts2800_fpu32.lib</file>
         <name>strcmp.c.obj</name>
      </input_file>
      <input_file id="fl-78">
         <path>C:\ti\ccs1031\ccs\tools\compiler\ti-cgt-c2000_20.2.4.LTS\lib\</path>
         <kind>archive</kind>
         <file>rts2800_fpu32.lib</file>
         <name>strncpy.c.obj</name>
      </input_file>
      <input_file id="fl-79">
         <path>C:\ti\ccs1031\ccs\tools\compiler\ti-cgt-c2000_20.2.4.LTS\lib\</path>
         <kind>archive</kind>
         <file>rts2800_fpu32.lib</file>
         <name>remove.c.obj</name>
      </input_file>
      <input_file id="fl-7a">
         <path>C:\ti\ccs1031\ccs\tools\compiler\ti-cgt-c2000_20.2.4.LTS\lib\</path>
         <kind>archive</kind>
         <file>rts2800_fpu32.lib</file>
         <name>close.c.obj</name>
      </input_file>
      <input_file id="fl-7b">
         <path>C:\ti\ccs1031\ccs\tools\compiler\ti-cgt-c2000_20.2.4.LTS\lib\</path>
         <kind>archive</kind>
         <file>rts2800_fpu32.lib</file>
         <name>unlink.c.obj</name>
      </input_file>
   </input_file_list>
   <object_component_list>
      <object_component id="oc-376">
         <name>.cinit:__ftable</name>
         <load_address>0x82254</load_address>
         <run_address>0x82254</run_address>
         <size>0x26</size>
         <input_file_ref idref="fl-5d"/>
      </object_component>
      <object_component id="oc-397">
         <name>.cinit:__device</name>
         <load_address>0x8227a</load_address>
         <run_address>0x8227a</run_address>
         <size>0x1b</size>
         <input_file_ref idref="fl-67"/>
      </object_component>
      <object_component id="oc-8d">
         <name>.cinit</name>
         <load_address>0x82295</load_address>
         <run_address>0x82295</run_address>
         <size>0x14</size>
         <input_file_ref idref="fl-3"/>
      </object_component>
      <object_component id="oc-1a7">
         <name>.cinit</name>
         <load_address>0x822a9</load_address>
         <run_address>0x822a9</run_address>
         <size>0x14</size>
         <input_file_ref idref="fl-23"/>
      </object_component>
      <object_component id="oc-1ae">
         <name>.cinit</name>
         <load_address>0x822bd</load_address>
         <run_address>0x822bd</run_address>
         <size>0x14</size>
         <input_file_ref idref="fl-24"/>
      </object_component>
      <object_component id="oc-1b5">
         <name>.cinit</name>
         <load_address>0x822d1</load_address>
         <run_address>0x822d1</run_address>
         <size>0x14</size>
         <input_file_ref idref="fl-25"/>
      </object_component>
      <object_component id="oc-391">
         <name>.cinit:__stream</name>
         <load_address>0x822e5</load_address>
         <run_address>0x822e5</run_address>
         <size>0xe</size>
         <input_file_ref idref="fl-67"/>
      </object_component>
      <object_component id="oc-26a">
         <name>.cinit</name>
         <load_address>0x822f3</load_address>
         <run_address>0x822f3</run_address>
         <size>0xe</size>
         <input_file_ref idref="fl-57"/>
      </object_component>
      <object_component id="oc-94">
         <name>.cinit</name>
         <load_address>0x82301</load_address>
         <run_address>0x82301</run_address>
         <size>0x9</size>
         <input_file_ref idref="fl-4"/>
      </object_component>
      <object_component id="oc-331">
         <name>.cinit:__lock</name>
         <load_address>0x8230a</load_address>
         <run_address>0x8230a</run_address>
         <size>0x5</size>
         <input_file_ref idref="fl-58"/>
      </object_component>
      <object_component id="oc-34b">
         <name>.cinit:__unlock</name>
         <load_address>0x8230f</load_address>
         <run_address>0x8230f</run_address>
         <size>0x5</size>
         <input_file_ref idref="fl-58"/>
      </object_component>
      <object_component id="oc-1bc">
         <name>.cinit</name>
         <load_address>0x82314</load_address>
         <run_address>0x82314</run_address>
         <size>0x4</size>
         <input_file_ref idref="fl-26"/>
      </object_component>
      <object_component id="oc-287">
         <name>.cinit</name>
         <load_address>0x82318</load_address>
         <run_address>0x82318</run_address>
         <size>0x4</size>
         <input_file_ref idref="fl-5d"/>
      </object_component>
      <object_component id="oc-2b1">
         <name>.cinit</name>
         <load_address>0x8231c</load_address>
         <run_address>0x8231c</run_address>
         <size>0x4</size>
         <input_file_ref idref="fl-65"/>
      </object_component>
      <object_component id="oc-2c1">
         <name>.cinit</name>
         <load_address>0x82320</load_address>
         <run_address>0x82320</run_address>
         <size>0x4</size>
         <input_file_ref idref="fl-69"/>
      </object_component>
      <object_component id="oc-295">
         <name>.cinit</name>
         <load_address>0x82324</load_address>
         <run_address>0x82324</run_address>
         <size>0x4</size>
         <input_file_ref idref="fl-60"/>
      </object_component>
      <object_component id="oc-2f6">
         <name>.cinit</name>
         <load_address>0x82328</load_address>
         <run_address>0x82328</run_address>
         <size>0x4</size>
         <input_file_ref idref="fl-73"/>
      </object_component>
      <object_component id="oc-342">
         <name>.text</name>
         <load_address>0x82330</load_address>
         <run_address>0x82330</run_address>
         <size>0xe26</size>
         <input_file_ref idref="fl-22"/>
      </object_component>
      <object_component id="oc-383">
         <name>.text</name>
         <load_address>0x83156</load_address>
         <run_address>0x83156</run_address>
         <size>0xce4</size>
         <input_file_ref idref="fl-38"/>
      </object_component>
      <object_component id="oc-32f">
         <name>.text</name>
         <load_address>0x83e3a</load_address>
         <run_address>0x83e3a</run_address>
         <size>0x1c5</size>
         <input_file_ref idref="fl-4"/>
      </object_component>
      <object_component id="oc-356">
         <name>.text</name>
         <load_address>0x83fff</load_address>
         <run_address>0x83fff</run_address>
         <size>0x1</size>
         <input_file_ref idref="fl-d"/>
      </object_component>
      <object_component id="oc-dc">
         <name>.text:retain</name>
         <load_address>0x84000</load_address>
         <run_address>0x84000</run_address>
         <size>0x58f</size>
         <input_file_ref idref="fl-10"/>
      </object_component>
      <object_component id="oc-357">
         <name>.text</name>
         <load_address>0x8458f</load_address>
         <run_address>0x8458f</run_address>
         <size>0x45e</size>
         <input_file_ref idref="fl-1f"/>
      </object_component>
      <object_component id="oc-32a">
         <name>.text</name>
         <load_address>0x849ed</load_address>
         <run_address>0x849ed</run_address>
         <size>0x3e1</size>
         <input_file_ref idref="fl-9"/>
      </object_component>
      <object_component id="oc-350">
         <name>.text</name>
         <load_address>0x84dce</load_address>
         <run_address>0x84dce</run_address>
         <size>0x2b8</size>
         <input_file_ref idref="fl-1b"/>
      </object_component>
      <object_component id="oc-399">
         <name>.text</name>
         <load_address>0x85086</load_address>
         <run_address>0x85086</run_address>
         <size>0x28c</size>
         <input_file_ref idref="fl-60"/>
      </object_component>
      <object_component id="oc-355">
         <name>.text</name>
         <load_address>0x85312</load_address>
         <run_address>0x85312</run_address>
         <size>0x260</size>
         <input_file_ref idref="fl-7"/>
      </object_component>
      <object_component id="oc-359">
         <name>.text</name>
         <load_address>0x85572</load_address>
         <run_address>0x85572</run_address>
         <size>0x1fb</size>
         <input_file_ref idref="fl-18"/>
      </object_component>
      <object_component id="oc-32c">
         <name>.text</name>
         <load_address>0x8576d</load_address>
         <run_address>0x8576d</run_address>
         <size>0x1b7</size>
         <input_file_ref idref="fl-13"/>
      </object_component>
      <object_component id="oc-336">
         <name>.text</name>
         <load_address>0x85924</load_address>
         <run_address>0x85924</run_address>
         <size>0x191</size>
         <input_file_ref idref="fl-1d"/>
      </object_component>
      <object_component id="oc-344">
         <name>.text</name>
         <load_address>0x85ab5</load_address>
         <run_address>0x85ab5</run_address>
         <size>0x160</size>
         <input_file_ref idref="fl-26"/>
      </object_component>
      <object_component id="oc-354">
         <name>.text</name>
         <load_address>0x85c15</load_address>
         <run_address>0x85c15</run_address>
         <size>0x157</size>
         <input_file_ref idref="fl-b"/>
      </object_component>
      <object_component id="oc-351">
         <name>.text</name>
         <load_address>0x85d6c</load_address>
         <run_address>0x85d6c</run_address>
         <size>0x143</size>
         <input_file_ref idref="fl-20"/>
      </object_component>
      <object_component id="oc-39a">
         <name>.text</name>
         <load_address>0x85eaf</load_address>
         <run_address>0x85eaf</run_address>
         <size>0x121</size>
         <input_file_ref idref="fl-69"/>
      </object_component>
      <object_component id="oc-389">
         <name>.text</name>
         <load_address>0x85fd0</load_address>
         <run_address>0x85fd0</run_address>
         <size>0x30</size>
         <input_file_ref idref="fl-59"/>
      </object_component>
      <object_component id="oc-22d">
         <name>.text</name>
         <load_address>0x86f5c</load_address>
         <run_address>0x86f5c</run_address>
         <size>0x107</size>
         <input_file_ref idref="fl-4b"/>
      </object_component>
      <object_component id="oc-33e">
         <name>.text</name>
         <load_address>0x87063</load_address>
         <run_address>0x87063</run_address>
         <size>0xe3</size>
         <input_file_ref idref="fl-2"/>
      </object_component>
      <object_component id="oc-32b">
         <name>.text</name>
         <load_address>0x87146</load_address>
         <run_address>0x87146</run_address>
         <size>0xcb</size>
         <input_file_ref idref="fl-8"/>
      </object_component>
      <object_component id="oc-343">
         <name>.text</name>
         <load_address>0x87211</load_address>
         <run_address>0x87211</run_address>
         <size>0xc3</size>
         <input_file_ref idref="fl-a"/>
      </object_component>
      <object_component id="oc-33f">
         <name>.text</name>
         <load_address>0x872d4</load_address>
         <run_address>0x872d4</run_address>
         <size>0xae</size>
         <input_file_ref idref="fl-23"/>
      </object_component>
      <object_component id="oc-340">
         <name>.text</name>
         <load_address>0x87382</load_address>
         <run_address>0x87382</run_address>
         <size>0xae</size>
         <input_file_ref idref="fl-24"/>
      </object_component>
      <object_component id="oc-341">
         <name>.text</name>
         <load_address>0x87430</load_address>
         <run_address>0x87430</run_address>
         <size>0xae</size>
         <input_file_ref idref="fl-25"/>
      </object_component>
      <object_component id="oc-b0">
         <name>.text:retain</name>
         <load_address>0x874de</load_address>
         <run_address>0x874de</run_address>
         <size>0xae</size>
         <input_file_ref idref="fl-8"/>
      </object_component>
      <object_component id="oc-38b">
         <name>.text</name>
         <load_address>0x8758c</load_address>
         <run_address>0x8758c</run_address>
         <size>0xae</size>
         <input_file_ref idref="fl-40"/>
      </object_component>
      <object_component id="oc-382">
         <name>.text</name>
         <load_address>0x8763a</load_address>
         <run_address>0x8763a</run_address>
         <size>0xa8</size>
         <input_file_ref idref="fl-3b"/>
      </object_component>
      <object_component id="oc-32d">
         <name>.text</name>
         <load_address>0x876e2</load_address>
         <run_address>0x876e2</run_address>
         <size>0xa5</size>
         <input_file_ref idref="fl-15"/>
      </object_component>
      <object_component id="oc-200">
         <name>.text</name>
         <load_address>0x87787</load_address>
         <run_address>0x87787</run_address>
         <size>0x9c</size>
         <input_file_ref idref="fl-42"/>
      </object_component>
      <object_component id="oc-326">
         <name>.text</name>
         <load_address>0x87823</load_address>
         <run_address>0x87823</run_address>
         <size>0x1</size>
         <input_file_ref idref="fl-56"/>
      </object_component>
      <object_component id="oc-3a5">
         <name>.text</name>
         <load_address>0x87824</load_address>
         <run_address>0x87824</run_address>
         <size>0x95</size>
         <input_file_ref idref="fl-72"/>
      </object_component>
      <object_component id="oc-250">
         <name>.text</name>
         <load_address>0x878b9</load_address>
         <run_address>0x878b9</run_address>
         <size>0x8b</size>
         <input_file_ref idref="fl-52"/>
      </object_component>
      <object_component id="oc-358">
         <name>.text</name>
         <load_address>0x87944</load_address>
         <run_address>0x87944</run_address>
         <size>0x85</size>
         <input_file_ref idref="fl-c"/>
      </object_component>
      <object_component id="oc-20a">
         <name>.text</name>
         <load_address>0x879c9</load_address>
         <run_address>0x879c9</run_address>
         <size>0x83</size>
         <input_file_ref idref="fl-44"/>
      </object_component>
      <object_component id="oc-393">
         <name>.text</name>
         <load_address>0x87a4c</load_address>
         <run_address>0x87a4c</run_address>
         <size>0x7d</size>
         <input_file_ref idref="fl-3d"/>
      </object_component>
      <object_component id="oc-377">
         <name>.text</name>
         <load_address>0x87ac9</load_address>
         <run_address>0x87ac9</run_address>
         <size>0x73</size>
         <input_file_ref idref="fl-39"/>
      </object_component>
      <object_component id="oc-14d">
         <name>.text:retain</name>
         <load_address>0x87b3c</load_address>
         <run_address>0x87b3c</run_address>
         <size>0x72</size>
         <input_file_ref idref="fl-13"/>
      </object_component>
      <object_component id="oc-3a2">
         <name>.text</name>
         <load_address>0x87bae</load_address>
         <run_address>0x87bae</run_address>
         <size>0x71</size>
         <input_file_ref idref="fl-73"/>
      </object_component>
      <object_component id="oc-385">
         <name>.text</name>
         <load_address>0x87c1f</load_address>
         <run_address>0x87c1f</run_address>
         <size>0x67</size>
         <input_file_ref idref="fl-3c"/>
      </object_component>
      <object_component id="oc-380">
         <name>.text</name>
         <load_address>0x87c86</load_address>
         <run_address>0x87c86</run_address>
         <size>0x5f</size>
         <input_file_ref idref="fl-11"/>
      </object_component>
      <object_component id="oc-378">
         <name>.text</name>
         <load_address>0x87ce5</load_address>
         <run_address>0x87ce5</run_address>
         <size>0x5e</size>
         <input_file_ref idref="fl-f"/>
      </object_component>
      <object_component id="oc-3a3">
         <name>.text</name>
         <load_address>0x87d43</load_address>
         <run_address>0x87d43</run_address>
         <size>0x5d</size>
         <input_file_ref idref="fl-75"/>
      </object_component>
      <object_component id="oc-39f">
         <name>.text</name>
         <load_address>0x87da0</load_address>
         <run_address>0x87da0</run_address>
         <size>0x5b</size>
         <input_file_ref idref="fl-6c"/>
      </object_component>
      <object_component id="oc-38a">
         <name>.text</name>
         <load_address>0x87dfb</load_address>
         <run_address>0x87dfb</run_address>
         <size>0x5a</size>
         <input_file_ref idref="fl-3f"/>
      </object_component>
      <object_component id="oc-345">
         <name>.text</name>
         <load_address>0x87e55</load_address>
         <run_address>0x87e55</run_address>
         <size>0x59</size>
         <input_file_ref idref="fl-5"/>
      </object_component>
      <object_component id="oc-85">
         <name>.text</name>
         <load_address>0x87eae</load_address>
         <run_address>0x87eae</run_address>
         <size>0x56</size>
         <input_file_ref idref="fl-41"/>
      </object_component>
      <object_component id="oc-381">
         <name>.text</name>
         <load_address>0x87f04</load_address>
         <run_address>0x87f04</run_address>
         <size>0x53</size>
         <input_file_ref idref="fl-3a"/>
      </object_component>
      <object_component id="oc-3a6">
         <name>.text</name>
         <load_address>0x87f57</load_address>
         <run_address>0x87f57</run_address>
         <size>0x51</size>
         <input_file_ref idref="fl-76"/>
      </object_component>
      <object_component id="oc-3a1">
         <name>.text</name>
         <load_address>0x87fa8</load_address>
         <run_address>0x87fa8</run_address>
         <size>0x3e</size>
         <input_file_ref idref="fl-6f"/>
      </object_component>
      <object_component id="oc-3ac">
         <name>.text</name>
         <load_address>0x87fe6</load_address>
         <run_address>0x87fe6</run_address>
         <size>0x19</size>
         <input_file_ref idref="fl-7b"/>
      </object_component>
      <object_component id="oc-392">
         <name>.text</name>
         <load_address>0x88000</load_address>
         <run_address>0x88000</run_address>
         <size>0x3d</size>
         <input_file_ref idref="fl-6a"/>
      </object_component>
      <object_component id="oc-39b">
         <name>.text</name>
         <load_address>0x8803d</load_address>
         <run_address>0x8803d</run_address>
         <size>0x3c</size>
         <input_file_ref idref="fl-6d"/>
      </object_component>
      <object_component id="oc-39e">
         <name>.text</name>
         <load_address>0x88079</load_address>
         <run_address>0x88079</run_address>
         <size>0x39</size>
         <input_file_ref idref="fl-71"/>
      </object_component>
      <object_component id="oc-39d">
         <name>.text</name>
         <load_address>0x880b2</load_address>
         <run_address>0x880b2</run_address>
         <size>0x38</size>
         <input_file_ref idref="fl-6e"/>
      </object_component>
      <object_component id="oc-374">
         <name>.text</name>
         <load_address>0x880ea</load_address>
         <run_address>0x880ea</run_address>
         <size>0x34</size>
         <input_file_ref idref="fl-37"/>
      </object_component>
      <object_component id="oc-3a7">
         <name>.text</name>
         <load_address>0x8811e</load_address>
         <run_address>0x8811e</run_address>
         <size>0x33</size>
         <input_file_ref idref="fl-7a"/>
      </object_component>
      <object_component id="oc-388">
         <name>.text</name>
         <load_address>0x88151</load_address>
         <run_address>0x88151</run_address>
         <size>0x31</size>
         <input_file_ref idref="fl-5b"/>
      </object_component>
      <object_component id="oc-205">
         <name>.text</name>
         <load_address>0x88182</load_address>
         <run_address>0x88182</run_address>
         <size>0x2a</size>
         <input_file_ref idref="fl-43"/>
      </object_component>
      <object_component id="oc-246">
         <name>.text</name>
         <load_address>0x881ac</load_address>
         <run_address>0x881ac</run_address>
         <size>0x2a</size>
         <input_file_ref idref="fl-50"/>
      </object_component>
      <object_component id="oc-328">
         <name>.text</name>
         <load_address>0x881d6</load_address>
         <run_address>0x881d6</run_address>
         <size>0x29</size>
         <input_file_ref idref="fl-57"/>
      </object_component>
      <object_component id="oc-39c">
         <name>.text</name>
         <load_address>0x881ff</load_address>
         <run_address>0x881ff</run_address>
         <size>0x29</size>
         <input_file_ref idref="fl-6b"/>
      </object_component>
      <object_component id="oc-352">
         <name>.text</name>
         <load_address>0x88228</load_address>
         <run_address>0x88228</run_address>
         <size>0x28</size>
         <input_file_ref idref="fl-19"/>
      </object_component>
      <object_component id="oc-395">
         <name>.text</name>
         <load_address>0x88250</load_address>
         <run_address>0x88250</run_address>
         <size>0x25</size>
         <input_file_ref idref="fl-68"/>
      </object_component>
      <object_component id="oc-325">
         <name>.text</name>
         <load_address>0x88275</load_address>
         <run_address>0x88275</run_address>
         <size>0x24</size>
         <input_file_ref idref="fl-53"/>
      </object_component>
      <object_component id="oc-3a0">
         <name>.text</name>
         <load_address>0x88299</load_address>
         <run_address>0x88299</run_address>
         <size>0x24</size>
         <input_file_ref idref="fl-70"/>
      </object_component>
      <object_component id="oc-237">
         <name>.text</name>
         <load_address>0x882bd</load_address>
         <run_address>0x882bd</run_address>
         <size>0x22</size>
         <input_file_ref idref="fl-4d"/>
      </object_component>
      <object_component id="oc-219">
         <name>.text</name>
         <load_address>0x882df</load_address>
         <run_address>0x882df</run_address>
         <size>0x21</size>
         <input_file_ref idref="fl-47"/>
      </object_component>
      <object_component id="oc-21e">
         <name>.text</name>
         <load_address>0x88300</load_address>
         <run_address>0x88300</run_address>
         <size>0x1f</size>
         <input_file_ref idref="fl-48"/>
      </object_component>
      <object_component id="oc-228">
         <name>.text</name>
         <load_address>0x8831f</load_address>
         <run_address>0x8831f</run_address>
         <size>0x1e</size>
         <input_file_ref idref="fl-4a"/>
      </object_component>
      <object_component id="oc-232">
         <name>.text</name>
         <load_address>0x8833d</load_address>
         <run_address>0x8833d</run_address>
         <size>0x1d</size>
         <input_file_ref idref="fl-4c"/>
      </object_component>
      <object_component id="oc-32e">
         <name>.text</name>
         <load_address>0x8835a</load_address>
         <run_address>0x8835a</run_address>
         <size>0x1d</size>
         <input_file_ref idref="fl-54"/>
      </object_component>
      <object_component id="oc-24b">
         <name>.text</name>
         <load_address>0x88377</load_address>
         <run_address>0x88377</run_address>
         <size>0x1c</size>
         <input_file_ref idref="fl-51"/>
      </object_component>
      <object_component id="oc-241">
         <name>.text</name>
         <load_address>0x88393</load_address>
         <run_address>0x88393</run_address>
         <size>0x1c</size>
         <input_file_ref idref="fl-4f"/>
      </object_component>
      <object_component id="oc-384">
         <name>.text</name>
         <load_address>0x883af</load_address>
         <run_address>0x883af</run_address>
         <size>0x19</size>
         <input_file_ref idref="fl-66"/>
      </object_component>
      <object_component id="oc-223">
         <name>.text</name>
         <load_address>0x883c8</load_address>
         <run_address>0x883c8</run_address>
         <size>0x18</size>
         <input_file_ref idref="fl-49"/>
      </object_component>
      <object_component id="oc-398">
         <name>.text</name>
         <load_address>0x883e0</load_address>
         <run_address>0x883e0</run_address>
         <size>0x18</size>
         <input_file_ref idref="fl-74"/>
      </object_component>
      <object_component id="oc-3ab">
         <name>.text</name>
         <load_address>0x883f8</load_address>
         <run_address>0x883f8</run_address>
         <size>0x15</size>
         <input_file_ref idref="fl-78"/>
      </object_component>
      <object_component id="oc-353">
         <name>.text</name>
         <load_address>0x8840d</load_address>
         <run_address>0x8840d</run_address>
         <size>0x12</size>
         <input_file_ref idref="fl-1a"/>
      </object_component>
      <object_component id="oc-327">
         <name>.text</name>
         <load_address>0x8841f</load_address>
         <run_address>0x8841f</run_address>
         <size>0x12</size>
         <input_file_ref idref="fl-5a"/>
      </object_component>
      <object_component id="oc-38e">
         <name>.text</name>
         <load_address>0x88431</load_address>
         <run_address>0x88431</run_address>
         <size>0x10</size>
         <input_file_ref idref="fl-5e"/>
      </object_component>
      <object_component id="oc-186">
         <name>.text:retain</name>
         <load_address>0x88441</load_address>
         <run_address>0x88441</run_address>
         <size>0xf</size>
         <input_file_ref idref="fl-1d"/>
      </object_component>
      <object_component id="oc-214">
         <name>.text</name>
         <load_address>0x88450</load_address>
         <run_address>0x88450</run_address>
         <size>0xe</size>
         <input_file_ref idref="fl-46"/>
      </object_component>
      <object_component id="oc-387">
         <name>.text</name>
         <load_address>0x8845e</load_address>
         <run_address>0x8845e</run_address>
         <size>0xd</size>
         <input_file_ref idref="fl-5f"/>
      </object_component>
      <object_component id="oc-38c">
         <name>.text</name>
         <load_address>0x8846b</load_address>
         <run_address>0x8846b</run_address>
         <size>0xc</size>
         <input_file_ref idref="fl-62"/>
      </object_component>
      <object_component id="oc-23c">
         <name>.text</name>
         <load_address>0x88477</load_address>
         <run_address>0x88477</run_address>
         <size>0xb</size>
         <input_file_ref idref="fl-4e"/>
      </object_component>
      <object_component id="oc-3aa">
         <name>.text</name>
         <load_address>0x88482</load_address>
         <run_address>0x88482</run_address>
         <size>0xa</size>
         <input_file_ref idref="fl-77"/>
      </object_component>
      <object_component id="oc-34a">
         <name>.text</name>
         <load_address>0x8848c</load_address>
         <run_address>0x8848c</run_address>
         <size>0x9</size>
         <input_file_ref idref="fl-58"/>
      </object_component>
      <object_component id="oc-20f">
         <name>.text</name>
         <load_address>0x88495</load_address>
         <run_address>0x88495</run_address>
         <size>0x9</size>
         <input_file_ref idref="fl-45"/>
      </object_component>
      <object_component id="oc-38f">
         <name>.text</name>
         <load_address>0x8849e</load_address>
         <run_address>0x8849e</run_address>
         <size>0x9</size>
         <input_file_ref idref="fl-3e"/>
      </object_component>
      <object_component id="oc-cf">
         <name>.text</name>
         <load_address>0x884a7</load_address>
         <run_address>0x884a7</run_address>
         <size>0x8</size>
         <input_file_ref idref="fl-e"/>
      </object_component>
      <object_component id="oc-386">
         <name>.text</name>
         <load_address>0x884af</load_address>
         <run_address>0x884af</run_address>
         <size>0x8</size>
         <input_file_ref idref="fl-64"/>
      </object_component>
      <object_component id="oc-33c">
         <name>.text</name>
         <load_address>0x884b7</load_address>
         <run_address>0x884b7</run_address>
         <size>0x7</size>
         <input_file_ref idref="fl-61"/>
      </object_component>
      <object_component id="oc-38d">
         <name>.text</name>
         <load_address>0x884be</load_address>
         <run_address>0x884be</run_address>
         <size>0x5</size>
         <input_file_ref idref="fl-63"/>
      </object_component>
      <object_component id="oc-3a9">
         <name>.text</name>
         <load_address>0x884c3</load_address>
         <run_address>0x884c3</run_address>
         <size>0x3</size>
         <input_file_ref idref="fl-79"/>
      </object_component>
      <object_component id="oc-324">
         <name>.text</name>
         <load_address>0x884c6</load_address>
         <run_address>0x884c6</run_address>
         <size>0x2</size>
         <input_file_ref idref="fl-55"/>
      </object_component>
      <object_component id="oc-d0">
         <name>codestart</name>
         <load_address>0x80000</load_address>
         <run_address>0x80000</run_address>
         <size>0x2</size>
         <input_file_ref idref="fl-e"/>
      </object_component>
      <object_component id="oc-347">
         <name>ramfuncs</name>
         <load_address>0x86000</load_address>
         <run_address>0x8000</run_address>
         <size>0x904</size>
         <input_file_ref idref="fl-26"/>
      </object_component>
      <object_component id="oc-346">
         <name>ramfuncs</name>
         <load_address>0x86904</load_address>
         <run_address>0x8904</run_address>
         <size>0x1c7</size>
         <input_file_ref idref="fl-22"/>
      </object_component>
      <object_component id="oc-329">
         <name>ramfuncs</name>
         <load_address>0x86acb</load_address>
         <run_address>0x8acb</run_address>
         <size>0x196</size>
         <input_file_ref idref="fl-4"/>
      </object_component>
      <object_component id="oc-348">
         <name>ramfuncs</name>
         <load_address>0x86c61</load_address>
         <run_address>0x8c61</run_address>
         <size>0xd3</size>
         <input_file_ref idref="fl-23"/>
      </object_component>
      <object_component id="oc-33d">
         <name>ramfuncs</name>
         <load_address>0x86d34</load_address>
         <run_address>0x8d34</run_address>
         <size>0xd3</size>
         <input_file_ref idref="fl-24"/>
      </object_component>
      <object_component id="oc-349">
         <name>ramfuncs</name>
         <load_address>0x86e07</load_address>
         <run_address>0x8e07</run_address>
         <size>0xd3</size>
         <input_file_ref idref="fl-25"/>
      </object_component>
      <object_component id="oc-99">
         <name>ramfuncs:retain</name>
         <load_address>0x86eda</load_address>
         <run_address>0x8eda</run_address>
         <size>0x4f</size>
         <input_file_ref idref="fl-4"/>
      </object_component>
      <object_component id="oc-37e">
         <name>ramfuncs</name>
         <load_address>0x86f29</load_address>
         <run_address>0x8f29</run_address>
         <size>0x2c</size>
         <input_file_ref idref="fl-1b"/>
      </object_component>
      <object_component id="oc-180">
         <name>ramfuncs</name>
         <load_address>0x86f55</load_address>
         <run_address>0x8f55</run_address>
         <size>0x4</size>
         <input_file_ref idref="fl-1c"/>
      </object_component>
      <object_component id="oc-1fa">
         <name>.stack</name>
         <uninitialized>true</uninitialized>
         <run_address>0x400</run_address>
         <size>0x0</size>
         <input_file_ref idref="fl-41"/>
      </object_component>
      <object_component id="oc-439">
         <name>.stack</name>
         <uninitialized>true</uninitialized>
         <run_address>0x400</run_address>
         <size>0x0</size>
      </object_component>
      <object_component id="oc-365">
         <name>.ebss:_DATA_QUE_WR_C</name>
         <uninitialized>true</uninitialized>
         <run_address>0xac00</run_address>
         <size>0x1f4</size>
         <input_file_ref idref="fl-22"/>
      </object_component>
      <object_component id="oc-335">
         <name>.ebss:_ADC_Avg</name>
         <uninitialized>true</uninitialized>
         <run_address>0xadf4</run_address>
         <size>0xc</size>
         <input_file_ref idref="fl-4"/>
      </object_component>
      <object_component id="oc-367">
         <name>.ebss:_FUNC_QUE_C</name>
         <uninitialized>true</uninitialized>
         <run_address>0xae00</run_address>
         <size>0x1f4</size>
         <input_file_ref idref="fl-22"/>
      </object_component>
      <object_component id="oc-332">
         <name>.ebss:_ADC_Result</name>
         <uninitialized>true</uninitialized>
         <run_address>0xaff4</run_address>
         <size>0xc</size>
         <input_file_ref idref="fl-4"/>
      </object_component>
      <object_component id="oc-8e">
         <name>.ebss</name>
         <uninitialized>true</uninitialized>
         <run_address>0xc000</run_address>
         <size>0x82a</size>
         <input_file_ref idref="fl-3"/>
      </object_component>
      <object_component id="oc-1a1">
         <name>.ebss</name>
         <uninitialized>true</uninitialized>
         <run_address>0xc82a</run_address>
         <size>0x13</size>
         <input_file_ref idref="fl-22"/>
      </object_component>
      <object_component id="oc-14c">
         <name>.ebss</name>
         <uninitialized>true</uninitialized>
         <run_address>0xc83d</run_address>
         <size>0x1</size>
         <input_file_ref idref="fl-13"/>
      </object_component>
      <object_component id="oc-19b">
         <name>.ebss</name>
         <uninitialized>true</uninitialized>
         <run_address>0xc83e</run_address>
         <size>0x2</size>
         <input_file_ref idref="fl-21"/>
      </object_component>
      <object_component id="oc-36b">
         <name>.ebss:_ID_QUE_RD_C</name>
         <uninitialized>true</uninitialized>
         <run_address>0xc840</run_address>
         <size>0x1f4</size>
         <input_file_ref idref="fl-22"/>
      </object_component>
      <object_component id="oc-3a4">
         <name>.ebss:_parmbuf</name>
         <uninitialized>true</uninitialized>
         <run_address>0xca34</run_address>
         <size>0x8</size>
         <input_file_ref idref="fl-6d"/>
      </object_component>
      <object_component id="oc-296">
         <name>.ebss</name>
         <uninitialized>true</uninitialized>
         <run_address>0xca3c</run_address>
         <size>0x4</size>
         <input_file_ref idref="fl-60"/>
      </object_component>
      <object_component id="oc-368">
         <name>.ebss:_ID_QUE_WR_C</name>
         <uninitialized>true</uninitialized>
         <run_address>0xca40</run_address>
         <size>0x1f4</size>
         <input_file_ref idref="fl-22"/>
      </object_component>
      <object_component id="oc-339">
         <name>.ebss:_txbuff</name>
         <uninitialized>true</uninitialized>
         <run_address>0xcc34</run_address>
         <size>0x8</size>
         <input_file_ref idref="fl-a"/>
      </object_component>
      <object_component id="oc-330">
         <name>.ebss:__lock</name>
         <uninitialized>true</uninitialized>
         <run_address>0xcc3c</run_address>
         <size>0x2</size>
         <input_file_ref idref="fl-58"/>
      </object_component>
      <object_component id="oc-37d">
         <name>.ebss:__unlock</name>
         <uninitialized>true</uninitialized>
         <run_address>0xcc3e</run_address>
         <size>0x2</size>
         <input_file_ref idref="fl-58"/>
      </object_component>
      <object_component id="oc-366">
         <name>.ebss:_MODT_BUFF_C</name>
         <uninitialized>true</uninitialized>
         <run_address>0xcc40</run_address>
         <size>0x1f4</size>
         <input_file_ref idref="fl-22"/>
      </object_component>
      <object_component id="oc-9f">
         <name>.ebss</name>
         <uninitialized>true</uninitialized>
         <run_address>0xce34</run_address>
         <size>0x6</size>
         <input_file_ref idref="fl-5"/>
      </object_component>
      <object_component id="oc-35d">
         <name>.ebss:_maska</name>
         <uninitialized>true</uninitialized>
         <run_address>0xce3a</run_address>
         <size>0x6</size>
         <input_file_ref idref="fl-23"/>
      </object_component>
      <object_component id="oc-338">
         <name>.ebss:_sRXCANMessageA</name>
         <uninitialized>true</uninitialized>
         <run_address>0xce40</run_address>
         <size>0xc8</size>
         <input_file_ref idref="fl-8"/>
      </object_component>
      <object_component id="oc-390">
         <name>.ebss:__stream</name>
         <uninitialized>true</uninitialized>
         <run_address>0xcf08</run_address>
         <size>0x28</size>
         <input_file_ref idref="fl-67"/>
      </object_component>
      <object_component id="oc-bb">
         <name>.ebss</name>
         <uninitialized>true</uninitialized>
         <run_address>0xcf30</run_address>
         <size>0x10</size>
         <input_file_ref idref="fl-a"/>
      </object_component>
      <object_component id="oc-36e">
         <name>.ebss:_SmileKey</name>
         <uninitialized>true</uninitialized>
         <run_address>0xcf40</run_address>
         <size>0xa8</size>
         <input_file_ref idref="fl-26"/>
      </object_component>
      <object_component id="oc-d6">
         <name>.ebss</name>
         <uninitialized>true</uninitialized>
         <run_address>0xcfe8</run_address>
         <size>0x18</size>
         <input_file_ref idref="fl-f"/>
      </object_component>
      <object_component id="oc-36c">
         <name>.ebss:_NUM_QUE_RD_C</name>
         <uninitialized>true</uninitialized>
         <run_address>0xd000</run_address>
         <size>0x1f4</size>
         <input_file_ref idref="fl-22"/>
      </object_component>
      <object_component id="oc-34d">
         <name>.ebss:_maskb</name>
         <uninitialized>true</uninitialized>
         <run_address>0xd1f4</run_address>
         <size>0x6</size>
         <input_file_ref idref="fl-24"/>
      </object_component>
      <object_component id="oc-361">
         <name>.ebss:_maskd</name>
         <uninitialized>true</uninitialized>
         <run_address>0xd1fa</run_address>
         <size>0x6</size>
         <input_file_ref idref="fl-25"/>
      </object_component>
      <object_component id="oc-369">
         <name>.ebss:_NUM_QUE_WR_C</name>
         <uninitialized>true</uninitialized>
         <run_address>0xd200</run_address>
         <size>0x1f4</size>
         <input_file_ref idref="fl-22"/>
      </object_component>
      <object_component id="oc-26b">
         <name>.ebss</name>
         <uninitialized>true</uninitialized>
         <run_address>0xd3f4</run_address>
         <size>0x6</size>
         <input_file_ref idref="fl-57"/>
      </object_component>
      <object_component id="oc-1a8">
         <name>.ebss</name>
         <uninitialized>true</uninitialized>
         <run_address>0xd3fa</run_address>
         <size>0x5</size>
         <input_file_ref idref="fl-23"/>
      </object_component>
      <object_component id="oc-288">
         <name>.ebss</name>
         <uninitialized>true</uninitialized>
         <run_address>0xd3ff</run_address>
         <size>0x1</size>
         <input_file_ref idref="fl-5d"/>
      </object_component>
      <object_component id="oc-362">
         <name>.ebss:_TRANSMIT_QUE_C</name>
         <uninitialized>true</uninitialized>
         <run_address>0xd400</run_address>
         <size>0x1f4</size>
         <input_file_ref idref="fl-22"/>
      </object_component>
      <object_component id="oc-1af">
         <name>.ebss</name>
         <uninitialized>true</uninitialized>
         <run_address>0xd5f4</run_address>
         <size>0x5</size>
         <input_file_ref idref="fl-24"/>
      </object_component>
      <object_component id="oc-1b6">
         <name>.ebss</name>
         <uninitialized>true</uninitialized>
         <run_address>0xd5f9</run_address>
         <size>0x5</size>
         <input_file_ref idref="fl-25"/>
      </object_component>
      <object_component id="oc-2b2">
         <name>.ebss</name>
         <uninitialized>true</uninitialized>
         <run_address>0xd5fe</run_address>
         <size>0x1</size>
         <input_file_ref idref="fl-65"/>
      </object_component>
      <object_component id="oc-2c2">
         <name>.ebss</name>
         <uninitialized>true</uninitialized>
         <run_address>0xd5ff</run_address>
         <size>0x1</size>
         <input_file_ref idref="fl-69"/>
      </object_component>
      <object_component id="oc-379">
         <name>.ebss:_mask_c</name>
         <uninitialized>true</uninitialized>
         <run_address>0xd600</run_address>
         <size>0x1f4</size>
         <input_file_ref idref="fl-22"/>
      </object_component>
      <object_component id="oc-2f7">
         <name>.ebss</name>
         <uninitialized>true</uninitialized>
         <run_address>0xd7f4</run_address>
         <size>0x1</size>
         <input_file_ref idref="fl-73"/>
      </object_component>
      <object_component id="oc-36d">
         <name>.ebss:_wModData_C</name>
         <uninitialized>true</uninitialized>
         <run_address>0xd800</run_address>
         <size>0x1f4</size>
         <input_file_ref idref="fl-22"/>
      </object_component>
      <object_component id="oc-33b">
         <name>.ebss:_sRXCANMessageB</name>
         <uninitialized>true</uninitialized>
         <run_address>0xda00</run_address>
         <size>0xc8</size>
         <input_file_ref idref="fl-8"/>
      </object_component>
      <object_component id="oc-af">
         <name>.ebss</name>
         <uninitialized>true</uninitialized>
         <run_address>0xdac8</run_address>
         <size>0x22</size>
         <input_file_ref idref="fl-8"/>
      </object_component>
      <object_component id="oc-87">
         <name>.ebss</name>
         <uninitialized>true</uninitialized>
         <run_address>0xdaea</run_address>
         <size>0xe</size>
         <input_file_ref idref="fl-2"/>
      </object_component>
      <object_component id="oc-372">
         <name>.ebss:_CAN_RXDA</name>
         <uninitialized>true</uninitialized>
         <run_address>0xdb00</run_address>
         <size>0xa0</size>
         <input_file_ref idref="fl-a"/>
      </object_component>
      <object_component id="oc-1bd">
         <name>.ebss</name>
         <uninitialized>true</uninitialized>
         <run_address>0xdba0</run_address>
         <size>0x19</size>
         <input_file_ref idref="fl-26"/>
      </object_component>
      <object_component id="oc-373">
         <name>.ebss:_CAN_RXDB</name>
         <uninitialized>true</uninitialized>
         <run_address>0xdbc0</run_address>
         <size>0xa0</size>
         <input_file_ref idref="fl-a"/>
      </object_component>
      <object_component id="oc-333">
         <name>.ebss:_ADC_Buf</name>
         <uninitialized>true</uninitialized>
         <run_address>0xdc60</run_address>
         <size>0x18</size>
         <input_file_ref idref="fl-4"/>
      </object_component>
      <object_component id="oc-3a8">
         <name>.ebss:___TI_tmpnams</name>
         <uninitialized>true</uninitialized>
         <run_address>0xdc80</run_address>
         <size>0xa0</size>
         <input_file_ref idref="fl-5d"/>
      </object_component>
      <object_component id="oc-375">
         <name>.ebss:__ftable</name>
         <uninitialized>true</uninitialized>
         <run_address>0xdd40</run_address>
         <size>0x78</size>
         <input_file_ref idref="fl-5d"/>
      </object_component>
      <object_component id="oc-35a">
         <name>.ebss:_IDA_QUE</name>
         <uninitialized>true</uninitialized>
         <run_address>0xddc0</run_address>
         <size>0x64</size>
         <input_file_ref idref="fl-23"/>
      </object_component>
      <object_component id="oc-34e">
         <name>.ebss:_IDB_QUE</name>
         <uninitialized>true</uninitialized>
         <run_address>0xde40</run_address>
         <size>0x64</size>
         <input_file_ref idref="fl-24"/>
      </object_component>
      <object_component id="oc-35e">
         <name>.ebss:_IDD_QUE</name>
         <uninitialized>true</uninitialized>
         <run_address>0xdec0</run_address>
         <size>0x64</size>
         <input_file_ref idref="fl-25"/>
      </object_component>
      <object_component id="oc-35c">
         <name>.ebss:_RXA_QUE</name>
         <uninitialized>true</uninitialized>
         <run_address>0xdf40</run_address>
         <size>0x64</size>
         <input_file_ref idref="fl-23"/>
      </object_component>
      <object_component id="oc-34f">
         <name>.ebss:_RXB_QUE</name>
         <uninitialized>true</uninitialized>
         <run_address>0x16000</run_address>
         <size>0x64</size>
         <input_file_ref idref="fl-24"/>
      </object_component>
      <object_component id="oc-360">
         <name>.ebss:_RXD_QUE</name>
         <uninitialized>true</uninitialized>
         <run_address>0x16080</run_address>
         <size>0x64</size>
         <input_file_ref idref="fl-25"/>
      </object_component>
      <object_component id="oc-35b">
         <name>.ebss:_TXA_QUE</name>
         <uninitialized>true</uninitialized>
         <run_address>0x16100</run_address>
         <size>0x64</size>
         <input_file_ref idref="fl-23"/>
      </object_component>
      <object_component id="oc-34c">
         <name>.ebss:_TXB_QUE</name>
         <uninitialized>true</uninitialized>
         <run_address>0x16180</run_address>
         <size>0x64</size>
         <input_file_ref idref="fl-24"/>
      </object_component>
      <object_component id="oc-35f">
         <name>.ebss:_TXD_QUE</name>
         <uninitialized>true</uninitialized>
         <run_address>0x16200</run_address>
         <size>0x64</size>
         <input_file_ref idref="fl-25"/>
      </object_component>
      <object_component id="oc-396">
         <name>.ebss:__device</name>
         <uninitialized>true</uninitialized>
         <run_address>0x16280</run_address>
         <size>0x48</size>
         <input_file_ref idref="fl-67"/>
      </object_component>
      <object_component id="oc-95">
         <name>.ebss</name>
         <uninitialized>true</uninitialized>
         <run_address>0x16300</run_address>
         <size>0x44</size>
         <input_file_ref idref="fl-4"/>
      </object_component>
      <object_component id="oc-297">
         <name>.esysmem</name>
         <uninitialized>true</uninitialized>
         <run_address>0xa800</run_address>
         <size>0x4</size>
         <input_file_ref idref="fl-60"/>
      </object_component>
      <object_component id="oc-43a">
         <name>.esysmem</name>
         <uninitialized>true</uninitialized>
         <run_address>0xa800</run_address>
         <size>0x0</size>
      </object_component>
      <object_component id="oc-1be">
         <name>.econst:.string</name>
         <load_address>0x90000</load_address>
         <run_address>0x90000</run_address>
         <size>0x414</size>
         <input_file_ref idref="fl-26"/>
      </object_component>
      <object_component id="oc-37f">
         <name>.econst:_PieVectTableInit</name>
         <load_address>0x90414</load_address>
         <run_address>0x90414</run_address>
         <size>0x1c0</size>
         <input_file_ref idref="fl-1a"/>
      </object_component>
      <object_component id="oc-394">
         <name>.econst:.string:__ctypes_</name>
         <load_address>0x905d4</load_address>
         <run_address>0x905d4</run_address>
         <size>0x101</size>
         <input_file_ref idref="fl-5c"/>
      </object_component>
      <object_component id="oc-363">
         <name>.econst:.string:_cbCRCHi_C</name>
         <load_address>0x906d5</load_address>
         <run_address>0x906d5</run_address>
         <size>0x100</size>
         <input_file_ref idref="fl-22"/>
      </object_component>
      <object_component id="oc-364">
         <name>.econst:.string:_cbCRCLo_C</name>
         <load_address>0x907d5</load_address>
         <run_address>0x907d5</run_address>
         <size>0x100</size>
         <input_file_ref idref="fl-22"/>
      </object_component>
      <object_component id="oc-33a">
         <name>.econst:_SET</name>
         <load_address>0x908d5</load_address>
         <run_address>0x908d5</run_address>
         <size>0x9c</size>
         <input_file_ref idref="fl-4"/>
      </object_component>
      <object_component id="oc-37c">
         <name>.econst:_SMK_SET</name>
         <load_address>0x90971</load_address>
         <run_address>0x90971</run_address>
         <size>0x42</size>
         <input_file_ref idref="fl-26"/>
      </object_component>
      <object_component id="oc-96">
         <name>.econst</name>
         <load_address>0x909b3</load_address>
         <run_address>0x909b3</run_address>
         <size>0x1</size>
         <input_file_ref idref="fl-4"/>
      </object_component>
      <object_component id="oc-1ca">
         <name>.econst:.string</name>
         <load_address>0x909b4</load_address>
         <run_address>0x909b4</run_address>
         <size>0x26</size>
         <input_file_ref idref="fl-38"/>
      </object_component>
      <object_component id="oc-1c9">
         <name>.econst</name>
         <load_address>0x909da</load_address>
         <run_address>0x909da</run_address>
         <size>0x1c</size>
         <input_file_ref idref="fl-38"/>
      </object_component>
      <object_component id="oc-1f5">
         <name>.econst</name>
         <load_address>0x909f6</load_address>
         <run_address>0x909f6</run_address>
         <size>0x1c</size>
         <input_file_ref idref="fl-40"/>
      </object_component>
      <object_component id="oc-334">
         <name>.econst:_ADC_GAIN</name>
         <load_address>0x90a12</load_address>
         <run_address>0x90a12</run_address>
         <size>0xc</size>
         <input_file_ref idref="fl-4"/>
      </object_component>
      <object_component id="oc-337">
         <name>.econst:_g_ui16CANBitValues</name>
         <load_address>0x90a1e</load_address>
         <run_address>0x90a1e</run_address>
         <size>0x9</size>
         <input_file_ref idref="fl-9"/>
      </object_component>
      <object_component id="oc-1ef">
         <name>.econst</name>
         <load_address>0x90a28</load_address>
         <run_address>0x90a28</run_address>
         <size>0x8</size>
         <input_file_ref idref="fl-3f"/>
      </object_component>
      <object_component id="oc-1da">
         <name>.econst:.string</name>
         <load_address>0x90a30</load_address>
         <run_address>0x90a30</run_address>
         <size>0x2</size>
         <input_file_ref idref="fl-3b"/>
      </object_component>
      <object_component id="oc-36a">
         <name>.switch:_MODBUS_FUNC_23_C</name>
         <load_address>0x82000</load_address>
         <run_address>0x82000</run_address>
         <size>0xf4</size>
         <input_file_ref idref="fl-22"/>
      </object_component>
      <object_component id="oc-371">
         <name>.switch:_MODBUS_FUNC_4_C</name>
         <load_address>0x820f4</load_address>
         <run_address>0x820f4</run_address>
         <size>0xc4</size>
         <input_file_ref idref="fl-22"/>
      </object_component>
      <object_component id="oc-36f">
         <name>.switch:_MODBUS_FUNC_16_C</name>
         <load_address>0x821b8</load_address>
         <run_address>0x821b8</run_address>
         <size>0x30</size>
         <input_file_ref idref="fl-22"/>
      </object_component>
      <object_component id="oc-370">
         <name>.switch:_MODBUS_FUNC_6_C</name>
         <load_address>0x821e8</load_address>
         <run_address>0x821e8</run_address>
         <size>0x30</size>
         <input_file_ref idref="fl-22"/>
      </object_component>
      <object_component id="oc-37a">
         <name>.switch:_TargetCommParsing</name>
         <load_address>0x82218</load_address>
         <run_address>0x82218</run_address>
         <size>0x24</size>
         <input_file_ref idref="fl-26"/>
      </object_component>
      <object_component id="oc-37b">
         <name>.switch:_ElectricalRequirementTest</name>
         <load_address>0x8223c</load_address>
         <run_address>0x8223c</run_address>
         <size>0x18</size>
         <input_file_ref idref="fl-26"/>
      </object_component>
      <object_component id="oc-1fb">
         <name>.reset</name>
         <load_address>0x3fffc0</load_address>
         <run_address>0x3fffc0</run_address>
         <size>0x2</size>
         <input_file_ref idref="fl-41"/>
      </object_component>
      <object_component id="oc-97">
         <name>SHARERAMGS2</name>
         <uninitialized>true</uninitialized>
         <run_address>0xe000</run_address>
         <size>0xde</size>
         <input_file_ref idref="fl-4"/>
      </object_component>
      <object_component id="oc-98">
         <name>SHARERAMGS4</name>
         <uninitialized>true</uninitialized>
         <run_address>0x10000</run_address>
         <size>0x4c6</size>
         <input_file_ref idref="fl-4"/>
      </object_component>
      <object_component id="oc-161">
         <name>PUTBUFFER</name>
         <uninitialized>true</uninitialized>
         <run_address>0x3fc00</run_address>
         <size>0x80</size>
         <input_file_ref idref="fl-16"/>
      </object_component>
      <object_component id="oc-15d">
         <name>PUTWRITEIDX</name>
         <uninitialized>true</uninitialized>
         <run_address>0x3fc80</run_address>
         <size>0x4</size>
         <input_file_ref idref="fl-16"/>
      </object_component>
      <object_component id="oc-160">
         <name>GETREADIDX</name>
         <uninitialized>true</uninitialized>
         <run_address>0x3fc84</run_address>
         <size>0x4</size>
         <input_file_ref idref="fl-16"/>
      </object_component>
      <object_component id="oc-162">
         <name>GETBUFFER</name>
         <uninitialized>true</uninitialized>
         <run_address>0x3f800</run_address>
         <size>0x80</size>
         <input_file_ref idref="fl-16"/>
      </object_component>
      <object_component id="oc-15f">
         <name>GETWRITEIDX</name>
         <uninitialized>true</uninitialized>
         <run_address>0x3f880</run_address>
         <size>0x4</size>
         <input_file_ref idref="fl-16"/>
      </object_component>
      <object_component id="oc-15e">
         <name>PUTREADIDX</name>
         <uninitialized>true</uninitialized>
         <run_address>0x3f884</run_address>
         <size>0x4</size>
         <input_file_ref idref="fl-16"/>
      </object_component>
      <object_component id="oc-146">
         <name>PieVectTableFile</name>
         <uninitialized>true</uninitialized>
         <run_address>0xd00</run_address>
         <size>0x1c0</size>
         <input_file_ref idref="fl-12"/>
      </object_component>
      <object_component id="oc-e7">
         <name>EmuKeyVar</name>
         <uninitialized>true</uninitialized>
         <run_address>0xd00</run_address>
         <size>0x1</size>
         <input_file_ref idref="fl-12"/>
      </object_component>
      <object_component id="oc-e8">
         <name>EmuBModeVar</name>
         <uninitialized>true</uninitialized>
         <run_address>0xd01</run_address>
         <size>0x1</size>
         <input_file_ref idref="fl-12"/>
      </object_component>
      <object_component id="oc-fd">
         <name>AdcaResultFile</name>
         <uninitialized>true</uninitialized>
         <run_address>0xb00</run_address>
         <size>0x18</size>
         <input_file_ref idref="fl-12"/>
      </object_component>
      <object_component id="oc-fe">
         <name>AdcbResultFile</name>
         <uninitialized>true</uninitialized>
         <run_address>0xb20</run_address>
         <size>0x18</size>
         <input_file_ref idref="fl-12"/>
      </object_component>
      <object_component id="oc-ff">
         <name>AdccResultFile</name>
[...]
         <name>_AutoConnectCheck</name>
         <value>0x85ba1</value>
         <object_component_ref idref="oc-344"/>
      </symbol>
      <symbol id="sm-ca7">
         <name>_AgingTest</name>
         <value>0x864a</value>
         <object_component_ref idref="oc-347"/>
      </symbol>
      <symbol id="sm-ca9">
         <name>_FindTarget</name>
         <value>0x808d</value>
         <object_component_ref idref="oc-347"/>
      </symbol>
      <symbol id="sm-cab">
         <name>_tolerance_Vbat_min</name>
         <value>0xdbae</value>
         <object_component_ref idref="oc-1bd"/>
      </symbol>
      <symbol id="sm-cac">
         <name>_tolerance_Ir_max</name>
         <value>0xdbab</value>
         <object_component_ref idref="oc-1bd"/>
      </symbol>
      <symbol id="sm-cad">
         <name>_Step_Cali</name>
         <value>0xdbb5</value>
         <object_component_ref idref="oc-1bd"/>
      </symbol>
      <symbol id="sm-cae">
         <name>_ElectricalRequirementTest</name>
         <value>0x80b9</value>
         <object_component_ref idref="oc-347"/>
      </symbol>
      <symbol id="sm-cb0">
         <name>_InitTargetValue</name>
         <value>0x85ab5</value>
         <object_component_ref idref="oc-344"/>
      </symbol>
      <symbol id="sm-cb2">
         <name>_reTryCnt</name>
         <value>0xdbb3</value>
         <object_component_ref idref="oc-1bd"/>
      </symbol>
      <symbol id="sm-cb3">
         <name>_GetJigFault</name>
         <value>0x85b81</value>
         <object_component_ref idref="oc-344"/>
      </symbol>
      <symbol id="sm-cb5">
         <name>_tolerance_3_3V_max</name>
         <value>0xdba7</value>
         <object_component_ref idref="oc-1bd"/>
      </symbol>
      <symbol id="sm-cc5">
         <name>_printf</name>
         <value>0x880f0</value>
         <object_component_ref idref="oc-374"/>
      </symbol>
      <symbol id="sm-e26">
         <name>___TI_printfi</name>
         <value>0x83ca9</value>
         <object_component_ref idref="oc-383"/>
      </symbol>
      <symbol id="sm-e3d">
         <name>___TI_doflush</name>
         <value>0x87ac9</value>
         <object_component_ref idref="oc-377"/>
      </symbol>
      <symbol id="sm-e3f">
         <name>_fflush</name>
         <value>0x87af8</value>
         <object_component_ref idref="oc-377"/>
      </symbol>
      <symbol id="sm-e53">
         <name>_putchar</name>
         <value>0x87f52</value>
         <object_component_ref idref="oc-381"/>
      </symbol>
      <symbol id="sm-e55">
         <name>_putc</name>
         <value>0x87f04</value>
         <object_component_ref idref="oc-381"/>
      </symbol>
      <symbol id="sm-e56">
         <name>_fputc</name>
         <value>0x87f04</value>
         <object_component_ref idref="oc-381"/>
      </symbol>
      <symbol id="sm-e74">
         <name>_puts</name>
         <value>0x876cf</value>
         <object_component_ref idref="oc-382"/>
      </symbol>
      <symbol id="sm-e76">
         <name>_fputs</name>
         <value>0x8763a</value>
         <object_component_ref idref="oc-382"/>
      </symbol>
      <symbol id="sm-e8e">
         <name>___TI_rd_ok</name>
         <value>0x87c5a</value>
         <object_component_ref idref="oc-385"/>
      </symbol>
      <symbol id="sm-e90">
         <name>___TI_wrt_ok</name>
         <value>0x87c1f</value>
         <object_component_ref idref="oc-385"/>
      </symbol>
      <symbol id="sm-ea8">
         <name>_setvbuf</name>
         <value>0x87a4c</value>
         <object_component_ref idref="oc-393"/>
      </symbol>
      <symbol id="sm-eb7">
         <name>_wcslen</name>
         <value>0x8849e</value>
         <object_component_ref idref="oc-38f"/>
      </symbol>
      <symbol id="sm-ecb">
         <name>_frexpl</name>
         <value>0x87dfb</value>
         <object_component_ref idref="oc-38a"/>
      </symbol>
      <symbol id="sm-eea">
         <name>_scalbnl</name>
         <value>0x8758c</value>
         <object_component_ref idref="oc-38b"/>
      </symbol>
      <symbol id="sm-eec">
         <name>_ldexpl</name>
         <value>0x8758c</value>
         <object_component_ref idref="oc-38b"/>
      </symbol>
      <symbol id="sm-f07">
         <name>_c_int00</name>
         <value>0x87eae</value>
         <object_component_ref idref="oc-85"/>
      </symbol>
      <symbol id="sm-f08">
         <name>__stack</name>
         <value>0x400</value>
         <object_component_ref idref="oc-1fa"/>
      </symbol>
      <symbol id="sm-f23">
         <name>FD$$ADD</name>
         <value>0x87787</value>
         <object_component_ref idref="oc-200"/>
      </symbol>
      <symbol id="sm-f33">
         <name>FD$$CMP</name>
         <value>0x88182</value>
         <object_component_ref idref="oc-205"/>
      </symbol>
      <symbol id="sm-f45">
         <name>FD$$MPY</name>
         <value>0x879c9</value>
         <object_component_ref idref="oc-20a"/>
      </symbol>
      <symbol id="sm-f52">
         <name>FD$$NEG</name>
         <value>0x88495</value>
         <object_component_ref idref="oc-20f"/>
      </symbol>
      <symbol id="sm-f5e">
         <name>FD$$SUB</name>
         <value>0x88450</value>
         <object_component_ref idref="oc-214"/>
      </symbol>
      <symbol id="sm-f6d">
         <name>FD$$TOI</name>
         <value>0x882df</value>
         <object_component_ref idref="oc-219"/>
      </symbol>
      <symbol id="sm-f7c">
         <name>FD$$TOL</name>
         <value>0x88300</value>
         <object_component_ref idref="oc-21e"/>
      </symbol>
      <symbol id="sm-f88">
         <name>LL$$AND</name>
         <value>0x883c8</value>
         <object_component_ref idref="oc-223"/>
      </symbol>
      <symbol id="sm-f89">
         <name>LL$$OR</name>
         <value>0x883d0</value>
         <object_component_ref idref="oc-223"/>
      </symbol>
      <symbol id="sm-f8a">
         <name>LL$$XOR</name>
         <value>0x883d8</value>
         <object_component_ref idref="oc-223"/>
      </symbol>
      <symbol id="sm-f98">
         <name>ULL$$CMP</name>
         <value>0x88331</value>
         <object_component_ref idref="oc-228"/>
      </symbol>
      <symbol id="sm-f99">
         <name>LL$$CMP</name>
         <value>0x8831f</value>
         <object_component_ref idref="oc-228"/>
      </symbol>
      <symbol id="sm-fc5">
         <name>ULL$$MOD</name>
         <value>0x87001</value>
         <object_component_ref idref="oc-22d"/>
      </symbol>
      <symbol id="sm-fc6">
         <name>ULL$$DIV</name>
         <value>0x86fd2</value>
         <object_component_ref idref="oc-22d"/>
      </symbol>
      <symbol id="sm-fc7">
         <name>LL$$MOD</name>
         <value>0x86f98</value>
         <object_component_ref idref="oc-22d"/>
      </symbol>
      <symbol id="sm-fc8">
         <name>LL$$DIV</name>
         <value>0x86f5c</value>
         <object_component_ref idref="oc-22d"/>
      </symbol>
      <symbol id="sm-fd8">
         <name>I$$TOFD</name>
         <value>0x8833d</value>
         <object_component_ref idref="oc-232"/>
      </symbol>
      <symbol id="sm-fe6">
         <name>I$$MOD</name>
         <value>0x882ce</value>
         <object_component_ref idref="oc-237"/>
      </symbol>
      <symbol id="sm-fe7">
         <name>I$$DIV</name>
         <value>0x882bd</value>
         <object_component_ref idref="oc-237"/>
      </symbol>
      <symbol id="sm-ff3">
         <name>U$$MOD</name>
         <value>0x8847c</value>
         <object_component_ref idref="oc-23c"/>
      </symbol>
      <symbol id="sm-ff4">
         <name>U$$DIV</name>
         <value>0x88477</value>
         <object_component_ref idref="oc-23c"/>
      </symbol>
      <symbol id="sm-1004">
         <name>L$$TOFD</name>
         <value>0x88393</value>
         <object_component_ref idref="oc-241"/>
      </symbol>
      <symbol id="sm-1010">
         <name>UL$$MOD</name>
         <value>0x881d0</value>
         <object_component_ref idref="oc-246"/>
      </symbol>
      <symbol id="sm-1011">
         <name>L$$MOD</name>
         <value>0x881bb</value>
         <object_component_ref idref="oc-246"/>
      </symbol>
      <symbol id="sm-1012">
         <name>L$$DIV</name>
         <value>0x881ac</value>
         <object_component_ref idref="oc-246"/>
      </symbol>
      <symbol id="sm-1013">
         <name>UL$$DIV</name>
         <value>0x881c9</value>
         <object_component_ref idref="oc-246"/>
      </symbol>
      <symbol id="sm-1023">
         <name>FS$$TOFD</name>
         <value>0x88377</value>
         <object_component_ref idref="oc-24b"/>
      </symbol>
      <symbol id="sm-103a">
         <name>FD$$DIV</name>
         <value>0x878b9</value>
         <object_component_ref idref="oc-250"/>
      </symbol>
      <symbol id="sm-1049">
         <name>_copy_in</name>
         <value>0x88275</value>
         <object_component_ref idref="oc-325"/>
      </symbol>
      <symbol id="sm-105b">
         <name>_memcpy</name>
         <value>0x8835a</value>
         <object_component_ref idref="oc-32e"/>
      </symbol>
      <symbol id="sm-1068">
         <name>__system_pre_init</name>
         <value>0x884c6</value>
         <object_component_ref idref="oc-324"/>
      </symbol>
      <symbol id="sm-1076">
         <name>__system_post_cinit</name>
         <value>0x87823</value>
         <object_component_ref idref="oc-326"/>
      </symbol>
      <symbol id="sm-108b">
         <name>C$$EXIT</name>
         <value>0x881d6</value>
         <object_component_ref idref="oc-328"/>
      </symbol>
      <symbol id="sm-108c">
         <name>_exit</name>
         <value>0x881d8</value>
         <object_component_ref idref="oc-328"/>
      </symbol>
      <symbol id="sm-108e">
         <name>___TI_cleanup_ptr</name>
         <value>0xd3f6</value>
         <object_component_ref idref="oc-26b"/>
      </symbol>
      <symbol id="sm-108f">
         <name>___TI_enable_exit_profile_output</name>
         <value>0xd3f4</value>
         <object_component_ref idref="oc-26b"/>
      </symbol>
      <symbol id="sm-1090">
         <name>_abort</name>
         <value>0x881d6</value>
         <object_component_ref idref="oc-328"/>
      </symbol>
      <symbol id="sm-1092">
         <name>___TI_dtors_ptr</name>
         <value>0xd3f8</value>
         <object_component_ref idref="oc-26b"/>
      </symbol>
      <symbol id="sm-10a6">
         <name>__unlock</name>
         <value>0xcc3e</value>
         <object_component_ref idref="oc-37d"/>
      </symbol>
      <symbol id="sm-10a7">
         <name>__lock</name>
         <value>0xcc3c</value>
         <object_component_ref idref="oc-330"/>
      </symbol>
      <symbol id="sm-10a8">
         <name>__register_lock</name>
         <value>0x88490</value>
         <object_component_ref idref="oc-34a"/>
      </symbol>
      <symbol id="sm-10aa">
         <name>__nop</name>
         <value>0x88494</value>
         <object_component_ref idref="oc-34a"/>
      </symbol>
      <symbol id="sm-10ac">
         <name>__register_unlock</name>
         <value>0x8848c</value>
         <object_component_ref idref="oc-34a"/>
      </symbol>
      <symbol id="sm-10bb">
         <name>___TI_ltoa</name>
         <value>0x85fd0</value>
         <object_component_ref idref="oc-389"/>
      </symbol>
      <symbol id="sm-10cb">
         <name>__args_main</name>
         <value>0x8841f</value>
         <object_component_ref idref="oc-327"/>
      </symbol>
      <symbol id="sm-10e0">
         <name>_atoi</name>
         <value>0x88151</value>
         <object_component_ref idref="oc-388"/>
      </symbol>
      <symbol id="sm-10e9">
         <name>__ctypes_</name>
         <value>0x905d4</value>
         <object_component_ref idref="oc-394"/>
      </symbol>
      <symbol id="sm-10fa">
         <name>___TI_ft_end</name>
         <value>0xd3ff</value>
         <object_component_ref idref="oc-288"/>
      </symbol>
      <symbol id="sm-10fb">
         <name>___TI_tmpnams</name>
         <value>0xdc80</value>
         <object_component_ref idref="oc-3a8"/>
      </symbol>
      <symbol id="sm-10fc">
         <name>__ftable</name>
         <value>0xdd40</value>
         <object_component_ref idref="oc-375"/>
      </symbol>
      <symbol id="sm-110b">
         <name>_memccpy</name>
         <value>0x88431</value>
         <object_component_ref idref="oc-38e"/>
      </symbol>
      <symbol id="sm-111b">
         <name>_memchr</name>
         <value>0x8845e</value>
         <object_component_ref idref="oc-387"/>
      </symbol>
      <symbol id="sm-1179">
         <name>__sys_memory</name>
         <value>0xa800</value>
         <object_component_ref idref="oc-297"/>
      </symbol>
      <symbol id="sm-117a">
         <name>___TI_heap_total_available</name>
         <value>0x852d6</value>
         <object_component_ref idref="oc-399"/>
      </symbol>
      <symbol id="sm-117c">
         <name>_realloc</name>
         <value>0x8517b</value>
         <object_component_ref idref="oc-399"/>
      </symbol>
      <symbol id="sm-117e">
         <name>___TI_heap_check</name>
         <value>0x85310</value>
         <object_component_ref idref="oc-399"/>
      </symbol>
      <symbol id="sm-1180">
         <name>_free</name>
         <value>0x850b1</value>
         <object_component_ref idref="oc-399"/>
      </symbol>
      <symbol id="sm-1182">
         <name>_memalign</name>
         <value>0x85230</value>
         <object_component_ref idref="oc-399"/>
      </symbol>
      <symbol id="sm-1183">
         <name>_calloc</name>
         <value>0x85203</value>
         <object_component_ref idref="oc-399"/>
      </symbol>
      <symbol id="sm-1185">
         <name>_malloc</name>
         <value>0x85086</value>
         <object_component_ref idref="oc-399"/>
      </symbol>
      <symbol id="sm-1187">
         <name>_aligned_alloc</name>
         <value>0x85230</value>
         <object_component_ref idref="oc-399"/>
      </symbol>
      <symbol id="sm-1189">
         <name>_minit</name>
         <value>0x851ff</value>
         <object_component_ref idref="oc-399"/>
      </symbol>
      <symbol id="sm-118b">
         <name>___TI_heap_largest_available</name>
         <value>0x852f3</value>
         <object_component_ref idref="oc-399"/>
      </symbol>
      <symbol id="sm-119a">
         <name>_memset</name>
         <value>0x884b7</value>
         <object_component_ref idref="oc-33c"/>
      </symbol>
      <symbol id="sm-11aa">
         <name>_strchr</name>
         <value>0x8846b</value>
         <object_component_ref idref="oc-38c"/>
      </symbol>
      <symbol id="sm-11b8">
         <name>_strcpy</name>
         <value>0x884be</value>
         <object_component_ref idref="oc-38d"/>
      </symbol>
      <symbol id="sm-11c6">
         <name>_strlen</name>
         <value>0x884af</value>
         <object_component_ref idref="oc-386"/>
      </symbol>
      <symbol id="sm-11d1">
         <name>_errno</name>
         <value>0xd5fe</value>
         <object_component_ref idref="oc-2b2"/>
      </symbol>
      <symbol id="sm-11de">
         <name>_write</name>
         <value>0x883af</value>
         <object_component_ref idref="oc-384"/>
      </symbol>
      <symbol id="sm-11ef">
         <name>__device</name>
         <value>0x16280</value>
         <object_component_ref idref="oc-396"/>
      </symbol>
      <symbol id="sm-11f0">
         <name>__stream</name>
         <value>0xcf08</value>
         <object_component_ref idref="oc-390"/>
      </symbol>
      <symbol id="sm-11fd">
         <name>_copysignl</name>
         <value>0x88250</value>
         <object_component_ref idref="oc-395"/>
      </symbol>
      <symbol id="sm-123b">
         <name>_fopen</name>
         <value>0x85f89</value>
         <object_component_ref idref="oc-39a"/>
      </symbol>
      <symbol id="sm-123d">
         <name>___TI_cleanup</name>
         <value>0x85f4e</value>
         <object_component_ref idref="oc-39a"/>
      </symbol>
      <symbol id="sm-123f">
         <name>_freopen</name>
         <value>0x85f6b</value>
         <object_component_ref idref="oc-39a"/>
      </symbol>
      <symbol id="sm-1250">
         <name>_fseek</name>
         <value>0x88000</value>
         <object_component_ref idref="oc-392"/>
      </symbol>
      <symbol id="sm-125d">
         <name>_HOSTclose</name>
         <value>0x881ff</value>
         <object_component_ref idref="oc-39c"/>
      </symbol>
      <symbol id="sm-126a">
         <name>_HOSTlseek</name>
         <value>0x87da0</value>
         <object_component_ref idref="oc-39f"/>
      </symbol>
      <symbol id="sm-127a">
         <name>_parmbuf</name>
         <value>0xca34</value>
         <object_component_ref idref="oc-3a4"/>
      </symbol>
      <symbol id="sm-127b">
         <name>_HOSTopen</name>
         <value>0x8803d</value>
         <object_component_ref idref="oc-39b"/>
      </symbol>
      <symbol id="sm-1289">
         <name>_HOSTread</name>
         <value>0x880b2</value>
         <object_component_ref idref="oc-39d"/>
      </symbol>
      <symbol id="sm-1296">
         <name>_HOSTrename</name>
         <value>0x87fa8</value>
         <object_component_ref idref="oc-3a1"/>
      </symbol>
      <symbol id="sm-12a3">
         <name>_HOSTunlink</name>
         <value>0x88299</value>
         <object_component_ref idref="oc-3a0"/>
      </symbol>
      <symbol id="sm-12b1">
         <name>_HOSTwrite</name>
         <value>0x88079</value>
         <object_component_ref idref="oc-39e"/>
      </symbol>
      <symbol id="sm-12cb">
         <name>___TI_readmsg</name>
         <value>0x8787c</value>
         <object_component_ref idref="oc-3a5"/>
      </symbol>
      <symbol id="sm-12cd">
         <name>C$$IO$$</name>
         <value>0x87877</value>
         <object_component_ref idref="oc-3a5"/>
      </symbol>
      <symbol id="sm-12ce">
         <name>__CIOBUF_</name>
         <value>0x500</value>
         <object_component_ref idref="oc-2f0"/>
      </symbol>
      <symbol id="sm-12cf">
         <name>___TI_writemsg</name>
         <value>0x87824</value>
         <object_component_ref idref="oc-3a5"/>
      </symbol>
      <symbol id="sm-12eb">
         <name>_open</name>
         <value>0x87bae</value>
         <object_component_ref idref="oc-3a2"/>
      </symbol>
      <symbol id="sm-12f9">
         <name>_lseek</name>
         <value>0x883e0</value>
         <object_component_ref idref="oc-398"/>
      </symbol>
      <symbol id="sm-130b">
         <name>___TI_closefile</name>
         <value>0x87d43</value>
         <object_component_ref idref="oc-3a3"/>
      </symbol>
      <symbol id="sm-130d">
         <name>_fclose</name>
         <value>0x87d87</value>
         <object_component_ref idref="oc-3a3"/>
      </symbol>
      <symbol id="sm-131f">
         <name>_finddevice</name>
         <value>0x87f57</value>
         <object_component_ref idref="oc-3a6"/>
      </symbol>
      <symbol id="sm-1321">
         <name>_getdevice</name>
         <value>0x87f72</value>
         <object_component_ref idref="oc-3a6"/>
      </symbol>
      <symbol id="sm-1330">
         <name>_strcmp</name>
         <value>0x88482</value>
         <object_component_ref idref="oc-3aa"/>
      </symbol>
      <symbol id="sm-1341">
         <name>_strncpy</name>
         <value>0x883f8</value>
         <object_component_ref idref="oc-3ab"/>
      </symbol>
      <symbol id="sm-134e">
         <name>_remove</name>
         <value>0x884c3</value>
         <object_component_ref idref="oc-3a9"/>
      </symbol>
      <symbol id="sm-135f">
         <name>_close</name>
         <value>0x8811e</value>
         <object_component_ref idref="oc-3a7"/>
      </symbol>
      <symbol id="sm-136c">
         <name>_unlink</name>
         <value>0x87fe6</value>
         <object_component_ref idref="oc-3ac"/>
      </symbol>
   </symbol_table>
   <title>Link successful</title>
</link_info>
