<?xml version="1.0" encoding="ISO-8859-1" ?>
<link_info>
   <banner>TMS320C2000 Linker PC v20.2.4.LTS</banner>
   <copyright>Copyright (c) 1996-2018 Texas Instruments Incorporated</copyright>
   <link_time>0x60e549d8</link_time>
   <link_errors>0x0</link_errors>
   <output_file>SmileKey_JIG_DSP28377_V0.04.out</output_file>
   <entry_point>
      <name>_c_int00</name>
      <address>0x87cb1</address>
   </entry_point>
   <input_file_list>
      <input_file id="fl-2">
         <path>.\</path>
         <kind>object</kind>
         <file>DSP_28377_SETUP_cpu1.obj</file>
         <name>DSP_28377_SETUP_cpu1.obj</name>
      </input_file>
      <input_file id="fl-3">
         <path>.\</path>
         <kind>object</kind>
         <file>DataLogging.obj</file>
         <name>DataLogging.obj</name>
      </input_file>
      <input_file id="fl-4">
         <path>.\</path>
         <kind>object</kind>
         <file>MAIN_CPU1.obj</file>
         <name>MAIN_CPU1.obj</name>
      </input_file>
      <input_file id="fl-5">
         <path>.\</path>
         <kind>object</kind>
         <file>TimeBaseSystem.obj</file>
         <name>TimeBaseSystem.obj</name>
      </input_file>
      <input_file id="fl-6">
         <path>.\</path>
         <kind>object</kind>
         <file>UniqueDevice_ID.obj</file>
         <name>UniqueDevice_ID.obj</name>
      </input_file>
      <input_file id="fl-7">
         <path>.\Src-ADC\</path>
         <kind>object</kind>
         <file>ADC_Config_F28377.obj</file>
         <name>ADC_Config_F28377.obj</name>
      </input_file>
      <input_file id="fl-8">
         <path>.\Src-CAN\</path>
         <kind>object</kind>
         <file>dCAN.obj</file>
         <name>dCAN.obj</name>
      </input_file>
      <input_file id="fl-9">
         <path>.\Src-CAN\</path>
         <kind>object</kind>
         <file>dCAN_API.obj</file>
         <name>dCAN_API.obj</name>
      </input_file>
      <input_file id="fl-a">
         <path>.\Src-CAN\</path>
         <kind>object</kind>
         <file>dCAN_Config.obj</file>
         <name>dCAN_Config.obj</name>
      </input_file>
      <input_file id="fl-b">
         <path>.\Src-Capture\</path>
         <kind>object</kind>
         <file>ECap_Config.obj</file>
         <name>ECap_Config.obj</name>
      </input_file>
      <input_file id="fl-c">
         <path>.\Src-Comp\</path>
         <kind>object</kind>
         <file>Comp_Config.obj</file>
         <name>Comp_Config.obj</name>
      </input_file>
      <input_file id="fl-d">
         <path>.\Src-DAC\</path>
         <kind>object</kind>
         <file>DAC_Config_F28377.obj</file>
         <name>DAC_Config_F28377.obj</name>
      </input_file>
      <input_file id="fl-e">
         <path>.\Src-Device_F2837x\</path>
         <kind>object</kind>
         <file>F2837xD_CodeStartBranch.obj</file>
         <name>F2837xD_CodeStartBranch.obj</name>
      </input_file>
      <input_file id="fl-f">
         <path>.\Src-Device_F2837x\</path>
         <kind>object</kind>
         <file>F2837xD_CpuTimers.obj</file>
         <name>F2837xD_CpuTimers.obj</name>
      </input_file>
      <input_file id="fl-10">
         <path>.\Src-Device_F2837x\</path>
         <kind>object</kind>
         <file>F2837xD_DefaultISR.obj</file>
         <name>F2837xD_DefaultISR.obj</name>
      </input_file>
      <input_file id="fl-11">
         <path>.\Src-Device_F2837x\</path>
         <kind>object</kind>
         <file>F2837xD_ECap.obj</file>
         <name>F2837xD_ECap.obj</name>
      </input_file>
      <input_file id="fl-12">
         <path>.\Src-Device_F2837x\</path>
         <kind>object</kind>
         <file>F2837xD_GlobalVariableDefs.obj</file>
         <name>F2837xD_GlobalVariableDefs.obj</name>
      </input_file>
      <input_file id="fl-13">
         <path>.\Src-Device_F2837x\</path>
         <kind>object</kind>
         <file>F2837xD_Gpio.obj</file>
         <name>F2837xD_Gpio.obj</name>
      </input_file>
      <input_file id="fl-14">
         <path>.\Src-Device_F2837x\</path>
         <kind>object</kind>
         <file>F2837xD_I2C.obj</file>
         <name>F2837xD_I2C.obj</name>
      </input_file>
      <input_file id="fl-15">
         <path>.\Src-Device_F2837x\</path>
         <kind>object</kind>
         <file>F2837xD_Ipc.obj</file>
         <name>F2837xD_Ipc.obj</name>
      </input_file>
      <input_file id="fl-16">
         <path>.\Src-Device_F2837x\</path>
         <kind>object</kind>
         <file>F2837xD_Ipc_Driver.obj</file>
         <name>F2837xD_Ipc_Driver.obj</name>
      </input_file>
      <input_file id="fl-17">
         <path>.\Src-Device_F2837x\</path>
         <kind>object</kind>
         <file>F2837xD_Ipc_Driver_Util.obj</file>
         <name>F2837xD_Ipc_Driver_Util.obj</name>
      </input_file>
      <input_file id="fl-18">
         <path>.\Src-Device_F2837x\</path>
         <kind>object</kind>
         <file>F2837xD_Mcbsp.obj</file>
         <name>F2837xD_Mcbsp.obj</name>
      </input_file>
      <input_file id="fl-19">
         <path>.\Src-Device_F2837x\</path>
         <kind>object</kind>
         <file>F2837xD_PieCtrl.obj</file>
         <name>F2837xD_PieCtrl.obj</name>
      </input_file>
      <input_file id="fl-1a">
         <path>.\Src-Device_F2837x\</path>
         <kind>object</kind>
         <file>F2837xD_PieVect.obj</file>
         <name>F2837xD_PieVect.obj</name>
      </input_file>
      <input_file id="fl-1b">
         <path>.\Src-Device_F2837x\</path>
         <kind>object</kind>
         <file>F2837xD_SysCtrl.obj</file>
         <name>F2837xD_SysCtrl.obj</name>
      </input_file>
      <input_file id="fl-1c">
         <path>.\Src-Device_F2837x\</path>
         <kind>object</kind>
         <file>F2837xD_usDelay.obj</file>
         <name>F2837xD_usDelay.obj</name>
      </input_file>
      <input_file id="fl-1d">
         <path>.\Src-Device_F2837x\</path>
         <kind>object</kind>
         <file>interrupt.obj</file>
         <name>interrupt.obj</name>
      </input_file>
      <input_file id="fl-1e">
         <path>.\Src-EPWM\</path>
         <kind>object</kind>
         <file>Epwm_App.obj</file>
         <name>Epwm_App.obj</name>
      </input_file>
      <input_file id="fl-1f">
         <path>.\Src-EPWM\</path>
         <kind>object</kind>
         <file>Epwm_Config.obj</file>
         <name>Epwm_Config.obj</name>
      </input_file>
      <input_file id="fl-20">
         <path>.\Src-GPIO\</path>
         <kind>object</kind>
         <file>GPIO_2837xD.obj</file>
         <name>GPIO_2837xD.obj</name>
      </input_file>
      <input_file id="fl-21">
         <path>.\Src-GPIO\</path>
         <kind>object</kind>
         <file>Gpio_Ctrl.obj</file>
         <name>Gpio_Ctrl.obj</name>
      </input_file>
      <input_file id="fl-22">
         <path>.\Src-Modbus\</path>
         <kind>object</kind>
         <file>modbusC_485.obj</file>
         <name>modbusC_485.obj</name>
      </input_file>
      <input_file id="fl-23">
         <path>.\Src-TargetCommu\</path>
         <kind>object</kind>
         <file>TargetA_COMM.obj</file>
         <name>TargetA_COMM.obj</name>
      </input_file>
      <input_file id="fl-24">
         <path>.\Src-TargetCommu\</path>
         <kind>object</kind>
         <file>TargetB_COMM.obj</file>
         <name>TargetB_COMM.obj</name>
      </input_file>
      <input_file id="fl-25">
         <path>.\Src-TargetCommu\</path>
         <kind>object</kind>
         <file>TargetD_COMM.obj</file>
         <name>TargetD_COMM.obj</name>
      </input_file>
      <input_file id="fl-26">
         <path>.\Src-Target_Management\</path>
         <kind>object</kind>
         <file>Target_Management.obj</file>
         <name>Target_Management.obj</name>
      </input_file>
      <input_file id="fl-2b">
         <kind>object</kind>
         <file>&lt;internal&gt;</file>
         <name>&lt;internal&gt;</name>
      </input_file>
      <input_file id="fl-37">
         <path>C:\ti\ccs1010\ccs\tools\compiler\ti-cgt-c2000_20.2.4.LTS\lib\</path>
         <kind>archive</kind>
         <file>rts2800_fpu32.lib</file>
         <name>printf.c.obj</name>
      </input_file>
      <input_file id="fl-38">
         <path>C:\ti\ccs1010\ccs\tools\compiler\ti-cgt-c2000_20.2.4.LTS\lib\</path>
         <kind>archive</kind>
         <file>rts2800_fpu32.lib</file>
         <name>_printfi.c.obj</name>
      </input_file>
      <input_file id="fl-39">
         <path>C:\ti\ccs1010\ccs\tools\compiler\ti-cgt-c2000_20.2.4.LTS\lib\</path>
         <kind>archive</kind>
         <file>rts2800_fpu32.lib</file>
         <name>fflush.c.obj</name>
      </input_file>
      <input_file id="fl-3a">
         <path>C:\ti\ccs1010\ccs\tools\compiler\ti-cgt-c2000_20.2.4.LTS\lib\</path>
         <kind>archive</kind>
         <file>rts2800_fpu32.lib</file>
         <name>fputc.c.obj</name>
      </input_file>
      <input_file id="fl-3b">
         <path>C:\ti\ccs1010\ccs\tools\compiler\ti-cgt-c2000_20.2.4.LTS\lib\</path>
         <kind>archive</kind>
         <file>rts2800_fpu32.lib</file>
         <name>fputs.c.obj</name>
      </input_file>
      <input_file id="fl-3c">
         <path>C:\ti\ccs1010\ccs\tools\compiler\ti-cgt-c2000_20.2.4.LTS\lib\</path>
         <kind>archive</kind>
         <file>rts2800_fpu32.lib</file>
         <name>_io_perm.c.obj</name>
      </input_file>
      <input_file id="fl-3d">
         <path>C:\ti\ccs1010\ccs\tools\compiler\ti-cgt-c2000_20.2.4.LTS\lib\</path>
         <kind>archive</kind>
         <file>rts2800_fpu32.lib</file>
         <name>setvbuf.c.obj</name>
      </input_file>
      <input_file id="fl-3e">
         <path>C:\ti\ccs1010\ccs\tools\compiler\ti-cgt-c2000_20.2.4.LTS\lib\</path>
         <kind>archive</kind>
         <file>rts2800_fpu32.lib</file>
         <name>wcslen.c.obj</name>
      </input_file>
      <input_file id="fl-3f">
         <path>C:\ti\ccs1010\ccs\tools\compiler\ti-cgt-c2000_20.2.4.LTS\lib\</path>
         <kind>archive</kind>
         <file>rts2800_fpu32.lib</file>
         <name>s_frexp.c.obj</name>
      </input_file>
      <input_file id="fl-40">
         <path>C:\ti\ccs1010\ccs\tools\compiler\ti-cgt-c2000_20.2.4.LTS\lib\</path>
         <kind>archive</kind>
         <file>rts2800_fpu32.lib</file>
         <name>s_scalbn.c.obj</name>
      </input_file>
      <input_file id="fl-41">
         <path>C:\ti\ccs1010\ccs\tools\compiler\ti-cgt-c2000_20.2.4.LTS\lib\</path>
         <kind>archive</kind>
         <file>rts2800_fpu32.lib</file>
         <name>boot28.asm.obj</name>
      </input_file>
      <input_file id="fl-42">
         <path>C:\ti\ccs1010\ccs\tools\compiler\ti-cgt-c2000_20.2.4.LTS\lib\</path>
         <kind>archive</kind>
         <file>rts2800_fpu32.lib</file>
         <name>fd_add28.asm.obj</name>
      </input_file>
      <input_file id="fl-43">
         <path>C:\ti\ccs1010\ccs\tools\compiler\ti-cgt-c2000_20.2.4.LTS\lib\</path>
         <kind>archive</kind>
         <file>rts2800_fpu32.lib</file>
         <name>fd_cmp28.asm.obj</name>
      </input_file>
      <input_file id="fl-44">
         <path>C:\ti\ccs1010\ccs\tools\compiler\ti-cgt-c2000_20.2.4.LTS\lib\</path>
         <kind>archive</kind>
         <file>rts2800_fpu32.lib</file>
         <name>fd_mpy28.asm.obj</name>
      </input_file>
      <input_file id="fl-45">
         <path>C:\ti\ccs1010\ccs\tools\compiler\ti-cgt-c2000_20.2.4.LTS\lib\</path>
         <kind>archive</kind>
         <file>rts2800_fpu32.lib</file>
         <name>fd_neg28.asm.obj</name>
      </input_file>
      <input_file id="fl-46">
         <path>C:\ti\ccs1010\ccs\tools\compiler\ti-cgt-c2000_20.2.4.LTS\lib\</path>
         <kind>archive</kind>
         <file>rts2800_fpu32.lib</file>
         <name>fd_sub28.asm.obj</name>
      </input_file>
      <input_file id="fl-47">
         <path>C:\ti\ccs1010\ccs\tools\compiler\ti-cgt-c2000_20.2.4.LTS\lib\</path>
         <kind>archive</kind>
         <file>rts2800_fpu32.lib</file>
         <name>fd_toi28.asm.obj</name>
      </input_file>
      <input_file id="fl-48">
         <path>C:\ti\ccs1010\ccs\tools\compiler\ti-cgt-c2000_20.2.4.LTS\lib\</path>
         <kind>archive</kind>
         <file>rts2800_fpu32.lib</file>
         <name>fd_tol28.asm.obj</name>
      </input_file>
      <input_file id="fl-49">
         <path>C:\ti\ccs1010\ccs\tools\compiler\ti-cgt-c2000_20.2.4.LTS\lib\</path>
         <kind>archive</kind>
         <file>rts2800_fpu32.lib</file>
         <name>ll_aox28.asm.obj</name>
      </input_file>
      <input_file id="fl-4a">
         <path>C:\ti\ccs1010\ccs\tools\compiler\ti-cgt-c2000_20.2.4.LTS\lib\</path>
         <kind>archive</kind>
         <file>rts2800_fpu32.lib</file>
         <name>ll_cmp28.asm.obj</name>
      </input_file>
      <input_file id="fl-4b">
         <path>C:\ti\ccs1010\ccs\tools\compiler\ti-cgt-c2000_20.2.4.LTS\lib\</path>
         <kind>archive</kind>
         <file>rts2800_fpu32.lib</file>
         <name>ll_div28.asm.obj</name>
      </input_file>
      <input_file id="fl-4c">
         <path>C:\ti\ccs1010\ccs\tools\compiler\ti-cgt-c2000_20.2.4.LTS\lib\</path>
         <kind>archive</kind>
         <file>rts2800_fpu32.lib</file>
         <name>i_tofd28.asm.obj</name>
      </input_file>
      <input_file id="fl-4d">
         <path>C:\ti\ccs1010\ccs\tools\compiler\ti-cgt-c2000_20.2.4.LTS\lib\</path>
         <kind>archive</kind>
         <file>rts2800_fpu32.lib</file>
         <name>i_div28.asm.obj</name>
      </input_file>
      <input_file id="fl-4e">
         <path>C:\ti\ccs1010\ccs\tools\compiler\ti-cgt-c2000_20.2.4.LTS\lib\</path>
         <kind>archive</kind>
         <file>rts2800_fpu32.lib</file>
         <name>u_div28.asm.obj</name>
      </input_file>
      <input_file id="fl-4f">
         <path>C:\ti\ccs1010\ccs\tools\compiler\ti-cgt-c2000_20.2.4.LTS\lib\</path>
         <kind>archive</kind>
         <file>rts2800_fpu32.lib</file>
         <name>l_tofd28.asm.obj</name>
      </input_file>
      <input_file id="fl-50">
         <path>C:\ti\ccs1010\ccs\tools\compiler\ti-cgt-c2000_20.2.4.LTS\lib\</path>
         <kind>archive</kind>
         <file>rts2800_fpu32.lib</file>
         <name>l_div28.asm.obj</name>
      </input_file>
      <input_file id="fl-51">
         <path>C:\ti\ccs1010\ccs\tools\compiler\ti-cgt-c2000_20.2.4.LTS\lib\</path>
         <kind>archive</kind>
         <file>rts2800_fpu32.lib</file>
         <name>fs_tofdfpu32.asm.obj</name>
      </input_file>
      <input_file id="fl-52">
         <path>C:\ti\ccs1010\ccs\tools\compiler\ti-cgt-c2000_20.2.4.LTS\lib\</path>
         <kind>archive</kind>
         <file>rts2800_fpu32.lib</file>
         <name>fd_div28.asm.obj</name>
      </input_file>
      <input_file id="fl-53">
         <path>C:\ti\ccs1010\ccs\tools\compiler\ti-cgt-c2000_20.2.4.LTS\lib\</path>
         <kind>archive</kind>
         <file>rts2800_fpu32.lib</file>
         <name>cpy_tbl.c.obj</name>
      </input_file>
      <input_file id="fl-54">
         <path>C:\ti\ccs1010\ccs\tools\compiler\ti-cgt-c2000_20.2.4.LTS\lib\</path>
         <kind>archive</kind>
         <file>rts2800_fpu32.lib</file>
         <name>memcpy.c.obj</name>
      </input_file>
      <input_file id="fl-55">
         <path>C:\ti\ccs1010\ccs\tools\compiler\ti-cgt-c2000_20.2.4.LTS\lib\</path>
         <kind>archive</kind>
         <file>rts2800_fpu32.lib</file>
         <name>pre_init.c.obj</name>
      </input_file>
      <input_file id="fl-56">
         <path>C:\ti\ccs1010\ccs\tools\compiler\ti-cgt-c2000_20.2.4.LTS\lib\</path>
         <kind>archive</kind>
         <file>rts2800_fpu32.lib</file>
         <name>startup.c.obj</name>
      </input_file>
      <input_file id="fl-57">
         <path>C:\ti\ccs1010\ccs\tools\compiler\ti-cgt-c2000_20.2.4.LTS\lib\</path>
         <kind>archive</kind>
         <file>rts2800_fpu32.lib</file>
         <name>exit.c.obj</name>
      </input_file>
      <input_file id="fl-58">
         <path>C:\ti\ccs1010\ccs\tools\compiler\ti-cgt-c2000_20.2.4.LTS\lib\</path>
         <kind>archive</kind>
         <file>rts2800_fpu32.lib</file>
         <name>_lock.c.obj</name>
      </input_file>
      <input_file id="fl-59">
         <path>C:\ti\ccs1010\ccs\tools\compiler\ti-cgt-c2000_20.2.4.LTS\lib\</path>
         <kind>archive</kind>
         <file>rts2800_fpu32.lib</file>
         <name>_ltoa.c.obj</name>
      </input_file>
      <input_file id="fl-5a">
         <path>C:\ti\ccs1010\ccs\tools\compiler\ti-cgt-c2000_20.2.4.LTS\lib\</path>
         <kind>archive</kind>
         <file>rts2800_fpu32.lib</file>
         <name>args_main.c.obj</name>
      </input_file>
      <input_file id="fl-5b">
         <path>C:\ti\ccs1010\ccs\tools\compiler\ti-cgt-c2000_20.2.4.LTS\lib\</path>
         <kind>archive</kind>
         <file>rts2800_fpu32.lib</file>
         <name>atoi.c.obj</name>
      </input_file>
      <input_file id="fl-5c">
         <path>C:\ti\ccs1010\ccs\tools\compiler\ti-cgt-c2000_20.2.4.LTS\lib\</path>
         <kind>archive</kind>
         <file>rts2800_fpu32.lib</file>
         <name>ctype.c.obj</name>
      </input_file>
      <input_file id="fl-5d">
         <path>C:\ti\ccs1010\ccs\tools\compiler\ti-cgt-c2000_20.2.4.LTS\lib\</path>
         <kind>archive</kind>
         <file>rts2800_fpu32.lib</file>
         <name>defs.c.obj</name>
      </input_file>
      <input_file id="fl-5e">
         <path>C:\ti\ccs1010\ccs\tools\compiler\ti-cgt-c2000_20.2.4.LTS\lib\</path>
         <kind>archive</kind>
         <file>rts2800_fpu32.lib</file>
         <name>memccpy.c.obj</name>
      </input_file>
      <input_file id="fl-5f">
         <path>C:\ti\ccs1010\ccs\tools\compiler\ti-cgt-c2000_20.2.4.LTS\lib\</path>
         <kind>archive</kind>
         <file>rts2800_fpu32.lib</file>
         <name>memchr.c.obj</name>
      </input_file>
      <input_file id="fl-60">
         <path>C:\ti\ccs1010\ccs\tools\compiler\ti-cgt-c2000_20.2.4.LTS\lib\</path>
         <kind>archive</kind>
         <file>rts2800_fpu32.lib</file>
         <name>memory.c.obj</name>
      </input_file>
      <input_file id="fl-61">
         <path>C:\ti\ccs1010\ccs\tools\compiler\ti-cgt-c2000_20.2.4.LTS\lib\</path>
         <kind>archive</kind>
         <file>rts2800_fpu32.lib</file>
         <name>memset.c.obj</name>
      </input_file>
      <input_file id="fl-62">
         <path>C:\ti\ccs1010\ccs\tools\compiler\ti-cgt-c2000_20.2.4.LTS\lib\</path>
         <kind>archive</kind>
         <file>rts2800_fpu32.lib</file>
         <name>strchr.c.obj</name>
      </input_file>
      <input_file id="fl-63">
         <path>C:\ti\ccs1010\ccs\tools\compiler\ti-cgt-c2000_20.2.4.LTS\lib\</path>
         <kind>archive</kind>
         <file>rts2800_fpu32.lib</file>
         <name>strcpy.c.obj</name>
      </input_file>
      <input_file id="fl-64">
         <path>C:\ti\ccs1010\ccs\tools\compiler\ti-cgt-c2000_20.2.4.LTS\lib\</path>
         <kind>archive</kind>
         <file>rts2800_fpu32.lib</file>
         <name>strlen.c.obj</name>
      </input_file>
      <input_file id="fl-65">
         <path>C:\ti\ccs1010\ccs\tools\compiler\ti-cgt-c2000_20.2.4.LTS\lib\</path>
         <kind>archive</kind>
         <file>rts2800_fpu32.lib</file>
         <name>errno.c.obj</name>
      </input_file>
      <input_file id="fl-66">
         <path>C:\ti\ccs1010\ccs\tools\compiler\ti-cgt-c2000_20.2.4.LTS\lib\</path>
         <kind>archive</kind>
         <file>rts2800_fpu32.lib</file>
         <name>write.c.obj</name>
      </input_file>
      <input_file id="fl-67">
         <path>C:\ti\ccs1010\ccs\tools\compiler\ti-cgt-c2000_20.2.4.LTS\lib\</path>
         <kind>archive</kind>
         <file>rts2800_fpu32.lib</file>
         <name>host_device.c.obj</name>
      </input_file>
      <input_file id="fl-68">
         <path>C:\ti\ccs1010\ccs\tools\compiler\ti-cgt-c2000_20.2.4.LTS\lib\</path>
         <kind>archive</kind>
         <file>rts2800_fpu32.lib</file>
         <name>s_copysign.c.obj</name>
      </input_file>
      <input_file id="fl-69">
         <path>C:\ti\ccs1010\ccs\tools\compiler\ti-cgt-c2000_20.2.4.LTS\lib\</path>
         <kind>archive</kind>
         <file>rts2800_fpu32.lib</file>
         <name>fopen.c.obj</name>
      </input_file>
      <input_file id="fl-6a">
         <path>C:\ti\ccs1010\ccs\tools\compiler\ti-cgt-c2000_20.2.4.LTS\lib\</path>
         <kind>archive</kind>
         <file>rts2800_fpu32.lib</file>
         <name>fseek.c.obj</name>
      </input_file>
      <input_file id="fl-6b">
         <path>C:\ti\ccs1010\ccs\tools\compiler\ti-cgt-c2000_20.2.4.LTS\lib\</path>
         <kind>archive</kind>
         <file>rts2800_fpu32.lib</file>
         <name>hostclose.c.obj</name>
      </input_file>
      <input_file id="fl-6c">
         <path>C:\ti\ccs1010\ccs\tools\compiler\ti-cgt-c2000_20.2.4.LTS\lib\</path>
         <kind>archive</kind>
         <file>rts2800_fpu32.lib</file>
         <name>hostlseek.c.obj</name>
      </input_file>
      <input_file id="fl-6d">
         <path>C:\ti\ccs1010\ccs\tools\compiler\ti-cgt-c2000_20.2.4.LTS\lib\</path>
         <kind>archive</kind>
         <file>rts2800_fpu32.lib</file>
         <name>hostopen.c.obj</name>
      </input_file>
      <input_file id="fl-6e">
         <path>C:\ti\ccs1010\ccs\tools\compiler\ti-cgt-c2000_20.2.4.LTS\lib\</path>
         <kind>archive</kind>
         <file>rts2800_fpu32.lib</file>
         <name>hostread.c.obj</name>
      </input_file>
      <input_file id="fl-6f">
         <path>C:\ti\ccs1010\ccs\tools\compiler\ti-cgt-c2000_20.2.4.LTS\lib\</path>
         <kind>archive</kind>
         <file>rts2800_fpu32.lib</file>
         <name>hostrename.c.obj</name>
      </input_file>
      <input_file id="fl-70">
         <path>C:\ti\ccs1010\ccs\tools\compiler\ti-cgt-c2000_20.2.4.LTS\lib\</path>
         <kind>archive</kind>
         <file>rts2800_fpu32.lib</file>
         <name>hostunlink.c.obj</name>
      </input_file>
      <input_file id="fl-71">
         <path>C:\ti\ccs1010\ccs\tools\compiler\ti-cgt-c2000_20.2.4.LTS\lib\</path>
         <kind>archive</kind>
         <file>rts2800_fpu32.lib</file>
         <name>hostwrite.c.obj</name>
      </input_file>
      <input_file id="fl-72">
         <path>C:\ti\ccs1010\ccs\tools\compiler\ti-cgt-c2000_20.2.4.LTS\lib\</path>
         <kind>archive</kind>
         <file>rts2800_fpu32.lib</file>
         <name>trgmsg.c.obj</name>
      </input_file>
      <input_file id="fl-73">
         <path>C:\ti\ccs1010\ccs\tools\compiler\ti-cgt-c2000_20.2.4.LTS\lib\</path>
         <kind>archive</kind>
         <file>rts2800_fpu32.lib</file>
         <name>open.c.obj</name>
      </input_file>
      <input_file id="fl-74">
         <path>C:\ti\ccs1010\ccs\tools\compiler\ti-cgt-c2000_20.2.4.LTS\lib\</path>
         <kind>archive</kind>
         <file>rts2800_fpu32.lib</file>
         <name>lseek.c.obj</name>
      </input_file>
      <input_file id="fl-75">
         <path>C:\ti\ccs1010\ccs\tools\compiler\ti-cgt-c2000_20.2.4.LTS\lib\</path>
         <kind>archive</kind>
         <file>rts2800_fpu32.lib</file>
         <name>fclose.c.obj</name>
      </input_file>
      <input_file id="fl-76">
         <path>C:\ti\ccs1010\ccs\tools\compiler\ti-cgt-c2000_20.2.4.LTS\lib\</path>
         <kind>archive</kind>
         <file>rts2800_fpu32.lib</file>
         <name>getdevice.c.obj</name>
      </input_file>
      <input_file id="fl-77">
         <path>C:\ti\ccs1010\ccs\tools\compiler\ti-cgt-c2000_20.2.4.LTS\lib\</path>
         <kind>archive</kind>
         <file>rts2800_fpu32.lib</file>
         <name>strcmp.c.obj</name>
      </input_file>
      <input_file id="fl-78">
         <path>C:\ti\ccs1010\ccs\tools\compiler\ti-cgt-c2000_20.2.4.LTS\lib\</path>
         <kind>archive</kind>
         <file>rts2800_fpu32.lib</file>
         <name>strncpy.c.obj</name>
      </input_file>
      <input_file id="fl-79">
         <path>C:\ti\ccs1010\ccs\tools\compiler\ti-cgt-c2000_20.2.4.LTS\lib\</path>
         <kind>archive</kind>
         <file>rts2800_fpu32.lib</file>
         <name>remove.c.obj</name>
      </input_file>
      <input_file id="fl-7a">
         <path>C:\ti\ccs1010\ccs\tools\compiler\ti-cgt-c2000_20.2.4.LTS\lib\</path>
         <kind>archive</kind>
         <file>rts2800_fpu32.lib</file>
         <name>close.c.obj</name>
      </input_file>
      <input_file id="fl-7b">
         <path>C:\ti\ccs1010\ccs\tools\compiler\ti-cgt-c2000_20.2.4.LTS\lib\</path>
         <kind>archive</kind>
         <file>rts2800_fpu32.lib</file>
         <name>unlink.c.obj</name>
      </input_file>
   </input_file_list>
   <object_component_list>
      <object_component id="oc-375">
         <name>.cinit:__ftable</name>
         <load_address>0x82254</load_address>
         <run_address>0x82254</run_address>
         <size>0x26</size>
         <input_file_ref idref="fl-5d"/>
      </object_component>
      <object_component id="oc-396">
         <name>.cinit:__device</name>
         <load_address>0x8227a</load_address>
         <run_address>0x8227a</run_address>
         <size>0x1b</size>
         <input_file_ref idref="fl-67"/>
      </object_component>
      <object_component id="oc-8d">
         <name>.cinit</name>
         <load_address>0x82295</load_address>
         <run_address>0x82295</run_address>
         <size>0x14</size>
         <input_file_ref idref="fl-3"/>
      </object_component>
      <object_component id="oc-1a7">
         <name>.cinit</name>
         <load_address>0x822a9</load_address>
         <run_address>0x822a9</run_address>
         <size>0x14</size>
         <input_file_ref idref="fl-23"/>
      </object_component>
      <object_component id="oc-1ae">
         <name>.cinit</name>
         <load_address>0x822bd</load_address>
         <run_address>0x822bd</run_address>
         <size>0x14</size>
         <input_file_ref idref="fl-24"/>
      </object_component>
      <object_component id="oc-1b5">
         <name>.cinit</name>
         <load_address>0x822d1</load_address>
         <run_address>0x822d1</run_address>
         <size>0x14</size>
         <input_file_ref idref="fl-25"/>
      </object_component>
      <object_component id="oc-390">
         <name>.cinit:__stream</name>
         <load_address>0x822e5</load_address>
         <run_address>0x822e5</run_address>
         <size>0xe</size>
         <input_file_ref idref="fl-67"/>
      </object_component>
      <object_component id="oc-269">
         <name>.cinit</name>
         <load_address>0x822f3</load_address>
         <run_address>0x822f3</run_address>
         <size>0xe</size>
         <input_file_ref idref="fl-57"/>
      </object_component>
      <object_component id="oc-94">
         <name>.cinit</name>
         <load_address>0x82301</load_address>
         <run_address>0x82301</run_address>
         <size>0x9</size>
         <input_file_ref idref="fl-4"/>
      </object_component>
      <object_component id="oc-330">
         <name>.cinit:__lock</name>
         <load_address>0x8230a</load_address>
         <run_address>0x8230a</run_address>
         <size>0x5</size>
         <input_file_ref idref="fl-58"/>
      </object_component>
      <object_component id="oc-349">
         <name>.cinit:__unlock</name>
         <load_address>0x8230f</load_address>
         <run_address>0x8230f</run_address>
         <size>0x5</size>
         <input_file_ref idref="fl-58"/>
      </object_component>
      <object_component id="oc-286">
         <name>.cinit</name>
         <load_address>0x82314</load_address>
         <run_address>0x82314</run_address>
         <size>0x4</size>
         <input_file_ref idref="fl-5d"/>
      </object_component>
      <object_component id="oc-2b0">
         <name>.cinit</name>
         <load_address>0x82318</load_address>
         <run_address>0x82318</run_address>
         <size>0x4</size>
         <input_file_ref idref="fl-65"/>
      </object_component>
      <object_component id="oc-2c0">
         <name>.cinit</name>
         <load_address>0x8231c</load_address>
         <run_address>0x8231c</run_address>
         <size>0x4</size>
         <input_file_ref idref="fl-69"/>
      </object_component>
      <object_component id="oc-294">
         <name>.cinit</name>
         <load_address>0x82320</load_address>
         <run_address>0x82320</run_address>
         <size>0x4</size>
         <input_file_ref idref="fl-60"/>
      </object_component>
      <object_component id="oc-2f5">
         <name>.cinit</name>
         <load_address>0x82324</load_address>
         <run_address>0x82324</run_address>
         <size>0x4</size>
         <input_file_ref idref="fl-73"/>
      </object_component>
      <object_component id="oc-341">
         <name>.text</name>
         <load_address>0x8232c</load_address>
         <run_address>0x8232c</run_address>
         <size>0xe22</size>
         <input_file_ref idref="fl-22"/>
      </object_component>
      <object_component id="oc-382">
         <name>.text</name>
         <load_address>0x8314e</load_address>
         <run_address>0x8314e</run_address>
         <size>0xce4</size>
         <input_file_ref idref="fl-38"/>
      </object_component>
      <object_component id="oc-32e">
         <name>.text</name>
         <load_address>0x83e32</load_address>
         <run_address>0x83e32</run_address>
         <size>0x1c0</size>
         <input_file_ref idref="fl-4"/>
      </object_component>
      <object_component id="oc-213">
         <name>.text</name>
         <load_address>0x83ff2</load_address>
         <run_address>0x83ff2</run_address>
         <size>0xe</size>
         <input_file_ref idref="fl-46"/>
      </object_component>
      <object_component id="oc-dc">
         <name>.text:retain</name>
         <load_address>0x84000</load_address>
         <run_address>0x84000</run_address>
         <size>0x58f</size>
         <input_file_ref idref="fl-10"/>
      </object_component>
      <object_component id="oc-355">
         <name>.text</name>
         <load_address>0x8458f</load_address>
         <run_address>0x8458f</run_address>
         <size>0x45e</size>
         <input_file_ref idref="fl-1f"/>
      </object_component>
      <object_component id="oc-329">
         <name>.text</name>
         <load_address>0x849ed</load_address>
         <run_address>0x849ed</run_address>
         <size>0x3e1</size>
         <input_file_ref idref="fl-9"/>
      </object_component>
      <object_component id="oc-34e">
         <name>.text</name>
         <load_address>0x84dce</load_address>
         <run_address>0x84dce</run_address>
         <size>0x2b8</size>
         <input_file_ref idref="fl-1b"/>
      </object_component>
      <object_component id="oc-398">
         <name>.text</name>
         <load_address>0x85086</load_address>
         <run_address>0x85086</run_address>
         <size>0x28c</size>
         <input_file_ref idref="fl-60"/>
      </object_component>
      <object_component id="oc-353">
         <name>.text</name>
         <load_address>0x85312</load_address>
         <run_address>0x85312</run_address>
         <size>0x260</size>
         <input_file_ref idref="fl-7"/>
      </object_component>
      <object_component id="oc-357">
         <name>.text</name>
         <load_address>0x85572</load_address>
         <run_address>0x85572</run_address>
         <size>0x1fb</size>
         <input_file_ref idref="fl-18"/>
      </object_component>
      <object_component id="oc-32b">
         <name>.text</name>
         <load_address>0x8576d</load_address>
         <run_address>0x8576d</run_address>
         <size>0x1b7</size>
         <input_file_ref idref="fl-13"/>
      </object_component>
      <object_component id="oc-335">
         <name>.text</name>
         <load_address>0x85924</load_address>
         <run_address>0x85924</run_address>
         <size>0x191</size>
         <input_file_ref idref="fl-1d"/>
      </object_component>
      <object_component id="oc-343">
         <name>.text</name>
         <load_address>0x85ab5</load_address>
         <run_address>0x85ab5</run_address>
         <size>0x15c</size>
         <input_file_ref idref="fl-26"/>
      </object_component>
      <object_component id="oc-352">
         <name>.text</name>
         <load_address>0x85c11</load_address>
         <run_address>0x85c11</run_address>
         <size>0x157</size>
         <input_file_ref idref="fl-b"/>
      </object_component>
      <object_component id="oc-34f">
         <name>.text</name>
         <load_address>0x85d68</load_address>
         <run_address>0x85d68</run_address>
         <size>0x143</size>
         <input_file_ref idref="fl-20"/>
      </object_component>
      <object_component id="oc-399">
         <name>.text</name>
         <load_address>0x85eab</load_address>
         <run_address>0x85eab</run_address>
         <size>0x121</size>
         <input_file_ref idref="fl-69"/>
      </object_component>
      <object_component id="oc-373">
         <name>.text</name>
         <load_address>0x85fcc</load_address>
         <run_address>0x85fcc</run_address>
         <size>0x34</size>
         <input_file_ref idref="fl-37"/>
      </object_component>
      <object_component id="oc-22c">
         <name>.text</name>
         <load_address>0x86db8</load_address>
         <run_address>0x86db8</run_address>
         <size>0x107</size>
         <input_file_ref idref="fl-4b"/>
      </object_component>
      <object_component id="oc-33d">
         <name>.text</name>
         <load_address>0x86ebf</load_address>
         <run_address>0x86ebf</run_address>
         <size>0xe3</size>
         <input_file_ref idref="fl-2"/>
      </object_component>
      <object_component id="oc-32a">
         <name>.text</name>
         <load_address>0x86fa2</load_address>
         <run_address>0x86fa2</run_address>
         <size>0xcb</size>
         <input_file_ref idref="fl-8"/>
      </object_component>
      <object_component id="oc-342">
         <name>.text</name>
         <load_address>0x8706d</load_address>
         <run_address>0x8706d</run_address>
         <size>0xc3</size>
         <input_file_ref idref="fl-a"/>
      </object_component>
      <object_component id="oc-33e">
         <name>.text</name>
         <load_address>0x87130</load_address>
         <run_address>0x87130</run_address>
         <size>0xae</size>
         <input_file_ref idref="fl-23"/>
      </object_component>
      <object_component id="oc-33f">
         <name>.text</name>
         <load_address>0x871de</load_address>
         <run_address>0x871de</run_address>
         <size>0xae</size>
         <input_file_ref idref="fl-24"/>
      </object_component>
      <object_component id="oc-340">
         <name>.text</name>
         <load_address>0x8728c</load_address>
         <run_address>0x8728c</run_address>
         <size>0xae</size>
         <input_file_ref idref="fl-25"/>
      </object_component>
      <object_component id="oc-b0">
         <name>.text:retain</name>
         <load_address>0x8733a</load_address>
         <run_address>0x8733a</run_address>
         <size>0xae</size>
         <input_file_ref idref="fl-8"/>
      </object_component>
      <object_component id="oc-38a">
         <name>.text</name>
         <load_address>0x873e8</load_address>
         <run_address>0x873e8</run_address>
         <size>0xae</size>
         <input_file_ref idref="fl-40"/>
      </object_component>
      <object_component id="oc-381">
         <name>.text</name>
         <load_address>0x87496</load_address>
         <run_address>0x87496</run_address>
         <size>0xa8</size>
         <input_file_ref idref="fl-3b"/>
      </object_component>
      <object_component id="oc-32c">
         <name>.text</name>
         <load_address>0x8753e</load_address>
         <run_address>0x8753e</run_address>
         <size>0xa5</size>
         <input_file_ref idref="fl-15"/>
      </object_component>
      <object_component id="oc-1ff">
         <name>.text</name>
         <load_address>0x875e3</load_address>
         <run_address>0x875e3</run_address>
         <size>0x9c</size>
         <input_file_ref idref="fl-42"/>
      </object_component>
      <object_component id="oc-354">
         <name>.text</name>
         <load_address>0x8767f</load_address>
         <run_address>0x8767f</run_address>
         <size>0x1</size>
         <input_file_ref idref="fl-d"/>
      </object_component>
      <object_component id="oc-3a4">
         <name>.text</name>
         <load_address>0x87680</load_address>
         <run_address>0x87680</run_address>
         <size>0x95</size>
         <input_file_ref idref="fl-72"/>
      </object_component>
      <object_component id="oc-24f">
         <name>.text</name>
         <load_address>0x87715</load_address>
         <run_address>0x87715</run_address>
         <size>0x8b</size>
         <input_file_ref idref="fl-52"/>
      </object_component>
      <object_component id="oc-356">
         <name>.text</name>
         <load_address>0x877a0</load_address>
         <run_address>0x877a0</run_address>
         <size>0x85</size>
         <input_file_ref idref="fl-c"/>
      </object_component>
      <object_component id="oc-209">
         <name>.text</name>
         <load_address>0x87825</load_address>
         <run_address>0x87825</run_address>
         <size>0x83</size>
         <input_file_ref idref="fl-44"/>
      </object_component>
      <object_component id="oc-392">
         <name>.text</name>
         <load_address>0x878a8</load_address>
         <run_address>0x878a8</run_address>
         <size>0x7d</size>
         <input_file_ref idref="fl-3d"/>
      </object_component>
      <object_component id="oc-376">
         <name>.text</name>
         <load_address>0x87925</load_address>
         <run_address>0x87925</run_address>
         <size>0x73</size>
         <input_file_ref idref="fl-39"/>
      </object_component>
      <object_component id="oc-14d">
         <name>.text:retain</name>
         <load_address>0x87998</load_address>
         <run_address>0x87998</run_address>
         <size>0x72</size>
         <input_file_ref idref="fl-13"/>
      </object_component>
      <object_component id="oc-3a1">
         <name>.text</name>
         <load_address>0x87a0a</load_address>
         <run_address>0x87a0a</run_address>
         <size>0x71</size>
         <input_file_ref idref="fl-73"/>
      </object_component>
      <object_component id="oc-384">
         <name>.text</name>
         <load_address>0x87a7b</load_address>
         <run_address>0x87a7b</run_address>
         <size>0x67</size>
         <input_file_ref idref="fl-3c"/>
      </object_component>
      <object_component id="oc-37f">
         <name>.text</name>
         <load_address>0x87ae2</load_address>
         <run_address>0x87ae2</run_address>
         <size>0x5f</size>
         <input_file_ref idref="fl-11"/>
      </object_component>
      <object_component id="oc-377">
         <name>.text</name>
         <load_address>0x87b41</load_address>
         <run_address>0x87b41</run_address>
         <size>0x5e</size>
         <input_file_ref idref="fl-f"/>
      </object_component>
      <object_component id="oc-3a2">
         <name>.text</name>
         <load_address>0x87b9f</load_address>
         <run_address>0x87b9f</run_address>
         <size>0x5d</size>
         <input_file_ref idref="fl-75"/>
      </object_component>
      <object_component id="oc-39e">
         <name>.text</name>
         <load_address>0x87bfc</load_address>
         <run_address>0x87bfc</run_address>
         <size>0x5b</size>
         <input_file_ref idref="fl-6c"/>
      </object_component>
      <object_component id="oc-389">
         <name>.text</name>
         <load_address>0x87c57</load_address>
         <run_address>0x87c57</run_address>
         <size>0x5a</size>
         <input_file_ref idref="fl-3f"/>
      </object_component>
      <object_component id="oc-85">
         <name>.text</name>
         <load_address>0x87cb1</load_address>
         <run_address>0x87cb1</run_address>
         <size>0x56</size>
         <input_file_ref idref="fl-41"/>
      </object_component>
      <object_component id="oc-380">
         <name>.text</name>
         <load_address>0x87d07</load_address>
         <run_address>0x87d07</run_address>
         <size>0x53</size>
         <input_file_ref idref="fl-3a"/>
      </object_component>
      <object_component id="oc-3a5">
         <name>.text</name>
         <load_address>0x87d5a</load_address>
         <run_address>0x87d5a</run_address>
         <size>0x51</size>
         <input_file_ref idref="fl-76"/>
      </object_component>
      <object_component id="oc-344">
         <name>.text</name>
         <load_address>0x87dab</load_address>
         <run_address>0x87dab</run_address>
         <size>0x4e</size>
         <input_file_ref idref="fl-5"/>
      </object_component>
      <object_component id="oc-3a0">
         <name>.text</name>
         <load_address>0x87df9</load_address>
         <run_address>0x87df9</run_address>
         <size>0x3e</size>
         <input_file_ref idref="fl-6f"/>
      </object_component>
      <object_component id="oc-391">
         <name>.text</name>
         <load_address>0x87e37</load_address>
         <run_address>0x87e37</run_address>
         <size>0x3d</size>
         <input_file_ref idref="fl-6a"/>
      </object_component>
      <object_component id="oc-39a">
         <name>.text</name>
         <load_address>0x87e74</load_address>
         <run_address>0x87e74</run_address>
         <size>0x3c</size>
         <input_file_ref idref="fl-6d"/>
      </object_component>
      <object_component id="oc-39d">
         <name>.text</name>
         <load_address>0x87eb0</load_address>
         <run_address>0x87eb0</run_address>
         <size>0x39</size>
         <input_file_ref idref="fl-71"/>
      </object_component>
      <object_component id="oc-39c">
         <name>.text</name>
         <load_address>0x87ee9</load_address>
         <run_address>0x87ee9</run_address>
         <size>0x38</size>
         <input_file_ref idref="fl-6e"/>
      </object_component>
      <object_component id="oc-3a6">
         <name>.text</name>
         <load_address>0x87f21</load_address>
         <run_address>0x87f21</run_address>
         <size>0x33</size>
         <input_file_ref idref="fl-7a"/>
      </object_component>
      <object_component id="oc-387">
         <name>.text</name>
         <load_address>0x87f54</load_address>
         <run_address>0x87f54</run_address>
         <size>0x31</size>
         <input_file_ref idref="fl-5b"/>
      </object_component>
      <object_component id="oc-388">
         <name>.text</name>
         <load_address>0x87f85</load_address>
         <run_address>0x87f85</run_address>
         <size>0x30</size>
         <input_file_ref idref="fl-59"/>
      </object_component>
      <object_component id="oc-204">
         <name>.text</name>
         <load_address>0x87fb5</load_address>
         <run_address>0x87fb5</run_address>
         <size>0x2a</size>
         <input_file_ref idref="fl-43"/>
      </object_component>
      <object_component id="oc-218">
         <name>.text</name>
         <load_address>0x87fdf</load_address>
         <run_address>0x87fdf</run_address>
         <size>0x21</size>
         <input_file_ref idref="fl-47"/>
      </object_component>
      <object_component id="oc-245">
         <name>.text</name>
         <load_address>0x88000</load_address>
         <run_address>0x88000</run_address>
         <size>0x2a</size>
         <input_file_ref idref="fl-50"/>
      </object_component>
      <object_component id="oc-327">
         <name>.text</name>
         <load_address>0x8802a</load_address>
         <run_address>0x8802a</run_address>
         <size>0x29</size>
         <input_file_ref idref="fl-57"/>
      </object_component>
      <object_component id="oc-39b">
         <name>.text</name>
         <load_address>0x88053</load_address>
         <run_address>0x88053</run_address>
         <size>0x29</size>
         <input_file_ref idref="fl-6b"/>
      </object_component>
      <object_component id="oc-350">
         <name>.text</name>
         <load_address>0x8807c</load_address>
         <run_address>0x8807c</run_address>
         <size>0x28</size>
         <input_file_ref idref="fl-19"/>
      </object_component>
      <object_component id="oc-394">
         <name>.text</name>
         <load_address>0x880a4</load_address>
         <run_address>0x880a4</run_address>
         <size>0x25</size>
         <input_file_ref idref="fl-68"/>
      </object_component>
      <object_component id="oc-324">
         <name>.text</name>
         <load_address>0x880c9</load_address>
         <run_address>0x880c9</run_address>
         <size>0x24</size>
         <input_file_ref idref="fl-53"/>
      </object_component>
      <object_component id="oc-39f">
         <name>.text</name>
         <load_address>0x880ed</load_address>
         <run_address>0x880ed</run_address>
         <size>0x24</size>
         <input_file_ref idref="fl-70"/>
      </object_component>
      <object_component id="oc-236">
         <name>.text</name>
         <load_address>0x88111</load_address>
         <run_address>0x88111</run_address>
         <size>0x22</size>
         <input_file_ref idref="fl-4d"/>
      </object_component>
      <object_component id="oc-21d">
         <name>.text</name>
         <load_address>0x88133</load_address>
         <run_address>0x88133</run_address>
         <size>0x1f</size>
         <input_file_ref idref="fl-48"/>
      </object_component>
      <object_component id="oc-227">
         <name>.text</name>
         <load_address>0x88152</load_address>
         <run_address>0x88152</run_address>
         <size>0x1e</size>
         <input_file_ref idref="fl-4a"/>
      </object_component>
      <object_component id="oc-231">
         <name>.text</name>
         <load_address>0x88170</load_address>
         <run_address>0x88170</run_address>
         <size>0x1d</size>
         <input_file_ref idref="fl-4c"/>
      </object_component>
      <object_component id="oc-32d">
         <name>.text</name>
         <load_address>0x8818d</load_address>
         <run_address>0x8818d</run_address>
         <size>0x1d</size>
         <input_file_ref idref="fl-54"/>
      </object_component>
      <object_component id="oc-24a">
         <name>.text</name>
         <load_address>0x881aa</load_address>
         <run_address>0x881aa</run_address>
         <size>0x1c</size>
         <input_file_ref idref="fl-51"/>
      </object_component>
      <object_component id="oc-240">
         <name>.text</name>
         <load_address>0x881c6</load_address>
         <run_address>0x881c6</run_address>
         <size>0x1c</size>
         <input_file_ref idref="fl-4f"/>
      </object_component>
      <object_component id="oc-3ab">
         <name>.text</name>
         <load_address>0x881e2</load_address>
         <run_address>0x881e2</run_address>
         <size>0x19</size>
         <input_file_ref idref="fl-7b"/>
      </object_component>
      <object_component id="oc-383">
         <name>.text</name>
         <load_address>0x881fb</load_address>
         <run_address>0x881fb</run_address>
         <size>0x19</size>
         <input_file_ref idref="fl-66"/>
      </object_component>
      <object_component id="oc-222">
         <name>.text</name>
         <load_address>0x88214</load_address>
         <run_address>0x88214</run_address>
         <size>0x18</size>
         <input_file_ref idref="fl-49"/>
      </object_component>
      <object_component id="oc-397">
         <name>.text</name>
         <load_address>0x8822c</load_address>
         <run_address>0x8822c</run_address>
         <size>0x18</size>
         <input_file_ref idref="fl-74"/>
      </object_component>
      <object_component id="oc-3aa">
         <name>.text</name>
         <load_address>0x88244</load_address>
         <run_address>0x88244</run_address>
         <size>0x15</size>
         <input_file_ref idref="fl-78"/>
      </object_component>
      <object_component id="oc-351">
         <name>.text</name>
         <load_address>0x88259</load_address>
         <run_address>0x88259</run_address>
         <size>0x12</size>
         <input_file_ref idref="fl-1a"/>
      </object_component>
      <object_component id="oc-326">
         <name>.text</name>
         <load_address>0x8826b</load_address>
         <run_address>0x8826b</run_address>
         <size>0x12</size>
         <input_file_ref idref="fl-5a"/>
      </object_component>
      <object_component id="oc-38d">
         <name>.text</name>
         <load_address>0x8827d</load_address>
         <run_address>0x8827d</run_address>
         <size>0x10</size>
         <input_file_ref idref="fl-5e"/>
      </object_component>
      <object_component id="oc-186">
         <name>.text:retain</name>
         <load_address>0x8828d</load_address>
         <run_address>0x8828d</run_address>
         <size>0xf</size>
         <input_file_ref idref="fl-1d"/>
      </object_component>
      <object_component id="oc-386">
         <name>.text</name>
         <load_address>0x8829c</load_address>
         <run_address>0x8829c</run_address>
         <size>0xd</size>
         <input_file_ref idref="fl-5f"/>
      </object_component>
      <object_component id="oc-38b">
         <name>.text</name>
         <load_address>0x882a9</load_address>
         <run_address>0x882a9</run_address>
         <size>0xc</size>
         <input_file_ref idref="fl-62"/>
      </object_component>
      <object_component id="oc-23b">
         <name>.text</name>
         <load_address>0x882b5</load_address>
         <run_address>0x882b5</run_address>
         <size>0xb</size>
         <input_file_ref idref="fl-4e"/>
      </object_component>
      <object_component id="oc-3a9">
         <name>.text</name>
         <load_address>0x882c0</load_address>
         <run_address>0x882c0</run_address>
         <size>0xa</size>
         <input_file_ref idref="fl-77"/>
      </object_component>
      <object_component id="oc-348">
         <name>.text</name>
         <load_address>0x882ca</load_address>
         <run_address>0x882ca</run_address>
         <size>0x9</size>
         <input_file_ref idref="fl-58"/>
      </object_component>
      <object_component id="oc-20e">
         <name>.text</name>
         <load_address>0x882d3</load_address>
         <run_address>0x882d3</run_address>
         <size>0x9</size>
         <input_file_ref idref="fl-45"/>
      </object_component>
      <object_component id="oc-38e">
         <name>.text</name>
         <load_address>0x882dc</load_address>
         <run_address>0x882dc</run_address>
         <size>0x9</size>
         <input_file_ref idref="fl-3e"/>
      </object_component>
      <object_component id="oc-cf">
         <name>.text</name>
         <load_address>0x882e5</load_address>
         <run_address>0x882e5</run_address>
         <size>0x8</size>
         <input_file_ref idref="fl-e"/>
      </object_component>
      <object_component id="oc-385">
         <name>.text</name>
         <load_address>0x882ed</load_address>
         <run_address>0x882ed</run_address>
         <size>0x8</size>
         <input_file_ref idref="fl-64"/>
      </object_component>
      <object_component id="oc-33b">
         <name>.text</name>
         <load_address>0x882f5</load_address>
         <run_address>0x882f5</run_address>
         <size>0x7</size>
         <input_file_ref idref="fl-61"/>
      </object_component>
      <object_component id="oc-38c">
         <name>.text</name>
         <load_address>0x882fc</load_address>
         <run_address>0x882fc</run_address>
         <size>0x5</size>
         <input_file_ref idref="fl-63"/>
      </object_component>
      <object_component id="oc-3a8">
         <name>.text</name>
         <load_address>0x88301</load_address>
         <run_address>0x88301</run_address>
         <size>0x3</size>
         <input_file_ref idref="fl-79"/>
      </object_component>
      <object_component id="oc-323">
         <name>.text</name>
         <load_address>0x88304</load_address>
         <run_address>0x88304</run_address>
         <size>0x2</size>
         <input_file_ref idref="fl-55"/>
      </object_component>
      <object_component id="oc-325">
         <name>.text</name>
         <load_address>0x88306</load_address>
         <run_address>0x88306</run_address>
         <size>0x1</size>
         <input_file_ref idref="fl-56"/>
      </object_component>
      <object_component id="oc-d0">
         <name>codestart</name>
         <load_address>0x80000</load_address>
         <run_address>0x80000</run_address>
         <size>0x2</size>
         <input_file_ref idref="fl-e"/>
      </object_component>
      <object_component id="oc-347">
         <name>ramfuncs</name>
         <load_address>0x86000</load_address>
         <run_address>0x8000</run_address>
         <size>0x760</size>
         <input_file_ref idref="fl-26"/>
      </object_component>
      <object_component id="oc-345">
         <name>ramfuncs</name>
         <load_address>0x86760</load_address>
         <run_address>0x8760</run_address>
         <size>0x1c7</size>
         <input_file_ref idref="fl-22"/>
      </object_component>
      <object_component id="oc-328">
         <name>ramfuncs</name>
         <load_address>0x86927</load_address>
         <run_address>0x8927</run_address>
         <size>0x196</size>
         <input_file_ref idref="fl-4"/>
      </object_component>
      <object_component id="oc-346">
         <name>ramfuncs</name>
         <load_address>0x86abd</load_address>
         <run_address>0x8abd</run_address>
         <size>0xd3</size>
         <input_file_ref idref="fl-23"/>
      </object_component>
      <object_component id="oc-33c">
         <name>ramfuncs</name>
         <load_address>0x86b90</load_address>
         <run_address>0x8b90</run_address>
         <size>0xd3</size>
         <input_file_ref idref="fl-24"/>
      </object_component>
      <object_component id="oc-360">
         <name>ramfuncs</name>
         <load_address>0x86c63</load_address>
         <run_address>0x8c63</run_address>
         <size>0xd3</size>
         <input_file_ref idref="fl-25"/>
      </object_component>
      <object_component id="oc-99">
         <name>ramfuncs:retain</name>
         <load_address>0x86d36</load_address>
         <run_address>0x8d36</run_address>
         <size>0x4f</size>
         <input_file_ref idref="fl-4"/>
      </object_component>
      <object_component id="oc-37d">
         <name>ramfuncs</name>
         <load_address>0x86d85</load_address>
         <run_address>0x8d85</run_address>
         <size>0x2c</size>
         <input_file_ref idref="fl-1b"/>
      </object_component>
      <object_component id="oc-180">
         <name>ramfuncs</name>
         <load_address>0x86db1</load_address>
         <run_address>0x8db1</run_address>
         <size>0x4</size>
         <input_file_ref idref="fl-1c"/>
      </object_component>
      <object_component id="oc-1f9">
         <name>.stack</name>
         <uninitialized>true</uninitialized>
         <run_address>0x400</run_address>
         <size>0x0</size>
         <input_file_ref idref="fl-41"/>
      </object_component>
      <object_component id="oc-438">
         <name>.stack</name>
         <uninitialized>true</uninitialized>
         <run_address>0x400</run_address>
         <size>0x0</size>
      </object_component>
      <object_component id="oc-364">
         <name>.ebss:_DATA_QUE_WR_C</name>
         <uninitialized>true</uninitialized>
         <run_address>0xac00</run_address>
         <size>0x1f4</size>
         <input_file_ref idref="fl-22"/>
      </object_component>
      <object_component id="oc-334">
         <name>.ebss:_ADC_Avg</name>
         <uninitialized>true</uninitialized>
         <run_address>0xadf4</run_address>
         <size>0xc</size>
         <input_file_ref idref="fl-4"/>
      </object_component>
      <object_component id="oc-366">
         <name>.ebss:_FUNC_QUE_C</name>
         <uninitialized>true</uninitialized>
         <run_address>0xae00</run_address>
         <size>0x1f4</size>
         <input_file_ref idref="fl-22"/>
      </object_component>
      <object_component id="oc-331">
         <name>.ebss:_ADC_Result</name>
         <uninitialized>true</uninitialized>
         <run_address>0xaff4</run_address>
         <size>0xc</size>
         <input_file_ref idref="fl-4"/>
      </object_component>
      <object_component id="oc-8e">
         <name>.ebss</name>
         <uninitialized>true</uninitialized>
         <run_address>0xc000</run_address>
         <size>0x82a</size>
         <input_file_ref idref="fl-3"/>
      </object_component>
      <object_component id="oc-1bc">
         <name>.ebss</name>
         <uninitialized>true</uninitialized>
         <run_address>0xc82a</run_address>
         <size>0x15</size>
         <input_file_ref idref="fl-26"/>
      </object_component>
      <object_component id="oc-14c">
         <name>.ebss</name>
         <uninitialized>true</uninitialized>
         <run_address>0xc83f</run_address>
         <size>0x1</size>
         <input_file_ref idref="fl-13"/>
      </object_component>
      <object_component id="oc-36a">
         <name>.ebss:_ID_QUE_RD_C</name>
         <uninitialized>true</uninitialized>
         <run_address>0xc840</run_address>
         <size>0x1f4</size>
         <input_file_ref idref="fl-22"/>
      </object_component>
      <object_component id="oc-3a3">
         <name>.ebss:_parmbuf</name>
         <uninitialized>true</uninitialized>
         <run_address>0xca34</run_address>
         <size>0x8</size>
         <input_file_ref idref="fl-6d"/>
      </object_component>
      <object_component id="oc-295">
         <name>.ebss</name>
         <uninitialized>true</uninitialized>
         <run_address>0xca3c</run_address>
         <size>0x4</size>
         <input_file_ref idref="fl-60"/>
      </object_component>
      <object_component id="oc-367">
         <name>.ebss:_ID_QUE_WR_C</name>
         <uninitialized>true</uninitialized>
         <run_address>0xca40</run_address>
         <size>0x1f4</size>
         <input_file_ref idref="fl-22"/>
      </object_component>
      <object_component id="oc-338">
         <name>.ebss:_txbuff</name>
         <uninitialized>true</uninitialized>
         <run_address>0xcc34</run_address>
         <size>0x8</size>
         <input_file_ref idref="fl-a"/>
      </object_component>
      <object_component id="oc-19b">
         <name>.ebss</name>
         <uninitialized>true</uninitialized>
         <run_address>0xcc3c</run_address>
         <size>0x2</size>
         <input_file_ref idref="fl-21"/>
      </object_component>
      <object_component id="oc-32f">
         <name>.ebss:__lock</name>
         <uninitialized>true</uninitialized>
         <run_address>0xcc3e</run_address>
         <size>0x2</size>
         <input_file_ref idref="fl-58"/>
      </object_component>
      <object_component id="oc-365">
         <name>.ebss:_MODT_BUFF_C</name>
         <uninitialized>true</uninitialized>
         <run_address>0xcc40</run_address>
         <size>0x1f4</size>
         <input_file_ref idref="fl-22"/>
      </object_component>
      <object_component id="oc-35b">
         <name>.ebss:_maska</name>
         <uninitialized>true</uninitialized>
         <run_address>0xce34</run_address>
         <size>0x6</size>
         <input_file_ref idref="fl-23"/>
      </object_component>
      <object_component id="oc-34b">
         <name>.ebss:_maskb</name>
         <uninitialized>true</uninitialized>
         <run_address>0xce3a</run_address>
         <size>0x6</size>
         <input_file_ref idref="fl-24"/>
      </object_component>
      <object_component id="oc-337">
         <name>.ebss:_sRXCANMessageA</name>
         <uninitialized>true</uninitialized>
         <run_address>0xce40</run_address>
         <size>0xc8</size>
         <input_file_ref idref="fl-8"/>
      </object_component>
      <object_component id="oc-38f">
         <name>.ebss:__stream</name>
         <uninitialized>true</uninitialized>
         <run_address>0xcf08</run_address>
         <size>0x28</size>
         <input_file_ref idref="fl-67"/>
      </object_component>
      <object_component id="oc-bb">
         <name>.ebss</name>
         <uninitialized>true</uninitialized>
         <run_address>0xcf30</run_address>
         <size>0x10</size>
         <input_file_ref idref="fl-a"/>
      </object_component>
      <object_component id="oc-36d">
         <name>.ebss:_SmileKey</name>
         <uninitialized>true</uninitialized>
         <run_address>0xcf40</run_address>
         <size>0xa8</size>
         <input_file_ref idref="fl-26"/>
      </object_component>
      <object_component id="oc-d6">
         <name>.ebss</name>
         <uninitialized>true</uninitialized>
         <run_address>0xcfe8</run_address>
         <size>0x18</size>
         <input_file_ref idref="fl-f"/>
      </object_component>
      <object_component id="oc-36b">
         <name>.ebss:_NUM_QUE_RD_C</name>
         <uninitialized>true</uninitialized>
         <run_address>0xd000</run_address>
         <size>0x1f4</size>
         <input_file_ref idref="fl-22"/>
      </object_component>
      <object_component id="oc-35f">
         <name>.ebss:_maskd</name>
         <uninitialized>true</uninitialized>
         <run_address>0xd1f4</run_address>
         <size>0x6</size>
         <input_file_ref idref="fl-25"/>
      </object_component>
      <object_component id="oc-26a">
         <name>.ebss</name>
         <uninitialized>true</uninitialized>
         <run_address>0xd1fa</run_address>
         <size>0x6</size>
         <input_file_ref idref="fl-57"/>
      </object_component>
      <object_component id="oc-368">
         <name>.ebss:_NUM_QUE_WR_C</name>
         <uninitialized>true</uninitialized>
         <run_address>0xd200</run_address>
         <size>0x1f4</size>
         <input_file_ref idref="fl-22"/>
      </object_component>
      <object_component id="oc-1a8">
         <name>.ebss</name>
         <uninitialized>true</uninitialized>
         <run_address>0xd3f4</run_address>
         <size>0x5</size>
         <input_file_ref idref="fl-23"/>
      </object_component>
      <object_component id="oc-1af">
         <name>.ebss</name>
         <uninitialized>true</uninitialized>
         <run_address>0xd3f9</run_address>
         <size>0x5</size>
         <input_file_ref idref="fl-24"/>
      </object_component>
      <object_component id="oc-37c">
         <name>.ebss:__unlock</name>
         <uninitialized>true</uninitialized>
         <run_address>0xd3fe</run_address>
         <size>0x2</size>
         <input_file_ref idref="fl-58"/>
      </object_component>
      <object_component id="oc-361">
         <name>.ebss:_TRANSMIT_QUE_C</name>
         <uninitialized>true</uninitialized>
         <run_address>0xd400</run_address>
         <size>0x1f4</size>
         <input_file_ref idref="fl-22"/>
      </object_component>
      <object_component id="oc-1b6">
         <name>.ebss</name>
         <uninitialized>true</uninitialized>
         <run_address>0xd5f4</run_address>
         <size>0x5</size>
         <input_file_ref idref="fl-25"/>
      </object_component>
      <object_component id="oc-9f">
         <name>.ebss</name>
         <uninitialized>true</uninitialized>
         <run_address>0xd5f9</run_address>
         <size>0x5</size>
         <input_file_ref idref="fl-5"/>
      </object_component>
      <object_component id="oc-287">
         <name>.ebss</name>
         <uninitialized>true</uninitialized>
         <run_address>0xd5fe</run_address>
         <size>0x1</size>
         <input_file_ref idref="fl-5d"/>
      </object_component>
      <object_component id="oc-2b1">
         <name>.ebss</name>
         <uninitialized>true</uninitialized>
         <run_address>0xd5ff</run_address>
         <size>0x1</size>
         <input_file_ref idref="fl-65"/>
      </object_component>
      <object_component id="oc-378">
         <name>.ebss:_mask_c</name>
         <uninitialized>true</uninitialized>
         <run_address>0xd600</run_address>
         <size>0x1f4</size>
         <input_file_ref idref="fl-22"/>
      </object_component>
      <object_component id="oc-2c1">
         <name>.ebss</name>
         <uninitialized>true</uninitialized>
         <run_address>0xd7f4</run_address>
         <size>0x1</size>
         <input_file_ref idref="fl-69"/>
      </object_component>
      <object_component id="oc-2f6">
         <name>.ebss</name>
         <uninitialized>true</uninitialized>
         <run_address>0xd7f5</run_address>
         <size>0x1</size>
         <input_file_ref idref="fl-73"/>
      </object_component>
      <object_component id="oc-36c">
         <name>.ebss:_wModData_C</name>
         <uninitialized>true</uninitialized>
         <run_address>0xd800</run_address>
         <size>0x1f4</size>
         <input_file_ref idref="fl-22"/>
      </object_component>
      <object_component id="oc-33a">
         <name>.ebss:_sRXCANMessageB</name>
         <uninitialized>true</uninitialized>
         <run_address>0xda00</run_address>
         <size>0xc8</size>
         <input_file_ref idref="fl-8"/>
      </object_component>
      <object_component id="oc-af">
         <name>.ebss</name>
         <uninitialized>true</uninitialized>
         <run_address>0xdac8</run_address>
         <size>0x22</size>
         <input_file_ref idref="fl-8"/>
      </object_component>
      <object_component id="oc-1a1">
         <name>.ebss</name>
         <uninitialized>true</uninitialized>
         <run_address>0xdaea</run_address>
         <size>0x13</size>
         <input_file_ref idref="fl-22"/>
      </object_component>
      <object_component id="oc-371">
         <name>.ebss:_CAN_RXDA</name>
         <uninitialized>true</uninitialized>
         <run_address>0xdb00</run_address>
         <size>0xa0</size>
         <input_file_ref idref="fl-a"/>
      </object_component>
      <object_component id="oc-332">
         <name>.ebss:_ADC_Buf</name>
         <uninitialized>true</uninitialized>
         <run_address>0xdba0</run_address>
         <size>0x18</size>
         <input_file_ref idref="fl-4"/>
      </object_component>
      <object_component id="oc-372">
         <name>.ebss:_CAN_RXDB</name>
         <uninitialized>true</uninitialized>
         <run_address>0xdbc0</run_address>
         <size>0xa0</size>
         <input_file_ref idref="fl-a"/>
      </object_component>
      <object_component id="oc-87">
         <name>.ebss</name>
         <uninitialized>true</uninitialized>
         <run_address>0xdc60</run_address>
         <size>0xe</size>
         <input_file_ref idref="fl-2"/>
      </object_component>
      <object_component id="oc-3a7">
         <name>.ebss:___TI_tmpnams</name>
         <uninitialized>true</uninitialized>
         <run_address>0xdc80</run_address>
         <size>0xa0</size>
         <input_file_ref idref="fl-5d"/>
      </object_component>
      <object_component id="oc-374">
         <name>.ebss:__ftable</name>
         <uninitialized>true</uninitialized>
         <run_address>0xdd40</run_address>
         <size>0x78</size>
         <input_file_ref idref="fl-5d"/>
      </object_component>
      <object_component id="oc-358">
         <name>.ebss:_IDA_QUE</name>
         <uninitialized>true</uninitialized>
         <run_address>0xddc0</run_address>
         <size>0x64</size>
         <input_file_ref idref="fl-23"/>
      </object_component>
      <object_component id="oc-34c">
         <name>.ebss:_IDB_QUE</name>
         <uninitialized>true</uninitialized>
         <run_address>0xde40</run_address>
         <size>0x64</size>
         <input_file_ref idref="fl-24"/>
      </object_component>
      <object_component id="oc-35c">
         <name>.ebss:_IDD_QUE</name>
         <uninitialized>true</uninitialized>
         <run_address>0xdec0</run_address>
         <size>0x64</size>
         <input_file_ref idref="fl-25"/>
      </object_component>
      <object_component id="oc-35a">
         <name>.ebss:_RXA_QUE</name>
         <uninitialized>true</uninitialized>
         <run_address>0xdf40</run_address>
         <size>0x64</size>
         <input_file_ref idref="fl-23"/>
      </object_component>
      <object_component id="oc-34d">
         <name>.ebss:_RXB_QUE</name>
         <uninitialized>true</uninitialized>
         <run_address>0x16000</run_address>
         <size>0x64</size>
         <input_file_ref idref="fl-24"/>
      </object_component>
      <object_component id="oc-35e">
         <name>.ebss:_RXD_QUE</name>
         <uninitialized>true</uninitialized>
         <run_address>0x16080</run_address>
         <size>0x64</size>
         <input_file_ref idref="fl-25"/>
      </object_component>
      <object_component id="oc-359">
         <name>.ebss:_TXA_QUE</name>
         <uninitialized>true</uninitialized>
         <run_address>0x16100</run_address>
         <size>0x64</size>
         <input_file_ref idref="fl-23"/>
      </object_component>
      <object_component id="oc-34a">
         <name>.ebss:_TXB_QUE</name>
         <uninitialized>true</uninitialized>
         <run_address>0x16180</run_address>
         <size>0x64</size>
         <input_file_ref idref="fl-24"/>
      </object_component>
      <object_component id="oc-35d">
         <name>.ebss:_TXD_QUE</name>
         <uninitialized>true</uninitialized>
         <run_address>0x16200</run_address>
         <size>0x64</size>
         <input_file_ref idref="fl-25"/>
      </object_component>
      <object_component id="oc-395">
         <name>.ebss:__device</name>
         <uninitialized>true</uninitialized>
         <run_address>0x16280</run_address>
         <size>0x48</size>
         <input_file_ref idref="fl-67"/>
      </object_component>
      <object_component id="oc-95">
         <name>.ebss</name>
         <uninitialized>true</uninitialized>
         <run_address>0x16300</run_address>
         <size>0x44</size>
         <input_file_ref idref="fl-4"/>
      </object_component>
      <object_component id="oc-296">
         <name>.esysmem</name>
         <uninitialized>true</uninitialized>
         <run_address>0xa800</run_address>
         <size>0x4</size>
         <input_file_ref idref="fl-60"/>
      </object_component>
      <object_component id="oc-439">
         <name>.esysmem</name>
         <uninitialized>true</uninitialized>
         <run_address>0xa800</run_address>
         <size>0x0</size>
      </object_component>
      <object_component id="oc-1bd">
         <name>.econst:.string</name>
         <load_address>0x90000</load_address>
         <run_address>0x90000</run_address>
         <size>0x3b5</size>
         <input_file_ref idref="fl-26"/>
      </object_component>
      <object_component id="oc-96">
         <name>.econst</name>
         <load_address>0x903b5</load_address>
         <run_address>0x903b5</run_address>
         <size>0x1</size>
         <input_file_ref idref="fl-4"/>
      </object_component>
      <object_component id="oc-37e">
         <name>.econst:_PieVectTableInit</name>
         <load_address>0x903b6</load_address>
         <run_address>0x903b6</run_address>
         <size>0x1c0</size>
         <input_file_ref idref="fl-1a"/>
      </object_component>
      <object_component id="oc-393">
         <name>.econst:.string:__ctypes_</name>
         <load_address>0x90576</load_address>
         <run_address>0x90576</run_address>
         <size>0x101</size>
         <input_file_ref idref="fl-5c"/>
      </object_component>
      <object_component id="oc-362">
         <name>.econst:.string:_cbCRCHi_C</name>
         <load_address>0x90677</load_address>
         <run_address>0x90677</run_address>
         <size>0x100</size>
         <input_file_ref idref="fl-22"/>
      </object_component>
      <object_component id="oc-363">
         <name>.econst:.string:_cbCRCLo_C</name>
         <load_address>0x90777</load_address>
         <run_address>0x90777</run_address>
         <size>0x100</size>
         <input_file_ref idref="fl-22"/>
      </object_component>
      <object_component id="oc-339">
         <name>.econst:_SET</name>
         <load_address>0x90877</load_address>
         <run_address>0x90877</run_address>
         <size>0x9c</size>
         <input_file_ref idref="fl-4"/>
      </object_component>
      <object_component id="oc-37b">
         <name>.econst:_SMK_SET</name>
         <load_address>0x90913</load_address>
         <run_address>0x90913</run_address>
         <size>0x42</size>
         <input_file_ref idref="fl-26"/>
      </object_component>
      <object_component id="oc-1c9">
         <name>.econst:.string</name>
         <load_address>0x90956</load_address>
         <run_address>0x90956</run_address>
         <size>0x26</size>
         <input_file_ref idref="fl-38"/>
      </object_component>
      <object_component id="oc-1c8">
         <name>.econst</name>
         <load_address>0x9097c</load_address>
         <run_address>0x9097c</run_address>
         <size>0x1c</size>
         <input_file_ref idref="fl-38"/>
      </object_component>
      <object_component id="oc-1f4">
         <name>.econst</name>
         <load_address>0x90998</load_address>
         <run_address>0x90998</run_address>
         <size>0x1c</size>
         <input_file_ref idref="fl-40"/>
      </object_component>
      <object_component id="oc-333">
         <name>.econst:_ADC_GAIN</name>
         <load_address>0x909b4</load_address>
         <run_address>0x909b4</run_address>
         <size>0xc</size>
         <input_file_ref idref="fl-4"/>
      </object_component>
      <object_component id="oc-336">
         <name>.econst:_g_ui16CANBitValues</name>
         <load_address>0x909c0</load_address>
         <run_address>0x909c0</run_address>
         <size>0x9</size>
         <input_file_ref idref="fl-9"/>
      </object_component>
      <object_component id="oc-1ee">
         <name>.econst</name>
         <load_address>0x909ca</load_address>
         <run_address>0x909ca</run_address>
         <size>0x8</size>
         <input_file_ref idref="fl-3f"/>
      </object_component>
      <object_component id="oc-1d9">
         <name>.econst:.string</name>
         <load_address>0x909d2</load_address>
         <run_address>0x909d2</run_address>
         <size>0x2</size>
         <input_file_ref idref="fl-3b"/>
      </object_component>
      <object_component id="oc-369">
         <name>.switch:_MODBUS_FUNC_23_C</name>
         <load_address>0x82000</load_address>
         <run_address>0x82000</run_address>
         <size>0xf4</size>
         <input_file_ref idref="fl-22"/>
      </object_component>
      <object_component id="oc-370">
         <name>.switch:_MODBUS_FUNC_4_C</name>
         <load_address>0x820f4</load_address>
         <run_address>0x820f4</run_address>
         <size>0xc4</size>
         <input_file_ref idref="fl-22"/>
      </object_component>
      <object_component id="oc-36e">
         <name>.switch:_MODBUS_FUNC_16_C</name>
         <load_address>0x821b8</load_address>
         <run_address>0x821b8</run_address>
         <size>0x30</size>
         <input_file_ref idref="fl-22"/>
      </object_component>
      <object_component id="oc-36f">
         <name>.switch:_MODBUS_FUNC_6_C</name>
         <load_address>0x821e8</load_address>
         <run_address>0x821e8</run_address>
         <size>0x30</size>
         <input_file_ref idref="fl-22"/>
      </object_component>
      <object_component id="oc-379">
         <name>.switch:_TargetCommParsing</name>
         <load_address>0x82218</load_address>
         <run_address>0x82218</run_address>
         <size>0x24</size>
         <input_file_ref idref="fl-26"/>
      </object_component>
      <object_component id="oc-37a">
         <name>.switch:_ElectricalRequirementTest</name>
         <load_address>0x8223c</load_address>
         <run_address>0x8223c</run_address>
         <size>0x18</size>
         <input_file_ref idref="fl-26"/>
      </object_component>
      <object_component id="oc-1fa">
         <name>.reset</name>
         <load_address>0x3fffc0</load_address>
         <run_address>0x3fffc0</run_address>
         <size>0x2</size>
         <input_file_ref idref="fl-41"/>
      </object_component>
      <object_component id="oc-97">
         <name>SHARERAMGS2</name>
         <uninitialized>true</uninitialized>
         <run_address>0xe000</run_address>
         <size>0xde</size>
         <input_file_ref idref="fl-4"/>
      </object_component>
      <object_component id="oc-98">
         <name>SHARERAMGS4</name>
         <uninitialized>true</uninitialized>
         <run_address>0x10000</run_address>
         <size>0x4c6</size>
         <input_file_ref idref="fl-4"/>
      </object_component>
      <object_component id="oc-161">
         <name>PUTBUFFER</name>
         <uninitialized>true</uninitialized>
         <run_address>0x3fc00</run_address>
         <size>0x80</size>
         <input_file_ref idref="fl-16"/>
      </object_component>
      <object_component id="oc-15d">
         <name>PUTWRITEIDX</name>
         <uninitialized>true</uninitialized>
         <run_address>0x3fc80</run_address>
         <size>0x4</size>
         <input_file_ref idref="fl-16"/>
      </object_component>
      <object_component id="oc-160">
         <name>GETREADIDX</name>
         <uninitialized>true</uninitialized>
         <run_address>0x3fc84</run_address>
         <size>0x4</size>
         <input_file_ref idref="fl-16"/>
      </object_component>
      <object_component id="oc-162">
         <name>GETBUFFER</name>
         <uninitialized>true</uninitialized>
         <run_address>0x3f800</run_address>
         <size>0x80</size>
         <input_file_ref idref="fl-16"/>
      </object_component>
      <object_component id="oc-15f">
         <name>GETWRITEIDX</name>
         <uninitialized>true</uninitialized>
         <run_address>0x3f880</run_address>
         <size>0x4</size>
         <input_file_ref idref="fl-16"/>
      </object_component>
      <object_component id="oc-15e">
         <name>PUTREADIDX</name>
         <uninitialized>true</uninitialized>
         <run_address>0x3f884</run_address>
         <size>0x4</size>
         <input_file_ref idref="fl-16"/>
      </object_component>
      <object_component id="oc-146">
         <name>PieVectTableFile</name>
         <uninitialized>true</uninitialized>
         <run_address>0xd00</run_address>
         <size>0x1c0</size>
         <input_file_ref idref="fl-12"/>
      </object_component>
      <object_component id="oc-e7">
         <name>EmuKeyVar</name>
         <uninitialized>true</uninitialized>
         <run_address>0xd00</run_address>
         <size>0x1</size>
         <input_file_ref idref="fl-12"/>
      </object_component>
      <object_component id="oc-e8">
         <name>EmuBModeVar</name>
         <uninitialized>true</uninitialized>
         <run_address>0xd01</run_address>
         <size>0x1</size>
         <input_file_ref idref="fl-12"/>
      </object_component>
      <object_component id="oc-fd">
         <name>AdcaResultFile</name>
         <uninitialized>true</uninitialized>
         <run_address>0xb00</run_address>
         <size>0x18</size>
         <input_file_ref idref="fl-12"/>
      </object_component>
      <object_component id="oc-fe">
         <name>AdcbResultFile</name>
         <uninitialized>true</uninitialized>
         <run_address>0xb20</run_address>
         <size>0x18</size>
         <input_file_ref idref="fl-12"/>
      </object_component>
      <object_component id="oc-ff">
         <name>AdccResultFile</name>
         <uninitialized>true</uninitialized>
         <run_address>0xb40</run_address>
         <size>0x18</size>
         <input_file_ref idref="fl-12"/>
      </object_component>
      <object_component id="oc-100">
         <name>AdcdResultFile</name>
[...]
         <value>0xc82c</value>
         <object_component_ref idref="oc-1bc"/>
      </symbol>
      <symbol id="sm-c80">
         <name>_AutoAging_Step</name>
         <value>0xc82b</value>
         <object_component_ref idref="oc-1bc"/>
      </symbol>
      <symbol id="sm-c81">
         <name>_AutoConnectCheck</name>
         <value>0x85b9d</value>
         <object_component_ref idref="oc-343"/>
      </symbol>
      <symbol id="sm-c83">
         <name>_AgingTest</name>
         <value>0x852b</value>
         <object_component_ref idref="oc-347"/>
      </symbol>
      <symbol id="sm-c85">
         <name>_tolerance_Vbat_min</name>
         <value>0xc838</value>
         <object_component_ref idref="oc-1bc"/>
      </symbol>
      <symbol id="sm-c86">
         <name>_tolerance_Ir_max</name>
         <value>0xc835</value>
         <object_component_ref idref="oc-1bc"/>
      </symbol>
      <symbol id="sm-c87">
         <name>_ElectricalRequirementTest</name>
         <value>0x808d</value>
         <object_component_ref idref="oc-347"/>
      </symbol>
      <symbol id="sm-c89">
         <name>_InitTargetValue</name>
         <value>0x85ab5</value>
         <object_component_ref idref="oc-343"/>
      </symbol>
      <symbol id="sm-c8b">
         <name>_reTryCnt</name>
         <value>0xc83d</value>
         <object_component_ref idref="oc-1bc"/>
      </symbol>
      <symbol id="sm-c8c">
         <name>_GetJigFault</name>
         <value>0x85b7d</value>
         <object_component_ref idref="oc-343"/>
      </symbol>
      <symbol id="sm-c8e">
         <name>_tolerance_3_3V_max</name>
         <value>0xc831</value>
         <object_component_ref idref="oc-1bc"/>
      </symbol>
      <symbol id="sm-c9e">
         <name>_printf</name>
         <value>0x85fd2</value>
         <object_component_ref idref="oc-373"/>
      </symbol>
      <symbol id="sm-dff">
         <name>___TI_printfi</name>
         <value>0x83ca1</value>
         <object_component_ref idref="oc-382"/>
      </symbol>
      <symbol id="sm-e16">
         <name>___TI_doflush</name>
         <value>0x87925</value>
         <object_component_ref idref="oc-376"/>
      </symbol>
      <symbol id="sm-e18">
         <name>_fflush</name>
         <value>0x87954</value>
         <object_component_ref idref="oc-376"/>
      </symbol>
      <symbol id="sm-e2c">
         <name>_putchar</name>
         <value>0x87d55</value>
         <object_component_ref idref="oc-380"/>
      </symbol>
      <symbol id="sm-e2e">
         <name>_putc</name>
         <value>0x87d07</value>
         <object_component_ref idref="oc-380"/>
      </symbol>
      <symbol id="sm-e2f">
         <name>_fputc</name>
         <value>0x87d07</value>
         <object_component_ref idref="oc-380"/>
      </symbol>
      <symbol id="sm-e4d">
         <name>_puts</name>
         <value>0x8752b</value>
         <object_component_ref idref="oc-381"/>
      </symbol>
      <symbol id="sm-e4f">
         <name>_fputs</name>
         <value>0x87496</value>
         <object_component_ref idref="oc-381"/>
      </symbol>
      <symbol id="sm-e67">
         <name>___TI_rd_ok</name>
         <value>0x87ab6</value>
         <object_component_ref idref="oc-384"/>
      </symbol>
      <symbol id="sm-e69">
         <name>___TI_wrt_ok</name>
         <value>0x87a7b</value>
         <object_component_ref idref="oc-384"/>
      </symbol>
      <symbol id="sm-e81">
         <name>_setvbuf</name>
         <value>0x878a8</value>
         <object_component_ref idref="oc-392"/>
      </symbol>
      <symbol id="sm-e90">
         <name>_wcslen</name>
         <value>0x882dc</value>
         <object_component_ref idref="oc-38e"/>
      </symbol>
      <symbol id="sm-ea4">
         <name>_frexpl</name>
         <value>0x87c57</value>
         <object_component_ref idref="oc-389"/>
      </symbol>
      <symbol id="sm-ec3">
         <name>_scalbnl</name>
         <value>0x873e8</value>
         <object_component_ref idref="oc-38a"/>
      </symbol>
      <symbol id="sm-ec5">
         <name>_ldexpl</name>
         <value>0x873e8</value>
         <object_component_ref idref="oc-38a"/>
      </symbol>
      <symbol id="sm-ee0">
         <name>_c_int00</name>
         <value>0x87cb1</value>
         <object_component_ref idref="oc-85"/>
      </symbol>
      <symbol id="sm-ee1">
         <name>__stack</name>
         <value>0x400</value>
         <object_component_ref idref="oc-1f9"/>
      </symbol>
      <symbol id="sm-efc">
         <name>FD$$ADD</name>
         <value>0x875e3</value>
         <object_component_ref idref="oc-1ff"/>
      </symbol>
      <symbol id="sm-f0c">
         <name>FD$$CMP</name>
         <value>0x87fb5</value>
         <object_component_ref idref="oc-204"/>
      </symbol>
      <symbol id="sm-f1e">
         <name>FD$$MPY</name>
         <value>0x87825</value>
         <object_component_ref idref="oc-209"/>
      </symbol>
      <symbol id="sm-f2b">
         <name>FD$$NEG</name>
         <value>0x882d3</value>
         <object_component_ref idref="oc-20e"/>
      </symbol>
      <symbol id="sm-f37">
         <name>FD$$SUB</name>
         <value>0x83ff2</value>
         <object_component_ref idref="oc-213"/>
      </symbol>
      <symbol id="sm-f46">
         <name>FD$$TOI</name>
         <value>0x87fdf</value>
         <object_component_ref idref="oc-218"/>
      </symbol>
      <symbol id="sm-f55">
         <name>FD$$TOL</name>
         <value>0x88133</value>
         <object_component_ref idref="oc-21d"/>
      </symbol>
      <symbol id="sm-f61">
         <name>LL$$AND</name>
         <value>0x88214</value>
         <object_component_ref idref="oc-222"/>
      </symbol>
      <symbol id="sm-f62">
         <name>LL$$OR</name>
         <value>0x8821c</value>
         <object_component_ref idref="oc-222"/>
      </symbol>
      <symbol id="sm-f63">
         <name>LL$$XOR</name>
         <value>0x88224</value>
         <object_component_ref idref="oc-222"/>
      </symbol>
      <symbol id="sm-f71">
         <name>ULL$$CMP</name>
         <value>0x88164</value>
         <object_component_ref idref="oc-227"/>
      </symbol>
      <symbol id="sm-f72">
         <name>LL$$CMP</name>
         <value>0x88152</value>
         <object_component_ref idref="oc-227"/>
      </symbol>
      <symbol id="sm-f9e">
         <name>ULL$$MOD</name>
         <value>0x86e5d</value>
         <object_component_ref idref="oc-22c"/>
      </symbol>
      <symbol id="sm-f9f">
         <name>ULL$$DIV</name>
         <value>0x86e2e</value>
         <object_component_ref idref="oc-22c"/>
      </symbol>
      <symbol id="sm-fa0">
         <name>LL$$MOD</name>
         <value>0x86df4</value>
         <object_component_ref idref="oc-22c"/>
      </symbol>
      <symbol id="sm-fa1">
         <name>LL$$DIV</name>
         <value>0x86db8</value>
         <object_component_ref idref="oc-22c"/>
      </symbol>
      <symbol id="sm-fb1">
         <name>I$$TOFD</name>
         <value>0x88170</value>
         <object_component_ref idref="oc-231"/>
      </symbol>
      <symbol id="sm-fbf">
         <name>I$$MOD</name>
         <value>0x88122</value>
         <object_component_ref idref="oc-236"/>
      </symbol>
      <symbol id="sm-fc0">
         <name>I$$DIV</name>
         <value>0x88111</value>
         <object_component_ref idref="oc-236"/>
      </symbol>
      <symbol id="sm-fcc">
         <name>U$$MOD</name>
         <value>0x882ba</value>
         <object_component_ref idref="oc-23b"/>
      </symbol>
      <symbol id="sm-fcd">
         <name>U$$DIV</name>
         <value>0x882b5</value>
         <object_component_ref idref="oc-23b"/>
      </symbol>
      <symbol id="sm-fdd">
         <name>L$$TOFD</name>
         <value>0x881c6</value>
         <object_component_ref idref="oc-240"/>
      </symbol>
      <symbol id="sm-fe9">
         <name>UL$$MOD</name>
         <value>0x88024</value>
         <object_component_ref idref="oc-245"/>
      </symbol>
      <symbol id="sm-fea">
         <name>L$$MOD</name>
         <value>0x8800f</value>
         <object_component_ref idref="oc-245"/>
      </symbol>
      <symbol id="sm-feb">
         <name>L$$DIV</name>
         <value>0x88000</value>
         <object_component_ref idref="oc-245"/>
      </symbol>
      <symbol id="sm-fec">
         <name>UL$$DIV</name>
         <value>0x8801d</value>
         <object_component_ref idref="oc-245"/>
      </symbol>
      <symbol id="sm-ffc">
         <name>FS$$TOFD</name>
         <value>0x881aa</value>
         <object_component_ref idref="oc-24a"/>
      </symbol>
      <symbol id="sm-1013">
         <name>FD$$DIV</name>
         <value>0x87715</value>
         <object_component_ref idref="oc-24f"/>
      </symbol>
      <symbol id="sm-1022">
         <name>_copy_in</name>
         <value>0x880c9</value>
         <object_component_ref idref="oc-324"/>
      </symbol>
      <symbol id="sm-1034">
         <name>_memcpy</name>
         <value>0x8818d</value>
         <object_component_ref idref="oc-32d"/>
      </symbol>
      <symbol id="sm-1041">
         <name>__system_pre_init</name>
         <value>0x88304</value>
         <object_component_ref idref="oc-323"/>
      </symbol>
      <symbol id="sm-104f">
         <name>__system_post_cinit</name>
         <value>0x88306</value>
         <object_component_ref idref="oc-325"/>
      </symbol>
      <symbol id="sm-1064">
         <name>C$$EXIT</name>
         <value>0x8802a</value>
         <object_component_ref idref="oc-327"/>
      </symbol>
      <symbol id="sm-1065">
         <name>_exit</name>
         <value>0x8802c</value>
         <object_component_ref idref="oc-327"/>
      </symbol>
      <symbol id="sm-1067">
         <name>___TI_cleanup_ptr</name>
         <value>0xd1fc</value>
         <object_component_ref idref="oc-26a"/>
      </symbol>
      <symbol id="sm-1068">
         <name>___TI_enable_exit_profile_output</name>
         <value>0xd1fa</value>
         <object_component_ref idref="oc-26a"/>
      </symbol>
      <symbol id="sm-1069">
         <name>_abort</name>
         <value>0x8802a</value>
         <object_component_ref idref="oc-327"/>
      </symbol>
      <symbol id="sm-106b">
         <name>___TI_dtors_ptr</name>
         <value>0xd1fe</value>
         <object_component_ref idref="oc-26a"/>
      </symbol>
      <symbol id="sm-107f">
         <name>__unlock</name>
         <value>0xd3fe</value>
         <object_component_ref idref="oc-37c"/>
      </symbol>
      <symbol id="sm-1080">
         <name>__lock</name>
         <value>0xcc3e</value>
         <object_component_ref idref="oc-32f"/>
      </symbol>
      <symbol id="sm-1081">
         <name>__register_lock</name>
         <value>0x882ce</value>
         <object_component_ref idref="oc-348"/>
      </symbol>
      <symbol id="sm-1083">
         <name>__nop</name>
         <value>0x882d2</value>
         <object_component_ref idref="oc-348"/>
      </symbol>
      <symbol id="sm-1085">
         <name>__register_unlock</name>
         <value>0x882ca</value>
         <object_component_ref idref="oc-348"/>
      </symbol>
      <symbol id="sm-1094">
         <name>___TI_ltoa</name>
         <value>0x87f85</value>
         <object_component_ref idref="oc-388"/>
      </symbol>
      <symbol id="sm-10a4">
         <name>__args_main</name>
         <value>0x8826b</value>
         <object_component_ref idref="oc-326"/>
      </symbol>
      <symbol id="sm-10b9">
         <name>_atoi</name>
         <value>0x87f54</value>
         <object_component_ref idref="oc-387"/>
      </symbol>
      <symbol id="sm-10c2">
         <name>__ctypes_</name>
         <value>0x90576</value>
         <object_component_ref idref="oc-393"/>
      </symbol>
      <symbol id="sm-10d3">
         <name>___TI_ft_end</name>
         <value>0xd5fe</value>
         <object_component_ref idref="oc-287"/>
      </symbol>
      <symbol id="sm-10d4">
         <name>___TI_tmpnams</name>
         <value>0xdc80</value>
         <object_component_ref idref="oc-3a7"/>
      </symbol>
      <symbol id="sm-10d5">
         <name>__ftable</name>
         <value>0xdd40</value>
         <object_component_ref idref="oc-374"/>
      </symbol>
      <symbol id="sm-10e4">
         <name>_memccpy</name>
         <value>0x8827d</value>
         <object_component_ref idref="oc-38d"/>
      </symbol>
      <symbol id="sm-10f4">
         <name>_memchr</name>
         <value>0x8829c</value>
         <object_component_ref idref="oc-386"/>
      </symbol>
      <symbol id="sm-1152">
         <name>__sys_memory</name>
         <value>0xa800</value>
         <object_component_ref idref="oc-296"/>
      </symbol>
      <symbol id="sm-1153">
         <name>___TI_heap_total_available</name>
         <value>0x852d6</value>
         <object_component_ref idref="oc-398"/>
      </symbol>
      <symbol id="sm-1155">
         <name>_realloc</name>
         <value>0x8517b</value>
         <object_component_ref idref="oc-398"/>
      </symbol>
      <symbol id="sm-1157">
         <name>___TI_heap_check</name>
         <value>0x85310</value>
         <object_component_ref idref="oc-398"/>
      </symbol>
      <symbol id="sm-1159">
         <name>_free</name>
         <value>0x850b1</value>
         <object_component_ref idref="oc-398"/>
      </symbol>
      <symbol id="sm-115b">
         <name>_memalign</name>
         <value>0x85230</value>
         <object_component_ref idref="oc-398"/>
      </symbol>
      <symbol id="sm-115c">
         <name>_calloc</name>
         <value>0x85203</value>
         <object_component_ref idref="oc-398"/>
      </symbol>
      <symbol id="sm-115e">
         <name>_malloc</name>
         <value>0x85086</value>
         <object_component_ref idref="oc-398"/>
      </symbol>
      <symbol id="sm-1160">
         <name>_aligned_alloc</name>
         <value>0x85230</value>
         <object_component_ref idref="oc-398"/>
      </symbol>
      <symbol id="sm-1162">
         <name>_minit</name>
         <value>0x851ff</value>
         <object_component_ref idref="oc-398"/>
      </symbol>
      <symbol id="sm-1164">
         <name>___TI_heap_largest_available</name>
         <value>0x852f3</value>
         <object_component_ref idref="oc-398"/>
      </symbol>
      <symbol id="sm-1173">
         <name>_memset</name>
         <value>0x882f5</value>
         <object_component_ref idref="oc-33b"/>
      </symbol>
      <symbol id="sm-1183">
         <name>_strchr</name>
         <value>0x882a9</value>
         <object_component_ref idref="oc-38b"/>
      </symbol>
      <symbol id="sm-1191">
         <name>_strcpy</name>
         <value>0x882fc</value>
         <object_component_ref idref="oc-38c"/>
      </symbol>
      <symbol id="sm-119f">
         <name>_strlen</name>
         <value>0x882ed</value>
         <object_component_ref idref="oc-385"/>
      </symbol>
      <symbol id="sm-11aa">
         <name>_errno</name>
         <value>0xd5ff</value>
         <object_component_ref idref="oc-2b1"/>
      </symbol>
      <symbol id="sm-11b7">
         <name>_write</name>
         <value>0x881fb</value>
         <object_component_ref idref="oc-383"/>
      </symbol>
      <symbol id="sm-11c8">
         <name>__device</name>
         <value>0x16280</value>
         <object_component_ref idref="oc-395"/>
      </symbol>
      <symbol id="sm-11c9">
         <name>__stream</name>
         <value>0xcf08</value>
         <object_component_ref idref="oc-38f"/>
      </symbol>
      <symbol id="sm-11d6">
         <name>_copysignl</name>
         <value>0x880a4</value>
         <object_component_ref idref="oc-394"/>
      </symbol>
      <symbol id="sm-1214">
         <name>_fopen</name>
         <value>0x85f85</value>
         <object_component_ref idref="oc-399"/>
      </symbol>
      <symbol id="sm-1216">
         <name>___TI_cleanup</name>
         <value>0x85f4a</value>
         <object_component_ref idref="oc-399"/>
      </symbol>
      <symbol id="sm-1218">
         <name>_freopen</name>
         <value>0x85f67</value>
         <object_component_ref idref="oc-399"/>
      </symbol>
      <symbol id="sm-1229">
         <name>_fseek</name>
         <value>0x87e37</value>
         <object_component_ref idref="oc-391"/>
      </symbol>
      <symbol id="sm-1236">
         <name>_HOSTclose</name>
         <value>0x88053</value>
         <object_component_ref idref="oc-39b"/>
      </symbol>
      <symbol id="sm-1243">
         <name>_HOSTlseek</name>
         <value>0x87bfc</value>
         <object_component_ref idref="oc-39e"/>
      </symbol>
      <symbol id="sm-1253">
         <name>_parmbuf</name>
         <value>0xca34</value>
         <object_component_ref idref="oc-3a3"/>
      </symbol>
      <symbol id="sm-1254">
         <name>_HOSTopen</name>
         <value>0x87e74</value>
         <object_component_ref idref="oc-39a"/>
      </symbol>
      <symbol id="sm-1262">
         <name>_HOSTread</name>
         <value>0x87ee9</value>
         <object_component_ref idref="oc-39c"/>
      </symbol>
      <symbol id="sm-126f">
         <name>_HOSTrename</name>
         <value>0x87df9</value>
         <object_component_ref idref="oc-3a0"/>
      </symbol>
      <symbol id="sm-127c">
         <name>_HOSTunlink</name>
         <value>0x880ed</value>
         <object_component_ref idref="oc-39f"/>
      </symbol>
      <symbol id="sm-128a">
         <name>_HOSTwrite</name>
         <value>0x87eb0</value>
         <object_component_ref idref="oc-39d"/>
      </symbol>
      <symbol id="sm-12a4">
         <name>___TI_readmsg</name>
         <value>0x876d8</value>
         <object_component_ref idref="oc-3a4"/>
      </symbol>
      <symbol id="sm-12a6">
         <name>C$$IO$$</name>
         <value>0x876d3</value>
         <object_component_ref idref="oc-3a4"/>
      </symbol>
      <symbol id="sm-12a7">
         <name>__CIOBUF_</name>
         <value>0x500</value>
         <object_component_ref idref="oc-2ef"/>
      </symbol>
      <symbol id="sm-12a8">
         <name>___TI_writemsg</name>
         <value>0x87680</value>
         <object_component_ref idref="oc-3a4"/>
      </symbol>
      <symbol id="sm-12c4">
         <name>_open</name>
         <value>0x87a0a</value>
         <object_component_ref idref="oc-3a1"/>
      </symbol>
      <symbol id="sm-12d2">
         <name>_lseek</name>
         <value>0x8822c</value>
         <object_component_ref idref="oc-397"/>
      </symbol>
      <symbol id="sm-12e4">
         <name>___TI_closefile</name>
         <value>0x87b9f</value>
         <object_component_ref idref="oc-3a2"/>
      </symbol>
      <symbol id="sm-12e6">
         <name>_fclose</name>
         <value>0x87be3</value>
         <object_component_ref idref="oc-3a2"/>
      </symbol>
      <symbol id="sm-12f8">
         <name>_finddevice</name>
         <value>0x87d5a</value>
         <object_component_ref idref="oc-3a5"/>
      </symbol>
      <symbol id="sm-12fa">
         <name>_getdevice</name>
         <value>0x87d75</value>
         <object_component_ref idref="oc-3a5"/>
      </symbol>
      <symbol id="sm-1309">
         <name>_strcmp</name>
         <value>0x882c0</value>
         <object_component_ref idref="oc-3a9"/>
      </symbol>
      <symbol id="sm-131a">
         <name>_strncpy</name>
         <value>0x88244</value>
         <object_component_ref idref="oc-3aa"/>
      </symbol>
      <symbol id="sm-1327">
         <name>_remove</name>
         <value>0x88301</value>
         <object_component_ref idref="oc-3a8"/>
      </symbol>
      <symbol id="sm-1338">
         <name>_close</name>
         <value>0x87f21</value>
         <object_component_ref idref="oc-3a6"/>
      </symbol>
      <symbol id="sm-1345">
         <name>_unlink</name>
         <value>0x881e2</value>
         <object_component_ref idref="oc-3ab"/>
      </symbol>
   </symbol_table>
   <title>Link successful</title>
</link_info>
