<?xml version="1.0" encoding="ISO-8859-1" ?>
<link_info>
   <banner>TMS320C2000 Linker PC v20.2.4.LTS</banner>
   <copyright>Copyright (c) 1996-2018 Texas Instruments Incorporated</copyright>
   <link_time>0x60d2c164</link_time>
   <link_errors>0x0</link_errors>
   <output_file>SmileKey_JIG_DSP28377_V0.03_20210621.out</output_file>
   <entry_point>
      <name>_c_int00</name>
      <address>0x84576</address>
   </entry_point>
   <input_file_list>
      <input_file id="fl-2">
         <path>.\</path>
         <kind>object</kind>
         <file>DSP_28377_SETUP_cpu1.obj</file>
         <name>DSP_28377_SETUP_cpu1.obj</name>
      </input_file>
      <input_file id="fl-3">
         <path>.\</path>
         <kind>object</kind>
         <file>DataLogging.obj</file>
         <name>DataLogging.obj</name>
      </input_file>
      <input_file id="fl-4">
         <path>.\</path>
         <kind>object</kind>
         <file>MAIN_CPU1.obj</file>
         <name>MAIN_CPU1.obj</name>
      </input_file>
      <input_file id="fl-5">
         <path>.\</path>
         <kind>object</kind>
         <file>TimeBaseSystem.obj</file>
         <name>TimeBaseSystem.obj</name>
      </input_file>
      <input_file id="fl-6">
         <path>.\Src-ADC\</path>
         <kind>object</kind>
         <file>ADC_Config_F28377.obj</file>
         <name>ADC_Config_F28377.obj</name>
      </input_file>
      <input_file id="fl-7">
         <path>.\Src-CAN\</path>
         <kind>object</kind>
         <file>dCAN.obj</file>
         <name>dCAN.obj</name>
      </input_file>
      <input_file id="fl-8">
         <path>.\Src-CAN\</path>
         <kind>object</kind>
         <file>dCAN_API.obj</file>
         <name>dCAN_API.obj</name>
      </input_file>
      <input_file id="fl-9">
         <path>.\Src-CAN\</path>
         <kind>object</kind>
         <file>dCAN_Config.obj</file>
         <name>dCAN_Config.obj</name>
      </input_file>
      <input_file id="fl-a">
         <path>.\Src-Capture\</path>
         <kind>object</kind>
         <file>ECap_Config.obj</file>
         <name>ECap_Config.obj</name>
      </input_file>
      <input_file id="fl-b">
         <path>.\Src-Comp\</path>
         <kind>object</kind>
         <file>Comp_Config.obj</file>
         <name>Comp_Config.obj</name>
      </input_file>
      <input_file id="fl-c">
         <path>.\Src-DAC\</path>
         <kind>object</kind>
         <file>DAC_Config_F28377.obj</file>
         <name>DAC_Config_F28377.obj</name>
      </input_file>
      <input_file id="fl-d">
         <path>.\Src-Device_F2837x\</path>
         <kind>object</kind>
         <file>F2837xD_CodeStartBranch.obj</file>
         <name>F2837xD_CodeStartBranch.obj</name>
      </input_file>
      <input_file id="fl-e">
         <path>.\Src-Device_F2837x\</path>
         <kind>object</kind>
         <file>F2837xD_CpuTimers.obj</file>
         <name>F2837xD_CpuTimers.obj</name>
      </input_file>
      <input_file id="fl-f">
         <path>.\Src-Device_F2837x\</path>
         <kind>object</kind>
         <file>F2837xD_DefaultISR.obj</file>
         <name>F2837xD_DefaultISR.obj</name>
      </input_file>
      <input_file id="fl-10">
         <path>.\Src-Device_F2837x\</path>
         <kind>object</kind>
         <file>F2837xD_ECap.obj</file>
         <name>F2837xD_ECap.obj</name>
      </input_file>
      <input_file id="fl-11">
         <path>.\Src-Device_F2837x\</path>
         <kind>object</kind>
         <file>F2837xD_GlobalVariableDefs.obj</file>
         <name>F2837xD_GlobalVariableDefs.obj</name>
      </input_file>
      <input_file id="fl-12">
         <path>.\Src-Device_F2837x\</path>
         <kind>object</kind>
         <file>F2837xD_Gpio.obj</file>
         <name>F2837xD_Gpio.obj</name>
      </input_file>
      <input_file id="fl-13">
         <path>.\Src-Device_F2837x\</path>
         <kind>object</kind>
         <file>F2837xD_I2C.obj</file>
         <name>F2837xD_I2C.obj</name>
      </input_file>
      <input_file id="fl-14">
         <path>.\Src-Device_F2837x\</path>
         <kind>object</kind>
         <file>F2837xD_Ipc.obj</file>
         <name>F2837xD_Ipc.obj</name>
      </input_file>
      <input_file id="fl-15">
         <path>.\Src-Device_F2837x\</path>
         <kind>object</kind>
         <file>F2837xD_Ipc_Driver.obj</file>
         <name>F2837xD_Ipc_Driver.obj</name>
      </input_file>
      <input_file id="fl-16">
         <path>.\Src-Device_F2837x\</path>
         <kind>object</kind>
         <file>F2837xD_Ipc_Driver_Util.obj</file>
         <name>F2837xD_Ipc_Driver_Util.obj</name>
      </input_file>
      <input_file id="fl-17">
         <path>.\Src-Device_F2837x\</path>
         <kind>object</kind>
         <file>F2837xD_Mcbsp.obj</file>
         <name>F2837xD_Mcbsp.obj</name>
      </input_file>
      <input_file id="fl-18">
         <path>.\Src-Device_F2837x\</path>
         <kind>object</kind>
         <file>F2837xD_PieCtrl.obj</file>
         <name>F2837xD_PieCtrl.obj</name>
      </input_file>
      <input_file id="fl-19">
         <path>.\Src-Device_F2837x\</path>
         <kind>object</kind>
         <file>F2837xD_PieVect.obj</file>
         <name>F2837xD_PieVect.obj</name>
      </input_file>
      <input_file id="fl-1a">
         <path>.\Src-Device_F2837x\</path>
         <kind>object</kind>
         <file>F2837xD_SysCtrl.obj</file>
         <name>F2837xD_SysCtrl.obj</name>
      </input_file>
      <input_file id="fl-1b">
         <path>.\Src-Device_F2837x\</path>
         <kind>object</kind>
         <file>F2837xD_usDelay.obj</file>
         <name>F2837xD_usDelay.obj</name>
      </input_file>
      <input_file id="fl-1c">
         <path>.\Src-Device_F2837x\</path>
         <kind>object</kind>
         <file>interrupt.obj</file>
         <name>interrupt.obj</name>
      </input_file>
      <input_file id="fl-1d">
         <path>.\Src-EPWM\</path>
         <kind>object</kind>
         <file>Epwm_App.obj</file>
         <name>Epwm_App.obj</name>
      </input_file>
      <input_file id="fl-1e">
         <path>.\Src-EPWM\</path>
         <kind>object</kind>
         <file>Epwm_Config.obj</file>
         <name>Epwm_Config.obj</name>
      </input_file>
      <input_file id="fl-1f">
         <path>.\Src-GPIO\</path>
         <kind>object</kind>
         <file>GPIO_2837xD.obj</file>
         <name>GPIO_2837xD.obj</name>
      </input_file>
      <input_file id="fl-20">
         <path>.\Src-GPIO\</path>
         <kind>object</kind>
         <file>Gpio_Ctrl.obj</file>
         <name>Gpio_Ctrl.obj</name>
      </input_file>
      <input_file id="fl-21">
         <path>.\Src-TargetCommu\</path>
         <kind>object</kind>
         <file>TargetA_COMM.obj</file>
         <name>TargetA_COMM.obj</name>
      </input_file>
      <input_file id="fl-22">
         <path>.\Src-TargetCommu\</path>
         <kind>object</kind>
         <file>TargetB_COMM.obj</file>
         <name>TargetB_COMM.obj</name>
      </input_file>
      <input_file id="fl-23">
         <path>.\Src-TargetCommu\</path>
         <kind>object</kind>
         <file>TargetD_COMM.obj</file>
         <name>TargetD_COMM.obj</name>
      </input_file>
      <input_file id="fl-24">
         <path>.\Src-Target_Management\</path>
         <kind>object</kind>
         <file>Target_Management.obj</file>
         <name>Target_Management.obj</name>
      </input_file>
      <input_file id="fl-29">
         <kind>object</kind>
         <file>&lt;internal&gt;</file>
         <name>&lt;internal&gt;</name>
      </input_file>
      <input_file id="fl-35">
         <path>C:\ti\ccs1010\ccs\tools\compiler\ti-cgt-c2000_20.2.4.LTS\lib\</path>
         <kind>archive</kind>
         <file>rts2800_fpu32.lib</file>
         <name>boot28.asm.obj</name>
      </input_file>
      <input_file id="fl-36">
         <path>C:\ti\ccs1010\ccs\tools\compiler\ti-cgt-c2000_20.2.4.LTS\lib\</path>
         <kind>archive</kind>
         <file>rts2800_fpu32.lib</file>
         <name>ll_aox28.asm.obj</name>
      </input_file>
      <input_file id="fl-37">
         <path>C:\ti\ccs1010\ccs\tools\compiler\ti-cgt-c2000_20.2.4.LTS\lib\</path>
         <kind>archive</kind>
         <file>rts2800_fpu32.lib</file>
         <name>l_div28.asm.obj</name>
      </input_file>
      <input_file id="fl-38">
         <path>C:\ti\ccs1010\ccs\tools\compiler\ti-cgt-c2000_20.2.4.LTS\lib\</path>
         <kind>archive</kind>
         <file>rts2800_fpu32.lib</file>
         <name>cpy_tbl.c.obj</name>
      </input_file>
      <input_file id="fl-39">
         <path>C:\ti\ccs1010\ccs\tools\compiler\ti-cgt-c2000_20.2.4.LTS\lib\</path>
         <kind>archive</kind>
         <file>rts2800_fpu32.lib</file>
         <name>memcpy.c.obj</name>
      </input_file>
      <input_file id="fl-3a">
         <path>C:\ti\ccs1010\ccs\tools\compiler\ti-cgt-c2000_20.2.4.LTS\lib\</path>
         <kind>archive</kind>
         <file>rts2800_fpu32.lib</file>
         <name>pre_init.c.obj</name>
      </input_file>
      <input_file id="fl-3b">
         <path>C:\ti\ccs1010\ccs\tools\compiler\ti-cgt-c2000_20.2.4.LTS\lib\</path>
         <kind>archive</kind>
         <file>rts2800_fpu32.lib</file>
         <name>startup.c.obj</name>
      </input_file>
      <input_file id="fl-3c">
         <path>C:\ti\ccs1010\ccs\tools\compiler\ti-cgt-c2000_20.2.4.LTS\lib\</path>
         <kind>archive</kind>
         <file>rts2800_fpu32.lib</file>
         <name>exit.c.obj</name>
      </input_file>
      <input_file id="fl-3d">
         <path>C:\ti\ccs1010\ccs\tools\compiler\ti-cgt-c2000_20.2.4.LTS\lib\</path>
         <kind>archive</kind>
         <file>rts2800_fpu32.lib</file>
         <name>_lock.c.obj</name>
      </input_file>
      <input_file id="fl-3e">
         <path>C:\ti\ccs1010\ccs\tools\compiler\ti-cgt-c2000_20.2.4.LTS\lib\</path>
         <kind>archive</kind>
         <file>rts2800_fpu32.lib</file>
         <name>args_main.c.obj</name>
      </input_file>
      <input_file id="fl-3f">
         <path>C:\ti\ccs1010\ccs\tools\compiler\ti-cgt-c2000_20.2.4.LTS\lib\</path>
         <kind>archive</kind>
         <file>rts2800_fpu32.lib</file>
         <name>memset.c.obj</name>
      </input_file>
   </input_file_list>
   <object_component_list>
      <object_component id="oc-8d">
         <name>.cinit</name>
         <load_address>0x82000</load_address>
         <run_address>0x82000</run_address>
         <size>0x14</size>
         <input_file_ref idref="fl-3"/>
      </object_component>
      <object_component id="oc-19c">
         <name>.cinit</name>
         <load_address>0x82014</load_address>
         <run_address>0x82014</run_address>
         <size>0x14</size>
         <input_file_ref idref="fl-21"/>
      </object_component>
      <object_component id="oc-1a3">
         <name>.cinit</name>
         <load_address>0x82028</load_address>
         <run_address>0x82028</run_address>
         <size>0x14</size>
         <input_file_ref idref="fl-22"/>
      </object_component>
      <object_component id="oc-1aa">
         <name>.cinit</name>
         <load_address>0x8203c</load_address>
         <run_address>0x8203c</run_address>
         <size>0x14</size>
         <input_file_ref idref="fl-23"/>
      </object_component>
      <object_component id="oc-1db">
         <name>.cinit</name>
         <load_address>0x82050</load_address>
         <run_address>0x82050</run_address>
         <size>0xe</size>
         <input_file_ref idref="fl-3c"/>
      </object_component>
      <object_component id="oc-94">
         <name>.cinit</name>
         <load_address>0x8205e</load_address>
         <run_address>0x8205e</run_address>
         <size>0x9</size>
         <input_file_ref idref="fl-4"/>
      </object_component>
      <object_component id="oc-1fd">
         <name>.cinit:__lock</name>
         <load_address>0x82067</load_address>
         <run_address>0x82067</run_address>
         <size>0x5</size>
         <input_file_ref idref="fl-3d"/>
      </object_component>
      <object_component id="oc-211">
         <name>.cinit:__unlock</name>
         <load_address>0x8206c</load_address>
         <run_address>0x8206c</run_address>
         <size>0x5</size>
         <input_file_ref idref="fl-3d"/>
      </object_component>
      <object_component id="oc-d7">
         <name>.text:retain</name>
         <load_address>0x82074</load_address>
         <run_address>0x82074</run_address>
         <size>0x58f</size>
         <input_file_ref idref="fl-f"/>
      </object_component>
      <object_component id="oc-21d">
         <name>.text</name>
         <load_address>0x82603</load_address>
         <run_address>0x82603</run_address>
         <size>0x45e</size>
         <input_file_ref idref="fl-1e"/>
      </object_component>
      <object_component id="oc-1f6">
         <name>.text</name>
         <load_address>0x82a61</load_address>
         <run_address>0x82a61</run_address>
         <size>0x3e1</size>
         <input_file_ref idref="fl-8"/>
      </object_component>
      <object_component id="oc-216">
         <name>.text</name>
         <load_address>0x82e42</load_address>
         <run_address>0x82e42</run_address>
         <size>0x2b8</size>
         <input_file_ref idref="fl-1a"/>
      </object_component>
      <object_component id="oc-21b">
         <name>.text</name>
         <load_address>0x830fa</load_address>
         <run_address>0x830fa</run_address>
         <size>0x256</size>
         <input_file_ref idref="fl-6"/>
      </object_component>
      <object_component id="oc-21f">
         <name>.text</name>
         <load_address>0x83350</load_address>
         <run_address>0x83350</run_address>
         <size>0x1fb</size>
         <input_file_ref idref="fl-17"/>
      </object_component>
      <object_component id="oc-1f8">
         <name>.text</name>
         <load_address>0x8354b</load_address>
         <run_address>0x8354b</run_address>
         <size>0x1b7</size>
         <input_file_ref idref="fl-12"/>
      </object_component>
      <object_component id="oc-202">
         <name>.text</name>
         <load_address>0x83702</load_address>
         <run_address>0x83702</run_address>
         <size>0x191</size>
         <input_file_ref idref="fl-1c"/>
      </object_component>
      <object_component id="oc-1fb">
         <name>.text</name>
         <load_address>0x83893</load_address>
         <run_address>0x83893</run_address>
         <size>0x16f</size>
         <input_file_ref idref="fl-4"/>
      </object_component>
      <object_component id="oc-21a">
         <name>.text</name>
         <load_address>0x83a02</load_address>
         <run_address>0x83a02</run_address>
         <size>0x158</size>
         <input_file_ref idref="fl-a"/>
      </object_component>
      <object_component id="oc-217">
         <name>.text</name>
         <load_address>0x83b5a</load_address>
         <run_address>0x83b5a</run_address>
         <size>0x148</size>
         <input_file_ref idref="fl-1f"/>
      </object_component>
      <object_component id="oc-20b">
         <name>.text</name>
         <load_address>0x83ca2</load_address>
         <run_address>0x83ca2</run_address>
         <size>0x104</size>
         <input_file_ref idref="fl-21"/>
      </object_component>
      <object_component id="oc-20c">
         <name>.text</name>
         <load_address>0x83da6</load_address>
         <run_address>0x83da6</run_address>
         <size>0x104</size>
         <input_file_ref idref="fl-22"/>
      </object_component>
      <object_component id="oc-20d">
         <name>.text</name>
         <load_address>0x83eaa</load_address>
         <run_address>0x83eaa</run_address>
         <size>0x104</size>
         <input_file_ref idref="fl-23"/>
      </object_component>
      <object_component id="oc-20f">
         <name>.text</name>
         <load_address>0x83fae</load_address>
         <run_address>0x83fae</run_address>
         <size>0x43</size>
         <input_file_ref idref="fl-5"/>
      </object_component>
      <object_component id="oc-181">
         <name>.text:retain</name>
         <load_address>0x83ff1</load_address>
         <run_address>0x83ff1</run_address>
         <size>0xf</size>
         <input_file_ref idref="fl-1c"/>
      </object_component>
      <object_component id="oc-20a">
         <name>.text</name>
         <load_address>0x84000</load_address>
         <run_address>0x84000</run_address>
         <size>0xe1</size>
         <input_file_ref idref="fl-2"/>
      </object_component>
      <object_component id="oc-1f7">
         <name>.text</name>
         <load_address>0x840e1</load_address>
         <run_address>0x840e1</run_address>
         <size>0xcb</size>
         <input_file_ref idref="fl-7"/>
      </object_component>
      <object_component id="oc-20e">
         <name>.text</name>
         <load_address>0x841ac</load_address>
         <run_address>0x841ac</run_address>
         <size>0xc3</size>
         <input_file_ref idref="fl-9"/>
      </object_component>
      <object_component id="oc-ab">
         <name>.text:retain</name>
         <load_address>0x8426f</load_address>
         <run_address>0x8426f</run_address>
         <size>0xae</size>
         <input_file_ref idref="fl-7"/>
      </object_component>
      <object_component id="oc-1f9">
         <name>.text</name>
         <load_address>0x8431d</load_address>
         <run_address>0x8431d</run_address>
         <size>0xa5</size>
         <input_file_ref idref="fl-14"/>
      </object_component>
      <object_component id="oc-21e">
         <name>.text</name>
         <load_address>0x843c2</load_address>
         <run_address>0x843c2</run_address>
         <size>0x85</size>
         <input_file_ref idref="fl-b"/>
      </object_component>
      <object_component id="oc-148">
         <name>.text:retain</name>
         <load_address>0x84447</load_address>
         <run_address>0x84447</run_address>
         <size>0x72</size>
         <input_file_ref idref="fl-12"/>
      </object_component>
      <object_component id="oc-231">
         <name>.text</name>
         <load_address>0x844b9</load_address>
         <run_address>0x844b9</run_address>
         <size>0x5f</size>
         <input_file_ref idref="fl-10"/>
      </object_component>
      <object_component id="oc-22d">
         <name>.text</name>
         <load_address>0x84518</load_address>
         <run_address>0x84518</run_address>
         <size>0x5e</size>
         <input_file_ref idref="fl-e"/>
      </object_component>
      <object_component id="oc-85">
         <name>.text</name>
         <load_address>0x84576</load_address>
         <run_address>0x84576</run_address>
         <size>0x56</size>
         <input_file_ref idref="fl-35"/>
      </object_component>
      <object_component id="oc-1c1">
         <name>.text</name>
         <load_address>0x845cc</load_address>
         <run_address>0x845cc</run_address>
         <size>0x2a</size>
         <input_file_ref idref="fl-37"/>
      </object_component>
      <object_component id="oc-1f4">
         <name>.text</name>
         <load_address>0x845f6</load_address>
         <run_address>0x845f6</run_address>
         <size>0x29</size>
         <input_file_ref idref="fl-3c"/>
      </object_component>
      <object_component id="oc-218">
         <name>.text</name>
         <load_address>0x8461f</load_address>
         <run_address>0x8461f</run_address>
         <size>0x28</size>
         <input_file_ref idref="fl-18"/>
      </object_component>
      <object_component id="oc-1f1">
         <name>.text</name>
         <load_address>0x84647</load_address>
         <run_address>0x84647</run_address>
         <size>0x24</size>
         <input_file_ref idref="fl-38"/>
      </object_component>
      <object_component id="oc-1fa">
         <name>.text</name>
         <load_address>0x8466b</load_address>
         <run_address>0x8466b</run_address>
         <size>0x1d</size>
         <input_file_ref idref="fl-39"/>
      </object_component>
      <object_component id="oc-1bc">
         <name>.text</name>
         <load_address>0x84688</load_address>
         <run_address>0x84688</run_address>
         <size>0x18</size>
         <input_file_ref idref="fl-36"/>
      </object_component>
      <object_component id="oc-219">
         <name>.text</name>
         <load_address>0x846a0</load_address>
         <run_address>0x846a0</run_address>
         <size>0x12</size>
         <input_file_ref idref="fl-19"/>
      </object_component>
      <object_component id="oc-1f3">
         <name>.text</name>
         <load_address>0x846b2</load_address>
         <run_address>0x846b2</run_address>
         <size>0x12</size>
         <input_file_ref idref="fl-3e"/>
      </object_component>
      <object_component id="oc-210">
         <name>.text</name>
         <load_address>0x846c4</load_address>
         <run_address>0x846c4</run_address>
         <size>0x9</size>
         <input_file_ref idref="fl-3d"/>
      </object_component>
      <object_component id="oc-ca">
         <name>.text</name>
         <load_address>0x846cd</load_address>
         <run_address>0x846cd</run_address>
         <size>0x8</size>
         <input_file_ref idref="fl-d"/>
      </object_component>
      <object_component id="oc-208">
         <name>.text</name>
         <load_address>0x846d5</load_address>
         <run_address>0x846d5</run_address>
         <size>0x7</size>
         <input_file_ref idref="fl-3f"/>
      </object_component>
      <object_component id="oc-1f0">
         <name>.text</name>
         <load_address>0x846dc</load_address>
         <run_address>0x846dc</run_address>
         <size>0x2</size>
         <input_file_ref idref="fl-3a"/>
      </object_component>
      <object_component id="oc-21c">
         <name>.text</name>
         <load_address>0x846de</load_address>
         <run_address>0x846de</run_address>
         <size>0x1</size>
         <input_file_ref idref="fl-c"/>
      </object_component>
      <object_component id="oc-1f2">
         <name>.text</name>
         <load_address>0x846df</load_address>
         <run_address>0x846df</run_address>
         <size>0x1</size>
         <input_file_ref idref="fl-3b"/>
      </object_component>
      <object_component id="oc-cb">
         <name>codestart</name>
         <load_address>0x80000</load_address>
         <run_address>0x80000</run_address>
         <size>0x2</size>
         <input_file_ref idref="fl-d"/>
      </object_component>
      <object_component id="oc-1f5">
         <name>ramfuncs</name>
         <load_address>0x86000</load_address>
         <run_address>0x8000</run_address>
         <size>0x196</size>
         <input_file_ref idref="fl-4"/>
      </object_component>
      <object_component id="oc-225">
         <name>ramfuncs</name>
         <load_address>0x86196</load_address>
         <run_address>0x8196</run_address>
         <size>0xd3</size>
         <input_file_ref idref="fl-21"/>
      </object_component>
      <object_component id="oc-209">
         <name>ramfuncs</name>
         <load_address>0x86269</load_address>
         <run_address>0x8269</run_address>
         <size>0xd3</size>
         <input_file_ref idref="fl-22"/>
      </object_component>
      <object_component id="oc-22a">
         <name>ramfuncs</name>
         <load_address>0x8633c</load_address>
         <run_address>0x833c</run_address>
         <size>0xd3</size>
         <input_file_ref idref="fl-23"/>
      </object_component>
      <object_component id="oc-99">
         <name>ramfuncs:retain</name>
         <load_address>0x8640f</load_address>
         <run_address>0x840f</run_address>
         <size>0x4f</size>
         <input_file_ref idref="fl-4"/>
      </object_component>
      <object_component id="oc-22f">
         <name>ramfuncs</name>
         <load_address>0x8645e</load_address>
         <run_address>0x845e</run_address>
         <size>0x2c</size>
         <input_file_ref idref="fl-1a"/>
      </object_component>
      <object_component id="oc-17b">
         <name>ramfuncs</name>
         <load_address>0x8648a</load_address>
         <run_address>0x848a</run_address>
         <size>0x4</size>
         <input_file_ref idref="fl-1b"/>
      </object_component>
      <object_component id="oc-1b6">
         <name>.stack</name>
         <uninitialized>true</uninitialized>
         <run_address>0x400</run_address>
         <size>0x0</size>
         <input_file_ref idref="fl-35"/>
      </object_component>
      <object_component id="oc-2bc">
         <name>.stack</name>
         <uninitialized>true</uninitialized>
         <run_address>0x400</run_address>
         <size>0x0</size>
      </object_component>
      <object_component id="oc-204">
         <name>.ebss:_sRXCANMessageA</name>
         <uninitialized>true</uninitialized>
         <run_address>0xa800</run_address>
         <size>0xc8</size>
         <input_file_ref idref="fl-7"/>
      </object_component>
      <object_component id="oc-aa">
         <name>.ebss</name>
         <uninitialized>true</uninitialized>
         <run_address>0xa8c8</run_address>
         <size>0x22</size>
         <input_file_ref idref="fl-7"/>
      </object_component>
      <object_component id="oc-b6">
         <name>.ebss</name>
         <uninitialized>true</uninitialized>
         <run_address>0xa8ea</run_address>
         <size>0x10</size>
         <input_file_ref idref="fl-9"/>
      </object_component>
      <object_component id="oc-223">
         <name>.ebss:_maska</name>
         <uninitialized>true</uninitialized>
         <run_address>0xa8fa</run_address>
         <size>0x6</size>
         <input_file_ref idref="fl-21"/>
      </object_component>
      <object_component id="oc-207">
         <name>.ebss:_sRXCANMessageB</name>
         <uninitialized>true</uninitialized>
         <run_address>0xa900</run_address>
         <size>0xc8</size>
         <input_file_ref idref="fl-7"/>
      </object_component>
      <object_component id="oc-d1">
         <name>.ebss</name>
         <uninitialized>true</uninitialized>
         <run_address>0xa9c8</run_address>
         <size>0x18</size>
         <input_file_ref idref="fl-e"/>
      </object_component>
      <object_component id="oc-1ff">
         <name>.ebss:_ADC_Buf</name>
         <uninitialized>true</uninitialized>
         <run_address>0xa9e0</run_address>
         <size>0x18</size>
         <input_file_ref idref="fl-4"/>
      </object_component>
      <object_component id="oc-205">
         <name>.ebss:_txbuff</name>
         <uninitialized>true</uninitialized>
         <run_address>0xa9f8</run_address>
         <size>0x8</size>
         <input_file_ref idref="fl-9"/>
      </object_component>
      <object_component id="oc-22b">
         <name>.ebss:_CAN_RXDA</name>
         <uninitialized>true</uninitialized>
         <run_address>0xaa00</run_address>
         <size>0xa0</size>
         <input_file_ref idref="fl-9"/>
      </object_component>
      <object_component id="oc-87">
         <name>.ebss</name>
         <uninitialized>true</uninitialized>
         <run_address>0xaaa0</run_address>
         <size>0xe</size>
         <input_file_ref idref="fl-2"/>
      </object_component>
      <object_component id="oc-201">
         <name>.ebss:_ADC_Avg</name>
         <uninitialized>true</uninitialized>
         <run_address>0xaaae</run_address>
         <size>0xc</size>
         <input_file_ref idref="fl-4"/>
      </object_component>
      <object_component id="oc-213">
         <name>.ebss:_maskb</name>
         <uninitialized>true</uninitialized>
         <run_address>0xaaba</run_address>
         <size>0x6</size>
         <input_file_ref idref="fl-22"/>
      </object_component>
      <object_component id="oc-22c">
         <name>.ebss:_CAN_RXDB</name>
         <uninitialized>true</uninitialized>
         <run_address>0xaac0</run_address>
         <size>0xa0</size>
         <input_file_ref idref="fl-9"/>
      </object_component>
      <object_component id="oc-1fe">
         <name>.ebss:_ADC_Result</name>
         <uninitialized>true</uninitialized>
         <run_address>0xab60</run_address>
         <size>0xc</size>
         <input_file_ref idref="fl-4"/>
      </object_component>
      <object_component id="oc-229">
         <name>.ebss:_maskd</name>
         <uninitialized>true</uninitialized>
         <run_address>0xab6c</run_address>
         <size>0x6</size>
         <input_file_ref idref="fl-23"/>
      </object_component>
      <object_component id="oc-1dc">
         <name>.ebss</name>
         <uninitialized>true</uninitialized>
         <run_address>0xab72</run_address>
         <size>0x6</size>
         <input_file_ref idref="fl-3c"/>
      </object_component>
      <object_component id="oc-19d">
         <name>.ebss</name>
         <uninitialized>true</uninitialized>
         <run_address>0xab78</run_address>
         <size>0x5</size>
         <input_file_ref idref="fl-21"/>
      </object_component>
      <object_component id="oc-147">
         <name>.ebss</name>
         <uninitialized>true</uninitialized>
         <run_address>0xab7d</run_address>
         <size>0x1</size>
         <input_file_ref idref="fl-12"/>
      </object_component>
      <object_component id="oc-196">
         <name>.ebss</name>
         <uninitialized>true</uninitialized>
         <run_address>0xab7e</run_address>
         <size>0x2</size>
         <input_file_ref idref="fl-20"/>
      </object_component>
      <object_component id="oc-220">
         <name>.ebss:_IDA_QUE</name>
         <uninitialized>true</uninitialized>
         <run_address>0xab80</run_address>
         <size>0x64</size>
         <input_file_ref idref="fl-21"/>
      </object_component>
      <object_component id="oc-1a4">
         <name>.ebss</name>
         <uninitialized>true</uninitialized>
         <run_address>0xabe4</run_address>
         <size>0x5</size>
         <input_file_ref idref="fl-22"/>
      </object_component>
      <object_component id="oc-1ab">
         <name>.ebss</name>
         <uninitialized>true</uninitialized>
         <run_address>0xabe9</run_address>
         <size>0x5</size>
         <input_file_ref idref="fl-23"/>
      </object_component>
      <object_component id="oc-9f">
         <name>.ebss</name>
         <uninitialized>true</uninitialized>
         <run_address>0xabee</run_address>
         <size>0x4</size>
         <input_file_ref idref="fl-5"/>
      </object_component>
      <object_component id="oc-1fc">
         <name>.ebss:__lock</name>
         <uninitialized>true</uninitialized>
         <run_address>0xabf2</run_address>
         <size>0x2</size>
         <input_file_ref idref="fl-3d"/>
      </object_component>
      <object_component id="oc-22e">
         <name>.ebss:__unlock</name>
         <uninitialized>true</uninitialized>
         <run_address>0xabf4</run_address>
         <size>0x2</size>
         <input_file_ref idref="fl-3d"/>
      </object_component>
      <object_component id="oc-1b1">
         <name>.ebss</name>
         <uninitialized>true</uninitialized>
         <run_address>0xabf6</run_address>
         <size>0x1</size>
         <input_file_ref idref="fl-24"/>
      </object_component>
      <object_component id="oc-214">
         <name>.ebss:_IDB_QUE</name>
         <uninitialized>true</uninitialized>
         <run_address>0xac00</run_address>
         <size>0x64</size>
         <input_file_ref idref="fl-22"/>
      </object_component>
      <object_component id="oc-226">
         <name>.ebss:_IDD_QUE</name>
         <uninitialized>true</uninitialized>
         <run_address>0xac80</run_address>
         <size>0x64</size>
         <input_file_ref idref="fl-23"/>
      </object_component>
      <object_component id="oc-222">
         <name>.ebss:_RXA_QUE</name>
         <uninitialized>true</uninitialized>
         <run_address>0xad00</run_address>
         <size>0x64</size>
         <input_file_ref idref="fl-21"/>
      </object_component>
      <object_component id="oc-215">
         <name>.ebss:_RXB_QUE</name>
         <uninitialized>true</uninitialized>
         <run_address>0xad80</run_address>
         <size>0x64</size>
         <input_file_ref idref="fl-22"/>
      </object_component>
      <object_component id="oc-228">
         <name>.ebss:_RXD_QUE</name>
         <uninitialized>true</uninitialized>
         <run_address>0xae00</run_address>
         <size>0x64</size>
         <input_file_ref idref="fl-23"/>
      </object_component>
      <object_component id="oc-221">
         <name>.ebss:_TXA_QUE</name>
         <uninitialized>true</uninitialized>
         <run_address>0xae80</run_address>
         <size>0x64</size>
         <input_file_ref idref="fl-21"/>
      </object_component>
      <object_component id="oc-212">
         <name>.ebss:_TXB_QUE</name>
         <uninitialized>true</uninitialized>
         <run_address>0xaf00</run_address>
         <size>0x64</size>
         <input_file_ref idref="fl-22"/>
      </object_component>
      <object_component id="oc-227">
         <name>.ebss:_TXD_QUE</name>
         <uninitialized>true</uninitialized>
         <run_address>0xaf80</run_address>
         <size>0x64</size>
         <input_file_ref idref="fl-23"/>
      </object_component>
      <object_component id="oc-8e">
         <name>.ebss</name>
         <uninitialized>true</uninitialized>
         <run_address>0xc000</run_address>
         <size>0x82a</size>
         <input_file_ref idref="fl-3"/>
      </object_component>
      <object_component id="oc-224">
         <name>.ebss:_SmileKey</name>
         <uninitialized>true</uninitialized>
         <run_address>0xc840</run_address>
         <size>0x63</size>
         <input_file_ref idref="fl-24"/>
      </object_component>
      <object_component id="oc-95">
         <name>.ebss</name>
         <uninitialized>true</uninitialized>
         <run_address>0xc8c0</run_address>
         <size>0x3a</size>
         <input_file_ref idref="fl-4"/>
      </object_component>
      <object_component id="oc-230">
         <name>.econst:_PieVectTableInit</name>
         <load_address>0x90000</load_address>
         <run_address>0x90000</run_address>
         <size>0x1c0</size>
         <input_file_ref idref="fl-19"/>
      </object_component>
      <object_component id="oc-206">
         <name>.econst:_SET</name>
         <load_address>0x901c0</load_address>
         <run_address>0x901c0</run_address>
         <size>0x9c</size>
         <input_file_ref idref="fl-4"/>
      </object_component>
      <object_component id="oc-200">
         <name>.econst:_ADC_GAIN</name>
         <load_address>0x9025c</load_address>
         <run_address>0x9025c</run_address>
         <size>0xc</size>
         <input_file_ref idref="fl-4"/>
      </object_component>
      <object_component id="oc-203">
         <name>.econst:_g_ui16CANBitValues</name>
         <load_address>0x90268</load_address>
         <run_address>0x90268</run_address>
         <size>0x9</size>
         <input_file_ref idref="fl-8"/>
      </object_component>
      <object_component id="oc-96">
         <name>.econst</name>
         <load_address>0x90271</load_address>
         <run_address>0x90271</run_address>
         <size>0x1</size>
         <input_file_ref idref="fl-4"/>
      </object_component>
      <object_component id="oc-1b7">
         <name>.reset</name>
         <load_address>0x3fffc0</load_address>
         <run_address>0x3fffc0</run_address>
         <size>0x2</size>
         <input_file_ref idref="fl-35"/>
      </object_component>
      <object_component id="oc-97">
         <name>SHARERAMGS2</name>
         <uninitialized>true</uninitialized>
         <run_address>0xe000</run_address>
         <size>0xde</size>
         <input_file_ref idref="fl-4"/>
      </object_component>
      <object_component id="oc-98">
         <name>SHARERAMGS4</name>
         <uninitialized>true</uninitialized>
         <run_address>0x10000</run_address>
         <size>0x4c6</size>
         <input_file_ref idref="fl-4"/>
      </object_component>
      <object_component id="oc-15c">
         <name>PUTBUFFER</name>
         <uninitialized>true</uninitialized>
         <run_address>0x3fc00</run_address>
         <size>0x80</size>
         <input_file_ref idref="fl-15"/>
      </object_component>
      <object_component id="oc-158">
         <name>PUTWRITEIDX</name>
         <uninitialized>true</uninitialized>
         <run_address>0x3fc80</run_address>
         <size>0x4</size>
         <input_file_ref idref="fl-15"/>
      </object_component>
      <object_component id="oc-15b">
         <name>GETREADIDX</name>
         <uninitialized>true</uninitialized>
         <run_address>0x3fc84</run_address>
         <size>0x4</size>
         <input_file_ref idref="fl-15"/>
      </object_component>
      <object_component id="oc-15d">
         <name>GETBUFFER</name>
         <uninitialized>true</uninitialized>
         <run_address>0x3f800</run_address>
         <size>0x80</size>
         <input_file_ref idref="fl-15"/>
      </object_component>
      <object_component id="oc-15a">
         <name>GETWRITEIDX</name>
         <uninitialized>true</uninitialized>
         <run_address>0x3f880</run_address>
         <size>0x4</size>
         <input_file_ref idref="fl-15"/>
      </object_component>
      <object_component id="oc-159">
         <name>PUTREADIDX</name>
         <uninitialized>true</uninitialized>
         <run_address>0x3f884</run_address>
         <size>0x4</size>
         <input_file_ref idref="fl-15"/>
      </object_component>
      <object_component id="oc-141">
         <name>PieVectTableFile</name>
         <uninitialized>true</uninitialized>
         <run_address>0xd00</run_address>
         <size>0x1c0</size>
         <input_file_ref idref="fl-11"/>
      </object_component>
      <object_component id="oc-e2">
         <name>EmuKeyVar</name>
         <uninitialized>true</uninitialized>
         <run_address>0xd00</run_address>
         <size>0x1</size>
         <input_file_ref idref="fl-11"/>
      </object_component>
      <object_component id="oc-e3">
         <name>EmuBModeVar</name>
         <uninitialized>true</uninitialized>
         <run_address>0xd01</run_address>
         <size>0x1</size>
         <input_file_ref idref="fl-11"/>
      </object_component>
      <object_component id="oc-f8">
         <name>AdcaResultFile</name>
         <uninitialized>true</uninitialized>
         <run_address>0xb00</run_address>
         <size>0x18</size>
         <input_file_ref idref="fl-11"/>
      </object_component>
      <object_component id="oc-f9">
         <name>AdcbResultFile</name>
         <uninitialized>true</uninitialized>
         <run_address>0xb20</run_address>
         <size>0x18</size>
         <input_file_ref idref="fl-11"/>
      </object_component>
      <object_component id="oc-fa">
         <name>AdccResultFile</name>
         <uninitialized>true</uninitialized>
         <run_address>0xb40</run_address>
         <size>0x18</size>
         <input_file_ref idref="fl-11"/>
      </object_component>
      <object_component id="oc-fb">
         <name>AdcdResultFile</name>
         <uninitialized>true</uninitialized>
         <run_address>0xb60</run_address>
         <size>0x18</size>
         <input_file_ref idref="fl-11"/>
      </object_component>
      <object_component id="oc-128">
         <name>AdcaRegsFile</name>
         <uninitialized>true</uninitialized>
         <run_address>0x7400</run_address>
         <size>0x80</size>
         <input_file_ref idref="fl-11"/>
      </object_component>
      <object_component id="oc-129">
         <name>AdcbRegsFile</name>
         <uninitialized>true</uninitialized>
         <run_address>0x7480</run_address>
         <size>0x80</size>
         <input_file_ref idref="fl-11"/>
      </object_component>
      <object_component id="oc-12a">
         <name>AdccRegsFile</name>
         <uninitialized>true</uninitialized>
         <run_address>0x7500</run_address>
         <size>0x80</size>
         <input_file_ref idref="fl-11"/>
      </object_component>
      <object_component id="oc-12b">
         <name>AdcdRegsFile</name>
         <uninitialized>true</uninitialized>
         <run_address>0x7580</run_address>
         <size>0x80</size>
         <input_file_ref idref="fl-11"/>
      </object_component>
      <object_component id="oc-124">
         <name>AnalogSubsysRegsFile</name>
         <uninitialized>true</uninitialized>
         <run_address>0x5d180</run_address>
         <size>0x48</size>
         <input_file_ref idref="fl-11"/>
      </object_component>
      <object_component id="oc-11e">
         <name>Cla1RegsFile</name>
         <uninitialized>true</uninitialized>
         <run_address>0x1400</run_address>
         <size>0x40</size>
         <input_file_ref idref="fl-11"/>
      </object_component>
      <object_component id="oc-e6">
         <name>Cla1SoftIntRegsFile</name>
         <uninitialized>true</uninitialized>
         <run_address>0xce0</run_address>
         <size>0x4</size>
         <input_file_ref idref="fl-11"/>
      </object_component>
      <object_component id="oc-100">
         <name>Cmpss1RegsFile</name>
         <uninitialized>true</uninitialized>
         <run_address>0x5c80</run_address>
         <size>0x20</size>
         <input_file_ref idref="fl-11"/>
      </object_component>
      <object_component id="oc-101">
         <name>Cmpss2RegsFile</name>
         <uninitialized>true</uninitialized>
         <run_address>0x5ca0</run_address>
         <size>0x20</size>
         <input_file_ref idref="fl-11"/>
      </object_component>
      <object_component id="oc-102">
         <name>Cmpss3RegsFile</name>
         <uninitialized>true</uninitialized>
         <run_address>0x5cc0</run_address>
         <size>0x20</size>
         <input_file_ref idref="fl-11"/>
      </object_component>
      <object_component id="oc-103">
         <name>Cmpss4RegsFile</name>
         <uninitialized>true</uninitialized>
         <run_address>0x5ce0</run_address>
         <size>0x20</size>
         <input_file_ref idref="fl-11"/>
      </object_component>
      <object_component id="oc-104">
         <name>Cmpss5RegsFile</name>
         <uninitialized>true</uninitialized>
         <run_address>0x5d00</run_address>
         <size>0x20</size>
         <input_file_ref idref="fl-11"/>
      </object_component>
      <object_component id="oc-105">
         <name>Cmpss6RegsFile</name>
         <uninitialized>true</uninitialized>
         <run_address>0x5d20</run_address>
         <size>0x20</size>
         <input_file_ref idref="fl-11"/>
      </object_component>
      <object_component id="oc-106">
         <name>Cmpss7RegsFile</name>
         <uninitialized>true</uninitialized>
         <run_address>0x5d40</run_address>
         <size>0x20</size>
         <input_file_ref idref="fl-11"/>
      </object_component>
      <object_component id="oc-107">
         <name>Cmpss8RegsFile</name>
         <uninitialized>true</uninitialized>
         <run_address>0x5d60</run_address>
         <size>0x20</size>
         <input_file_ref idref="fl-11"/>
      </object_component>
      <object_component id="oc-eb">
         <name>CpuTimer0RegsFile</name>
         <uninitialized>true</uninitialized>
         <run_address>0xc00</run_address>
         <size>0x8</size>
         <input_file_ref idref="fl-11"/>
      </object_component>
      <object_component id="oc-ec">
         <name>CpuTimer1RegsFile</name>
         <uninitialized>true</uninitialized>
         <run_address>0xc08</run_address>
         <size>0x8</size>
         <input_file_ref idref="fl-11"/>
      </object_component>
      <object_component id="oc-ed">
         <name>CpuTimer2RegsFile</name>
         <uninitialized>true</uninitialized>
         <run_address>0xc10</run_address>
         <size>0x8</size>
         <input_file_ref idref="fl-11"/>
      </object_component>
      <object_component id="oc-e8">
         <name>DacaRegsFile</name>
         <uninitialized>true</uninitialized>
         <run_address>0x5c00</run_address>
         <size>0x8</size>
         <input_file_ref idref="fl-11"/>
      </object_component>
      <object_component id="oc-e9">
         <name>DacbRegsFile</name>
         <uninitialized>true</uninitialized>
         <run_address>0x5c10</run_address>
         <size>0x8</size>
         <input_file_ref idref="fl-11"/>
      </object_component>
      <object_component id="oc-ea">
         <name>DaccRegsFile</name>
         <uninitialized>true</uninitialized>
         <run_address>0x5c20</run_address>
         <size>0x8</size>
         <input_file_ref idref="fl-11"/>
      </object_component>
      <object_component id="oc-143">
         <name>DcanaRegsFile</name>
         <uninitialized>true</uninitialized>
         <run_address>0x48000</run_address>
         <size>0x200</size>
         <input_file_ref idref="fl-11"/>
      </object_component>
      <object_component id="oc-144">
         <name>DcanbRegsFile</name>
         <uninitialized>true</uninitialized>
         <run_address>0x4a000</run_address>
         <size>0x200</size>
         <input_file_ref idref="fl-11"/>
      </object_component>
      <object_component id="oc-115">
         <name>DcsmRegsZ1File</name>
         <uninitialized>true</uninitialized>
         <run_address>0x5f000</run_address>
         <size>0x24</size>
         <input_file_ref idref="fl-11"/>
      </object_component>
      <object_component id="oc-116">
         <name>DcsmRegsZ2File</name>
         <uninitialized>true</uninitialized>
         <run_address>0x5f040</run_address>
         <size>0x24</size>
         <input_file_ref idref="fl-11"/>
      </object_component>
      <object_component id="oc-ee">
         <name>DcsmRegsCommonFile</name>
         <uninitialized>true</uninitialized>
         <run_address>0x5f070</run_address>
         <size>0x8</size>
         <input_file_ref idref="fl-11"/>
      </object_component>
      <object_component id="oc-fc">
         <name>DcsmOtpZ1File</name>
         <uninitialized>true</uninitialized>
         <run_address>0x78800</run_address>
         <size>0x1a</size>
         <input_file_ref idref="fl-11"/>
      </object_component>
      <object_component id="oc-fd">
         <name>DcsmOtpZ2File</name>
         <uninitialized>true</uninitialized>
         <run_address>0x78900</run_address>
         <size>0x1a</size>
         <input_file_ref idref="fl-11"/>
      </object_component>
      <object_component id="oc-131">
         <name>DmaRegsFile</name>
         <uninitialized>true</uninitialized>
         <run_address>0x1000</run_address>
         <size>0xe0</size>
         <input_file_ref idref="fl-11"/>
      </object_component>
      <object_component id="oc-fe">
         <name>DmaClaSrcSelRegsFile</name>
         <uninitialized>true</uninitialized>
         <run_address>0x7980</run_address>
         <size>0x1a</size>
         <input_file_ref idref="fl-11"/>
      </object_component>
      <object_component id="oc-108">
         <name>ECap1RegsFile</name>
         <uninitialized>true</uninitialized>
         <run_address>0x5000</run_address>
         <size>0x20</size>
         <input_file_ref idref="fl-11"/>
      </object_component>
      <object_component id="oc-109">
         <name>ECap2RegsFile</name>
         <uninitialized>true</uninitialized>
         <run_address>0x5020</run_address>
         <size>0x20</size>
         <input_file_ref idref="fl-11"/>
      </object_component>
      <object_component id="oc-10a">
         <name>ECap3RegsFile</name>
         <uninitialized>true</uninitialized>
         <run_address>0x5040</run_address>
         <size>0x20</size>
         <input_file_ref idref="fl-11"/>
      </object_component>
      <object_component id="oc-10b">
         <name>ECap4RegsFile</name>
         <uninitialized>true</uninitialized>
         <run_address>0x5060</run_address>
         <size>0x20</size>
         <input_file_ref idref="fl-11"/>
      </object_component>
      <object_component id="oc-10c">
         <name>ECap5RegsFile</name>
         <uninitialized>true</uninitialized>
         <run_address>0x5080</run_address>
         <size>0x20</size>
         <input_file_ref idref="fl-11"/>
      </object_component>
      <object_component id="oc-10d">
         <name>ECap6RegsFile</name>
         <uninitialized>true</uninitialized>
         <run_address>0x50a0</run_address>
         <size>0x20</size>
         <input_file_ref idref="fl-11"/>
      </object_component>
      <object_component id="oc-126">
         <name>Emif1RegsFile</name>
         <uninitialized>true</uninitialized>
         <run_address>0x47000</run_address>
         <size>0x70</size>
         <input_file_ref idref="fl-11"/>
      </object_component>
      <object_component id="oc-127">
         <name>Emif2RegsFile</name>
         <uninitialized>true</uninitialized>
         <run_address>0x47800</run_address>
         <size>0x70</size>
         <input_file_ref idref="fl-11"/>
      </object_component>
      <object_component id="oc-132">
         <name>EPwm1RegsFile</name>
         <uninitialized>true</uninitialized>
         <run_address>0x4000</run_address>
         <size>0x100</size>
         <input_file_ref idref="fl-11"/>
      </object_component>
      <object_component id="oc-133">
         <name>EPwm2RegsFile</name>
         <uninitialized>true</uninitialized>
         <run_address>0x4100</run_address>
         <size>0x100</size>
         <input_file_ref idref="fl-11"/>
      </object_component>
      <object_component id="oc-134">
         <name>EPwm3RegsFile</name>
         <uninitialized>true</uninitialized>
         <run_address>0x4200</run_address>
         <size>0x100</size>
         <input_file_ref idref="fl-11"/>
      </object_component>
      <object_component id="oc-135">
         <name>EPwm4RegsFile</name>
         <uninitialized>true</uninitialized>
         <run_address>0x4300</run_address>
         <size>0x100</size>
         <input_file_ref idref="fl-11"/>
      </object_component>
      <object_component id="oc-136">
         <name>EPwm5RegsFile</name>
         <uninitialized>true</uninitialized>
         <run_address>0x4400</run_address>
         <size>0x100</size>
         <input_file_ref idref="fl-11"/>
      </object_component>
      <object_component id="oc-137">
         <name>EPwm6RegsFile</name>
         <uninitialized>true</uninitialized>
         <run_address>0x4500</run_address>
         <size>0x100</size>
         <input_file_ref idref="fl-11"/>
      </object_component>
      <object_component id="oc-138">
         <name>EPwm7RegsFile</name>
         <uninitialized>true</uninitialized>
         <run_address>0x4600</run_address>
         <size>0x100</size>
         <input_file_ref idref="fl-11"/>
      </object_component>
      <object_component id="oc-139">
         <name>EPwm8RegsFile</name>
         <uninitialized>true</uninitialized>
         <run_address>0x4700</run_address>
         <size>0x100</size>
         <input_file_ref idref="fl-11"/>
      </object_component>
      <object_component id="oc-13a">
         <name>EPwm9RegsFile</name>
         <uninitialized>true</uninitialized>
         <run_address>0x4800</run_address>
         <size>0x100</size>
         <input_file_ref idref="fl-11"/>
      </object_component>
      <object_component id="oc-13b">
         <name>EPwm10RegsFile</name>
         <uninitialized>true</uninitialized>
         <run_address>0x4900</run_address>
         <size>0x100</size>
         <input_file_ref idref="fl-11"/>
      </object_component>
      <object_component id="oc-13c">
         <name>EPwm11RegsFile</name>
         <uninitialized>true</uninitialized>
         <run_address>0x4a00</run_address>
         <size>0x100</size>
         <input_file_ref idref="fl-11"/>
      </object_component>
      <object_component id="oc-13d">
         <name>EPwm12RegsFile</name>
         <uninitialized>true</uninitialized>
         <run_address>0x4b00</run_address>
         <size>0x100</size>
         <input_file_ref idref="fl-11"/>
      </object_component>
      <object_component id="oc-11f">
         <name>EPwmXbarRegsFile</name>
         <uninitialized>true</uninitialized>
         <run_address>0x7a00</run_address>
         <size>0x40</size>
         <input_file_ref idref="fl-11"/>
      </object_component>
      <object_component id="oc-110">
         <name>EQep1RegsFile</name>
         <uninitialized>true</uninitialized>
         <run_address>0x5100</run_address>
         <size>0x22</size>
         <input_file_ref idref="fl-11"/>
      </object_component>
      <object_component id="oc-111">
         <name>EQep2RegsFile</name>
         <uninitialized>true</uninitialized>
         <run_address>0x5140</run_address>
         <size>0x22</size>
         <input_file_ref idref="fl-11"/>
      </object_component>
      <object_component id="oc-112">
         <name>EQep3RegsFile</name>
         <uninitialized>true</uninitialized>
         <run_address>0x5180</run_address>
         <size>0x22</size>
         <input_file_ref idref="fl-11"/>
      </object_component>
      <object_component id="oc-140">
         <name>FlashCtrlRegsFile</name>
         <uninitialized>true</uninitialized>
         <run_address>0x5f800</run_address>
         <size>0x182</size>
         <input_file_ref idref="fl-11"/>
      </object_component>
      <object_component id="oc-11a">
         <name>FlashEccRegsFile</name>
         <uninitialized>true</uninitialized>
         <run_address>0x5fb00</run_address>
         <size>0x28</size>
         <input_file_ref idref="fl-11"/>
      </object_component>
      <object_component id="oc-13f">
         <name>GpioCtrlRegsFile</name>
         <uninitialized>true</uninitialized>
         <run_address>0x7c00</run_address>
         <size>0x180</size>
         <input_file_ref idref="fl-11"/>
      </object_component>
      <object_component id="oc-11c">
         <name>GpioDataRegsFile</name>
         <uninitialized>true</uninitialized>
         <run_address>0x7f00</run_address>
         <size>0x30</size>
         <input_file_ref idref="fl-11"/>
      </object_component>
      <object_component id="oc-120">
         <name>GpioOutXbarRegsFile</name>
         <uninitialized>true</uninitialized>
         <run_address>0x7a80</run_address>
         <size>0x40</size>
         <input_file_ref idref="fl-11"/>
      </object_component>
      <object_component id="oc-130">
         <name>HwbistRegsFile</name>
         <uninitialized>true</uninitialized>
         <run_address>0x5e000</run_address>
         <size>0xa2</size>
         <input_file_ref idref="fl-11"/>
      </object_component>
      <object_component id="oc-113">
         <name>I2caRegsFile</name>
         <uninitialized>true</uninitialized>
         <run_address>0x7300</run_address>
         <size>0x22</size>
         <input_file_ref idref="fl-11"/>
      </object_component>
      <object_component id="oc-114">
         <name>I2cbRegsFile</name>
         <uninitialized>true</uninitialized>
         <run_address>0x7340</run_address>
         <size>0x22</size>
         <input_file_ref idref="fl-11"/>
      </object_component>
      <object_component id="oc-119">
         <name>IpcRegsFile</name>
         <uninitialized>true</uninitialized>
         <run_address>0x50000</run_address>
         <size>0x26</size>
         <input_file_ref idref="fl-11"/>
      </object_component>
      <object_component id="oc-e4">
         <name>RomPrefetchRegsFile</name>
         <uninitialized>true</uninitialized>
         <run_address>0x5e608</run_address>
         <size>0x2</size>
         <input_file_ref idref="fl-11"/>
      </object_component>
      <object_component id="oc-12c">
         <name>MemCfgRegsFile</name>
         <uninitialized>true</uninitialized>
         <run_address>0x5f400</run_address>
         <size>0x80</size>
         <input_file_ref idref="fl-11"/>
      </object_component>
      <object_component id="oc-10e">
         <name>Emif1ConfigRegsFile</name>
         <uninitialized>true</uninitialized>
         <run_address>0x5f480</run_address>
         <size>0x20</size>
         <input_file_ref idref="fl-11"/>
      </object_component>
      <object_component id="oc-10f">
         <name>Emif2ConfigRegsFile</name>
         <uninitialized>true</uninitialized>
         <run_address>0x5f4a0</run_address>
         <size>0x20</size>
         <input_file_ref idref="fl-11"/>
      </object_component>
      <object_component id="oc-121">
         <name>AccessProtectionRegsFile</name>
         <uninitialized>true</uninitialized>
         <run_address>0x5f4c0</run_address>
         <size>0x40</size>
         <input_file_ref idref="fl-11"/>
      </object_component>
      <object_component id="oc-122">
         <name>MemoryErrorRegsFile</name>
         <uninitialized>true</uninitialized>
         <run_address>0x5f500</run_address>
         <size>0x40</size>
         <input_file_ref idref="fl-11"/>
      </object_component>
      <object_component id="oc-e5">
         <name>RomWaitStateRegsFile</name>
         <uninitialized>true</uninitialized>
         <run_address>0x5f540</run_address>
         <size>0x2</size>
         <input_file_ref idref="fl-11"/>
      </object_component>
      <object_component id="oc-117">
         <name>McbspaRegsFile</name>
         <uninitialized>true</uninitialized>
         <run_address>0x6000</run_address>
         <size>0x24</size>
         <input_file_ref idref="fl-11"/>
      </object_component>
      <object_component id="oc-118">
         <name>McbspbRegsFile</name>
         <uninitialized>true</uninitialized>
         <run_address>0x6040</run_address>
         <size>0x24</size>
         <input_file_ref idref="fl-11"/>
      </object_component>
      <object_component id="oc-125">
         <name>UppRegsFile</name>
         <uninitialized>true</uninitialized>
         <run_address>0x6200</run_address>
         <size>0x48</size>
         <input_file_ref idref="fl-11"/>
      </object_component>
      <object_component id="oc-e7">
         <name>NmiIntruptRegsFile</name>
         <uninitialized>true</uninitialized>
         <run_address>0x7060</run_address>
         <size>0x7</size>
         <input_file_ref idref="fl-11"/>
      </object_component>
      <object_component id="oc-142">
         <name>PbistRegsFile</name>
         <uninitialized>true</uninitialized>
         <run_address>0x5e200</run_address>
         <size>0x1e6</size>
         <input_file_ref idref="fl-11"/>
      </object_component>
      <object_component id="oc-ff">
         <name>PieCtrlRegsFile</name>
         <uninitialized>true</uninitialized>
         <run_address>0xce0</run_address>
         <size>0x1a</size>
         <input_file_ref idref="fl-11"/>
      </object_component>
      <object_component id="oc-f0">
         <name>SciaRegsFile</name>
         <uninitialized>true</uninitialized>
         <run_address>0x7200</run_address>
         <size>0x10</size>
         <input_file_ref idref="fl-11"/>
      </object_component>
      <object_component id="oc-f1">
         <name>ScibRegsFile</name>
         <uninitialized>true</uninitialized>
         <run_address>0x7210</run_address>
         <size>0x10</size>
         <input_file_ref idref="fl-11"/>
      </object_component>
      <object_component id="oc-f2">
         <name>ScicRegsFile</name>
         <uninitialized>true</uninitialized>
         <run_address>0x7220</run_address>
         <size>0x10</size>
         <input_file_ref idref="fl-11"/>
      </object_component>
      <object_component id="oc-f3">
         <name>ScidRegsFile</name>
         <uninitialized>true</uninitialized>
         <run_address>0x7230</run_address>
         <size>0x10</size>
         <input_file_ref idref="fl-11"/>
      </object_component>
      <object_component id="oc-12d">
         <name>Sdfm1RegsFile</name>
         <uninitialized>true</uninitialized>
         <run_address>0x5e00</run_address>
         <size>0x80</size>
         <input_file_ref idref="fl-11"/>
      </object_component>
      <object_component id="oc-12e">
         <name>Sdfm2RegsFile</name>
         <uninitialized>true</uninitialized>
         <run_address>0x5e80</run_address>
         <size>0x80</size>
         <input_file_ref idref="fl-11"/>
      </object_component>
      <object_component id="oc-f4">
         <name>SpiaRegsFile</name>
         <uninitialized>true</uninitialized>
         <run_address>0x6100</run_address>
         <size>0x10</size>
         <input_file_ref idref="fl-11"/>
      </object_component>
      <object_component id="oc-f5">
         <name>SpibRegsFile</name>
         <uninitialized>true</uninitialized>
         <run_address>0x6110</run_address>
         <size>0x10</size>
         <input_file_ref idref="fl-11"/>
      </object_component>
      <object_component id="oc-f6">
         <name>SpicRegsFile</name>
         <uninitialized>true</uninitialized>
         <run_address>0x6120</run_address>
         <size>0x10</size>
         <input_file_ref idref="fl-11"/>
      </object_component>
      <object_component id="oc-f7">
         <name>SpidRegsFile</name>
         <uninitialized>true</uninitialized>
         <run_address>0x6130</run_address>
         <size>0x10</size>
         <input_file_ref idref="fl-11"/>
      </object_component>
      <object_component id="oc-13e">
         <name>DevCfgRegsFile</name>
         <uninitialized>true</uninitialized>
         <run_address>0x5d000</run_address>
         <size>0x12e</size>
         <input_file_ref idref="fl-11"/>
      </object_component>
      <object_component id="oc-11d">
         <name>ClkCfgRegsFile</name>
         <uninitialized>true</uninitialized>
         <run_address>0x5d200</run_address>
         <size>0x32</size>
         <input_file_ref idref="fl-11"/>
      </object_component>
      <object_component id="oc-12f">
         <name>CpuSysRegsFile</name>
         <uninitialized>true</uninitialized>
         <run_address>0x5d300</run_address>
         <size>0x82</size>
         <input_file_ref idref="fl-11"/>
      </object_component>
      <object_component id="oc-123">
         <name>TrigRegsFile</name>
         <uninitialized>true</uninitialized>
         <run_address>0x7900</run_address>
         <size>0x46</size>
         <input_file_ref idref="fl-11"/>
      </object_component>
      <object_component id="oc-11b">
         <name>WdRegsFile</name>
         <uninitialized>true</uninitialized>
         <run_address>0x7000</run_address>
         <size>0x2b</size>
         <input_file_ref idref="fl-11"/>
      </object_component>
      <object_component id="oc-ef">
         <name>XintRegsFile</name>
         <uninitialized>true</uninitialized>
         <run_address>0x7070</run_address>
         <size>0xb</size>
         <input_file_ref idref="fl-11"/>
      </object_component>
      <object_component id="oc-86">
         <name>.debug_info</name>
         <load_address>0x0</load_address>
         <run_address>0x0</run_address>
         <size>0xeacf</size>
         <input_file_ref idref="fl-2"/>
      </object_component>
      <object_component id="oc-8c">
         <name>.debug_info</name>
         <load_address>0xeacf</load_address>
         <run_address>0xeacf</run_address>
         <size>0xd09</size>
         <input_file_ref idref="fl-3"/>
      </object_component>
      <object_component id="oc-93">
         <name>.debug_info</name>
         <load_address>0xf7d8</load_address>
         <run_address>0xf7d8</run_address>
         <size>0x143a2</size>
         <input_file_ref idref="fl-4"/>
      </object_component>
      <object_component id="oc-9e">
         <name>.debug_info</name>
         <load_address>0x23b7a</load_address>
         <run_address>0x23b7a</run_address>
         <size>0xab3</size>
         <input_file_ref idref="fl-5"/>
      </object_component>
      <object_component id="oc-a4">
         <name>.debug_info</name>
         <load_address>0x2462d</load_address>
         <run_address>0x2462d</run_address>
         <size>0x96e4</size>
         <input_file_ref idref="fl-6"/>
      </object_component>
      <object_component id="oc-a9">
         <name>.debug_info</name>
         <load_address>0x2dd11</load_address>
         <run_address>0x2dd11</run_address>
         <size>0x69be</size>
         <input_file_ref idref="fl-7"/>
      </object_component>
      <object_component id="oc-b0">
         <name>.debug_info</name>
         <load_address>0x346cf</load_address>
         <run_address>0x346cf</run_address>
         <size>0x3779</size>
         <input_file_ref idref="fl-8"/>
      </object_component>
      <object_component id="oc-b5">
         <name>.debug_info</name>
         <load_address>0x37e48</load_address>
         <run_address>0x37e48</run_address>
         <size>0xbf8</size>
         <input_file_ref idref="fl-9"/>
      </object_component>
      <object_component id="oc-bb">
         <name>.debug_info</name>
         <load_address>0x38a40</load_address>
         <run_address>0x38a40</run_address>
         <size>0x3f16</size>
         <input_file_ref idref="fl-a"/>
      </object_component>
      <object_component id="oc-c0">
         <name>.debug_info</name>
         <load_address>0x3c956</load_address>
         <run_address>0x3c956</run_address>
         <size>0x5892</size>
         <input_file_ref idref="fl-b"/>
      </object_component>
      <object_component id="oc-c5">
         <name>.debug_info</name>
         <load_address>0x421e8</load_address>
         <run_address>0x421e8</run_address>
         <size>0x3c3</size>
         <input_file_ref idref="fl-c"/>
      </object_component>
      <object_component id="oc-cd">
         <name>.debug_info</name>
         <load_address>0x425ab</load_address>
         <run_address>0x425ab</run_address>
         <size>0x16c</size>
         <input_file_ref idref="fl-d"/>
      </object_component>
      <object_component id="oc-d0">
         <name>.debug_info</name>
         <load_address>0x42717</load_address>
         <run_address>0x42717</run_address>
         <size>0x9e4</size>
         <input_file_ref idref="fl-e"/>
      </object_component>
      <object_component id="oc-d6">
         <name>.debug_info</name>
         <load_address>0x430fb</load_address>
         <run_address>0x430fb</run_address>
         <size>0x4948</size>
         <input_file_ref idref="fl-f"/>
      </object_component>
      <object_component id="oc-dc">
         <name>.debug_info</name>
         <load_address>0x47a43</load_address>
         <run_address>0x47a43</run_address>
         <size>0x75e7</size>
         <input_file_ref idref="fl-10"/>
      </object_component>
      <object_component id="oc-e1">
         <name>.debug_info</name>
         <load_address>0x4f02a</load_address>
         <run_address>0x4f02a</run_address>
         <size>0x538f0</size>
         <input_file_ref idref="fl-11"/>
      </object_component>
      <object_component id="oc-146">
         <name>.debug_info</name>
         <load_address>0xa291a</load_address>
         <run_address>0xa291a</run_address>
         <size>0x205d0</size>
         <input_file_ref idref="fl-12"/>
      </object_component>
      <object_component id="oc-14d">
         <name>.debug_info</name>
         <load_address>0xc2eea</load_address>
         <run_address>0xc2eea</run_address>
         <size>0x111b3</size>
         <input_file_ref idref="fl-13"/>
      </object_component>
      <object_component id="oc-152">
         <name>.debug_info</name>
         <load_address>0xd409d</load_address>
         <run_address>0xd409d</run_address>
         <size>0x2138</size>
         <input_file_ref idref="fl-14"/>
      </object_component>
      <object_component id="oc-157">
         <name>.debug_info</name>
         <load_address>0xd61d5</load_address>
         <run_address>0xd61d5</run_address>
         <size>0x1ab0</size>
         <input_file_ref idref="fl-15"/>
      </object_component>
      <object_component id="oc-162">
         <name>.debug_info</name>
         <load_address>0xd7c85</load_address>
         <run_address>0xd7c85</run_address>
         <size>0x19475</size>
         <input_file_ref idref="fl-16"/>
      </object_component>
      <object_component id="oc-167">
         <name>.debug_info</name>
         <load_address>0xf10fa</load_address>
         <run_address>0xf10fa</run_address>
         <size>0x149e0</size>
         <input_file_ref idref="fl-17"/>
      </object_component>
      <object_component id="oc-16c">
         <name>.debug_info</name>
         <load_address>0x105ada</load_address>
         <run_address>0x105ada</run_address>
         <size>0x34c0</size>
         <input_file_ref idref="fl-18"/>
      </object_component>
      <object_component id="oc-171">
         <name>.debug_info</name>
         <load_address>0x108f9a</load_address>
         <run_address>0x108f9a</run_address>
         <size>0x667b</size>
         <input_file_ref idref="fl-19"/>
      </object_component>
      <object_component id="oc-176">
         <name>.debug_info</name>
         <load_address>0x10f615</load_address>
         <run_address>0x10f615</run_address>
         <size>0xb56e</size>
         <input_file_ref idref="fl-1a"/>
      </object_component>
      <object_component id="oc-17d">
         <name>.debug_info</name>
         <load_address>0x11ab83</load_address>
         <run_address>0x11ab83</run_address>
         <size>0x124</size>
         <input_file_ref idref="fl-1b"/>
      </object_component>
      <object_component id="oc-180">
         <name>.debug_info</name>
         <load_address>0x11aca7</load_address>
         <run_address>0x11aca7</run_address>
         <size>0x5d49</size>
         <input_file_ref idref="fl-1c"/>
      </object_component>
      <object_component id="oc-186">
         <name>.debug_info</name>
         <load_address>0x1209f0</load_address>
         <run_address>0x1209f0</run_address>
         <size>0x4f77</size>
         <input_file_ref idref="fl-1d"/>
      </object_component>
      <object_component id="oc-18b">
         <name>.debug_info</name>
         <load_address>0x125967</load_address>
         <run_address>0x125967</run_address>
         <size>0xa637</size>
         <input_file_ref idref="fl-1e"/>
      </object_component>
      <object_component id="oc-190">
         <name>.debug_info</name>
         <load_address>0x12ff9e</load_address>
         <run_address>0x12ff9e</run_address>
         <size>0xa24</size>
         <input_file_ref idref="fl-1f"/>
      </object_component>
      <object_component id="oc-195">
         <name>.debug_info</name>
         <load_address>0x1309c2</load_address>
         <run_address>0x1309c2</run_address>
         <size>0x3a1</size>
         <input_file_ref idref="fl-20"/>
      </object_component>
      <object_component id="oc-19b">
         <name>.debug_info</name>
         <load_address>0x130d63</load_address>
         <run_address>0x130d63</run_address>
         <size>0x1712</size>
         <input_file_ref idref="fl-21"/>
      </object_component>
      <object_component id="oc-1a2">
         <name>.debug_info</name>
         <load_address>0x132475</load_address>
         <run_address>0x132475</run_address>
         <size>0x170c</size>
         <input_file_ref idref="fl-22"/>
      </object_component>
      <object_component id="oc-1a9">
         <name>.debug_info</name>
         <load_address>0x133b81</load_address>
         <run_address>0x133b81</run_address>
         <size>0x1712</size>
         <input_file_ref idref="fl-23"/>
      </object_component>
      <object_component id="oc-1b0">
         <name>.debug_info</name>
         <load_address>0x135293</load_address>
         <run_address>0x135293</run_address>
         <size>0x552</size>
         <input_file_ref idref="fl-24"/>
      </object_component>
      <object_component id="oc-1b8">
         <name>.debug_info</name>
         <load_address>0x1357e5</load_address>
         <run_address>0x1357e5</run_address>
         <size>0x173</size>
         <input_file_ref idref="fl-35"/>
      </object_component>
      <object_component id="oc-1bd">
         <name>.debug_info</name>
         <load_address>0x135958</load_address>
         <run_address>0x135958</run_address>
         <size>0x176</size>
         <input_file_ref idref="fl-36"/>
      </object_component>
      <object_component id="oc-1c2">
         <name>.debug_info</name>
         <load_address>0x135ace</load_address>
         <run_address>0x135ace</run_address>
         <size>0x1a5</size>
         <input_file_ref idref="fl-37"/>
      </object_component>
      <object_component id="oc-1c6">
         <name>.debug_info</name>
         <load_address>0x135c73</load_address>
         <run_address>0x135c73</run_address>
         <size>0x561</size>
         <input_file_ref idref="fl-38"/>
      </object_component>
      <object_component id="oc-1cb">
         <name>.debug_info</name>
         <load_address>0x1361d4</load_address>
         <run_address>0x1361d4</run_address>
         <size>0x43a</size>
         <input_file_ref idref="fl-39"/>
      </object_component>
      <object_component id="oc-1d0">
         <name>.debug_info</name>
         <load_address>0x13660e</load_address>
         <run_address>0x13660e</run_address>
         <size>0x3ad</size>
         <input_file_ref idref="fl-3a"/>
      </object_component>
      <object_component id="oc-1d5">
         <name>.debug_info</name>
         <load_address>0x1369bb</load_address>
         <run_address>0x1369bb</run_address>
         <size>0x3aa</size>
         <input_file_ref idref="fl-3b"/>
      </object_component>
      <object_component id="oc-1da">
         <name>.debug_info</name>
         <load_address>0x136d65</load_address>
         <run_address>0x136d65</run_address>
         <size>0x544</size>
         <input_file_ref idref="fl-3c"/>
      </object_component>
      <object_component id="oc-1e1">
         <name>.debug_info</name>
         <load_address>0x1372a9</load_address>
         <run_address>0x1372a9</run_address>
         <size>0x4cc</size>
         <input_file_ref idref="fl-3d"/>
      </object_component>
      <object_component id="oc-1e6">
         <name>.debug_info</name>
         <load_address>0x137775</load_address>
         <run_address>0x137775</run_address>
         <size>0x467</size>
         <input_file_ref idref="fl-3e"/>
      </object_component>
      <object_component id="oc-1eb">
         <name>.debug_info</name>
         <load_address>0x137bdc</load_address>
         <run_address>0x137bdc</run_address>
         <size>0x502</size>
         <input_file_ref idref="fl-3f"/>
      </object_component>
      <object_component id="oc-2cc">
         <name>.debug_info</name>
         <load_address>0x1380de</load_address>
         <run_address>0x1380de</run_address>
         <size>0xbb</size>
      </object_component>
      <object_component id="oc-88">
         <name>.debug_frame</name>
         <load_address>0x0</load_address>
         <run_address>0x0</run_address>
         <size>0x90</size>
         <input_file_ref idref="fl-2"/>
      </object_component>
      <object_component id="oc-8f">
         <name>.debug_frame</name>
         <load_address>0x90</load_address>
         <run_address>0x90</run_address>
         <size>0x28</size>
         <input_file_ref idref="fl-3"/>
      </object_component>
      <object_component id="oc-9a">
         <name>.debug_frame</name>
         <load_address>0xb8</load_address>
         <run_address>0xb8</run_address>
         <size>0x244</size>
         <input_file_ref idref="fl-4"/>
      </object_component>
      <object_component id="oc-a0">
         <name>.debug_frame</name>
         <load_address>0x2fc</load_address>
         <run_address>0x2fc</run_address>
         <size>0xa8</size>
         <input_file_ref idref="fl-5"/>
      </object_component>
      <object_component id="oc-a5">
         <name>.debug_frame</name>
         <load_address>0x3a4</load_address>
         <run_address>0x3a4</run_address>
         <size>0xd8</size>
         <input_file_ref idref="fl-6"/>
      </object_component>
      <object_component id="oc-ac">
         <name>.debug_frame</name>
         <load_address>0x47c</load_address>
         <run_address>0x47c</run_address>
         <size>0x238</size>
         <input_file_ref idref="fl-7"/>
      </object_component>
      <object_component id="oc-b1">
         <name>.debug_frame</name>
         <load_address>0x6b4</load_address>
         <run_address>0x6b4</run_address>
         <size>0x350</size>
         <input_file_ref idref="fl-8"/>
      </object_component>
      <object_component id="oc-b7">
         <name>.debug_frame</name>
         <load_address>0xa04</load_address>
         <run_address>0xa04</run_address>
         <size>0xa4</size>
         <input_file_ref idref="fl-9"/>
      </object_component>
      <object_component id="oc-bc">
         <name>.debug_frame</name>
         <load_address>0xaa8</load_address>
         <run_address>0xaa8</run_address>
         <size>0xe8</size>
         <input_file_ref idref="fl-a"/>
      </object_component>
      <object_component id="oc-c1">
         <name>.debug_frame</name>
         <load_address>0xb90</load_address>
         <run_address>0xb90</run_address>
         <size>0x58</size>
         <input_file_ref idref="fl-b"/>
      </object_component>
      <object_component id="oc-c6">
         <name>.debug_frame</name>
         <load_address>0xbe8</load_address>
         <run_address>0xbe8</run_address>
         <size>0x40</size>
         <input_file_ref idref="fl-c"/>
      </object_component>
      <object_component id="oc-d2">
         <name>.debug_frame</name>
         <load_address>0xc28</load_address>
         <run_address>0xc28</run_address>
         <size>0x58</size>
         <input_file_ref idref="fl-e"/>
      </object_component>
      <object_component id="oc-d8">
         <name>.debug_frame</name>
         <load_address>0xc80</load_address>
         <run_address>0xc80</run_address>
         <size>0x11f0</size>
         <input_file_ref idref="fl-f"/>
      </object_component>
      <object_component id="oc-dd">
         <name>.debug_frame</name>
         <load_address>0x1e70</load_address>
         <run_address>0x1e70</run_address>
         <size>0x108</size>
         <input_file_ref idref="fl-10"/>
      </object_component>
      <object_component id="oc-149">
         <name>.debug_frame</name>
         <load_address>0x1f78</load_address>
         <run_address>0x1f78</run_address>
         <size>0x1f4</size>
         <input_file_ref idref="fl-12"/>
      </object_component>
      <object_component id="oc-14e">
         <name>.debug_frame</name>
         <load_address>0x216c</load_address>
         <run_address>0x216c</run_address>
         <size>0x28</size>
         <input_file_ref idref="fl-13"/>
      </object_component>
      <object_component id="oc-153">
         <name>.debug_frame</name>
         <load_address>0x2194</load_address>
         <run_address>0x2194</run_address>
         <size>0x18c</size>
         <input_file_ref idref="fl-14"/>
      </object_component>
      <object_component id="oc-15e">
         <name>.debug_frame</name>
         <load_address>0x2320</load_address>
         <run_address>0x2320</run_address>
         <size>0x28</size>
         <input_file_ref idref="fl-15"/>
      </object_component>
      <object_component id="oc-163">
         <name>.debug_frame</name>
         <load_address>0x2348</load_address>
         <run_address>0x2348</run_address>
         <size>0x28</size>
         <input_file_ref idref="fl-16"/>
      </object_component>
      <object_component id="oc-168">
         <name>.debug_frame</name>
         <load_address>0x2370</load_address>
         <run_address>0x2370</run_address>
         <size>0x210</size>
         <input_file_ref idref="fl-17"/>
      </object_component>
      <object_component id="oc-16d">
[...]
         <object_component_ref idref="oc-21f"/>
      </symbol>
      <symbol id="sm-772">
         <name>_clkg_delay_loop</name>
         <value>0x83362</value>
         <object_component_ref idref="oc-21f"/>
      </symbol>
      <symbol id="sm-774">
         <name>_InitMcbspa8bit</name>
         <value>0x834a0</value>
         <object_component_ref idref="oc-21f"/>
      </symbol>
      <symbol id="sm-776">
         <name>_InitMcbspbGpio</name>
         <value>0x83389</value>
         <object_component_ref idref="oc-21f"/>
      </symbol>
      <symbol id="sm-778">
         <name>_delay_loop</name>
         <value>0x83350</value>
         <object_component_ref idref="oc-21f"/>
      </symbol>
      <symbol id="sm-785">
         <name>_InitPieCtrl</name>
         <value>0x8461f</value>
         <object_component_ref idref="oc-218"/>
      </symbol>
      <symbol id="sm-787">
         <name>_EnableInterrupts</name>
         <value>0x8463e</value>
         <object_component_ref idref="oc-218"/>
      </symbol>
      <symbol id="sm-797">
         <name>_PieVectTableInit</name>
         <value>0x90000</value>
         <object_component_ref idref="oc-230"/>
      </symbol>
      <symbol id="sm-798">
         <name>_InitPieVectTable</name>
         <value>0x846a0</value>
         <object_component_ref idref="oc-219"/>
      </symbol>
      <symbol id="sm-7be">
         <name>_InitSysPll</name>
         <value>0x82e83</value>
         <object_component_ref idref="oc-216"/>
      </symbol>
      <symbol id="sm-7c0">
         <name>_DisableDog</name>
         <value>0x82f1c</value>
         <object_component_ref idref="oc-216"/>
      </symbol>
      <symbol id="sm-7c2">
         <name>_SysIntOsc2Sel</name>
         <value>0x82e50</value>
         <object_component_ref idref="oc-216"/>
      </symbol>
      <symbol id="sm-7c4">
         <name>_HALT</name>
         <value>0x830c9</value>
         <object_component_ref idref="oc-216"/>
      </symbol>
      <symbol id="sm-7c6">
         <name>_IDLE</name>
         <value>0x830b2</value>
         <object_component_ref idref="oc-216"/>
      </symbol>
      <symbol id="sm-7c8">
         <name>_InitPeripheralClocks</name>
         <value>0x82f29</value>
         <object_component_ref idref="oc-216"/>
      </symbol>
      <symbol id="sm-7ca">
         <name>_InitFlash</name>
         <value>0x845e</value>
         <object_component_ref idref="oc-22f"/>
      </symbol>
      <symbol id="sm-7cc">
         <name>_SysXtalOscSel</name>
         <value>0x82e42</value>
         <object_component_ref idref="oc-216"/>
      </symbol>
      <symbol id="sm-7ce">
         <name>_CsmUnlock</name>
         <value>0x830d9</value>
         <object_component_ref idref="oc-216"/>
      </symbol>
      <symbol id="sm-7d0">
         <name>_SysIntOsc1Sel</name>
         <value>0x82e5c</value>
         <object_component_ref idref="oc-216"/>
      </symbol>
      <symbol id="sm-7d2">
         <name>_ServiceDog</name>
         <value>0x82e6a</value>
         <object_component_ref idref="oc-216"/>
      </symbol>
      <symbol id="sm-7d4">
         <name>_HIB</name>
         <value>0x830bb</value>
         <object_component_ref idref="oc-216"/>
      </symbol>
      <symbol id="sm-7d6">
         <name>_AuxAuxClkSel</name>
         <value>0x82ffe</value>
         <object_component_ref idref="oc-216"/>
      </symbol>
      <symbol id="sm-7d8">
         <name>_AuxIntOsc2Sel</name>
         <value>0x83019</value>
         <object_component_ref idref="oc-216"/>
      </symbol>
      <symbol id="sm-7da">
         <name>_InitAuxPll</name>
         <value>0x83026</value>
         <object_component_ref idref="oc-216"/>
      </symbol>
      <symbol id="sm-7dc">
         <name>_InitSysCtrl</name>
         <value>0x82fd2</value>
         <object_component_ref idref="oc-216"/>
      </symbol>
      <symbol id="sm-7de">
         <name>_STANDBY</name>
         <value>0x82e78</value>
         <object_component_ref idref="oc-216"/>
      </symbol>
      <symbol id="sm-7e0">
         <name>_AuxXtalOscSel</name>
         <value>0x83008</value>
         <object_component_ref idref="oc-216"/>
      </symbol>
      <symbol id="sm-7ed">
         <name>_F28x_usDelay</name>
         <value>0x848a</value>
         <object_component_ref idref="oc-17b"/>
      </symbol>
      <symbol id="sm-819">
         <name>_IntIFRClear</name>
         <value>0x83736</value>
         <object_component_ref idref="oc-202"/>
      </symbol>
      <symbol id="sm-81b">
         <name>_IntRegister</name>
         <value>0x83718</value>
         <object_component_ref idref="oc-202"/>
      </symbol>
      <symbol id="sm-81d">
         <name>_IntUnregister</name>
         <value>0x83702</value>
         <object_component_ref idref="oc-202"/>
      </symbol>
      <symbol id="sm-81f">
         <name>_IntMasterDisable</name>
         <value>0x83731</value>
         <object_component_ref idref="oc-202"/>
      </symbol>
      <symbol id="sm-821">
         <name>_IntDefaultHandler</name>
         <value>0x83ff1</value>
         <object_component_ref idref="oc-181"/>
      </symbol>
      <symbol id="sm-823">
         <name>_IntEnable</name>
         <value>0x837b0</value>
         <object_component_ref idref="oc-202"/>
      </symbol>
      <symbol id="sm-825">
         <name>_IntMasterEnable</name>
         <value>0x8372c</value>
         <object_component_ref idref="oc-202"/>
      </symbol>
      <symbol id="sm-827">
         <name>_IntDisable</name>
         <value>0x83823</value>
         <object_component_ref idref="oc-202"/>
      </symbol>
      <symbol id="sm-83d">
         <name>_InitEPwm_OutModeSel</name>
         <value>0x82772</value>
         <object_component_ref idref="oc-21d"/>
      </symbol>
      <symbol id="sm-83f">
         <name>_InitEPwm_Regs</name>
         <value>0x82900</value>
         <object_component_ref idref="oc-21d"/>
      </symbol>
      <symbol id="sm-841">
         <name>_EpwmIntCfg</name>
         <value>0x82a13</value>
         <object_component_ref idref="oc-21d"/>
      </symbol>
      <symbol id="sm-843">
         <name>_Initialize_Epwm</name>
         <value>0x82a42</value>
         <object_component_ref idref="oc-21d"/>
      </symbol>
      <symbol id="sm-845">
         <name>_InitEPwm_ShadowRegs</name>
         <value>0x826af</value>
         <object_component_ref idref="oc-21d"/>
      </symbol>
      <symbol id="sm-847">
         <name>_InitEPwm_ClockDivide</name>
         <value>0x82603</value>
         <object_component_ref idref="oc-21d"/>
      </symbol>
      <symbol id="sm-849">
         <name>_InitEPwm_SyncSel</name>
         <value>0x8264c</value>
         <object_component_ref idref="oc-21d"/>
      </symbol>
      <symbol id="sm-85d">
         <name>_GPIO_SETTING</name>
         <value>0x83b5a</value>
         <object_component_ref idref="oc-217"/>
      </symbol>
      <symbol id="sm-86b">
         <name>_GPtest</name>
         <value>0xab7e</value>
         <object_component_ref idref="oc-196"/>
      </symbol>
      <symbol id="sm-8ab">
         <name>_sciaRxFifoService</name>
         <value>0x81ae</value>
         <object_component_ref idref="oc-225"/>
      </symbol>
      <symbol id="sm-8ad">
         <name>_rxa_end</name>
         <value>0xab7b</value>
         <object_component_ref idref="oc-19d"/>
      </symbol>
      <symbol id="sm-8ae">
         <name>_ChangeSetValueA</name>
         <value>0x8239</value>
         <object_component_ref idref="oc-225"/>
      </symbol>
      <symbol id="sm-8b0">
         <name>_sciaTxFifoService</name>
         <value>0x8196</value>
         <object_component_ref idref="oc-225"/>
      </symbol>
      <symbol id="sm-8b2">
         <name>_txa_flag</name>
         <value>0xab78</value>
         <object_component_ref idref="oc-19d"/>
      </symbol>
      <symbol id="sm-8b3">
         <name>_IDA_QUE</name>
         <value>0xab80</value>
         <object_component_ref idref="oc-220"/>
      </symbol>
      <symbol id="sm-8b4">
         <name>_txa_end</name>
         <value>0xab7a</value>
         <object_component_ref idref="oc-19d"/>
      </symbol>
      <symbol id="sm-8b5">
         <name>_Message_send_endA</name>
         <value>0x83d99</value>
         <object_component_ref idref="oc-20b"/>
      </symbol>
      <symbol id="sm-8b7">
         <name>_TXA_QUE</name>
         <value>0xae80</value>
         <object_component_ref idref="oc-221"/>
      </symbol>
      <symbol id="sm-8b8">
         <name>_RXA_QUE</name>
         <value>0xad00</value>
         <object_component_ref idref="oc-222"/>
      </symbol>
      <symbol id="sm-8b9">
         <name>_CheckMessageA</name>
         <value>0x83cfa</value>
         <object_component_ref idref="oc-20b"/>
      </symbol>
      <symbol id="sm-8bb">
         <name>_scia_fifo_init</name>
         <value>0x83ca2</value>
         <object_component_ref idref="oc-20b"/>
      </symbol>
      <symbol id="sm-8bd">
         <name>_txa_start</name>
         <value>0xab79</value>
         <object_component_ref idref="oc-19d"/>
      </symbol>
      <symbol id="sm-8be">
         <name>_SCIA_INIT_VAL</name>
         <value>0x83cc3</value>
         <object_component_ref idref="oc-20b"/>
      </symbol>
      <symbol id="sm-8c0">
         <name>_rxa_start</name>
         <value>0xab7c</value>
         <object_component_ref idref="oc-19d"/>
      </symbol>
      <symbol id="sm-8c1">
         <name>_maska</name>
         <value>0xa8fa</value>
         <object_component_ref idref="oc-223"/>
      </symbol>
      <symbol id="sm-8c2">
         <name>_RS232_Comm_checkA</name>
         <value>0x83d88</value>
         <object_component_ref idref="oc-20b"/>
      </symbol>
      <symbol id="sm-8c4">
         <name>_MakePktA</name>
         <value>0x81f8</value>
         <object_component_ref idref="oc-225"/>
      </symbol>
      <symbol id="sm-905">
         <name>_rxb_end</name>
         <value>0xabe7</value>
         <object_component_ref idref="oc-1a4"/>
      </symbol>
      <symbol id="sm-906">
         <name>_txb_flag</name>
         <value>0xabe4</value>
         <object_component_ref idref="oc-1a4"/>
      </symbol>
      <symbol id="sm-907">
         <name>_txb_start</name>
         <value>0xabe5</value>
         <object_component_ref idref="oc-1a4"/>
      </symbol>
      <symbol id="sm-908">
         <name>_IDB_QUE</name>
         <value>0xac00</value>
         <object_component_ref idref="oc-214"/>
      </symbol>
      <symbol id="sm-909">
         <name>_txb_end</name>
         <value>0xabe6</value>
         <object_component_ref idref="oc-1a4"/>
      </symbol>
      <symbol id="sm-90a">
         <name>_TXB_QUE</name>
         <value>0xaf00</value>
         <object_component_ref idref="oc-212"/>
      </symbol>
      <symbol id="sm-90b">
         <name>_rxb_start</name>
         <value>0xabe8</value>
         <object_component_ref idref="oc-1a4"/>
      </symbol>
      <symbol id="sm-90c">
         <name>_scibRxFifoService</name>
         <value>0x8281</value>
         <object_component_ref idref="oc-209"/>
      </symbol>
      <symbol id="sm-90e">
         <name>_RS232_Comm_check</name>
         <value>0x83e8c</value>
         <object_component_ref idref="oc-20c"/>
      </symbol>
      <symbol id="sm-910">
         <name>_SCIB_INIT_VAL</name>
         <value>0x83dc7</value>
         <object_component_ref idref="oc-20c"/>
      </symbol>
      <symbol id="sm-912">
         <name>_CheckMessageB</name>
         <value>0x83dfe</value>
         <object_component_ref idref="oc-20c"/>
      </symbol>
      <symbol id="sm-914">
         <name>_scib_fifo_init</name>
         <value>0x83da6</value>
         <object_component_ref idref="oc-20c"/>
      </symbol>
      <symbol id="sm-916">
         <name>_scibTxFifoService</name>
         <value>0x8269</value>
         <object_component_ref idref="oc-209"/>
      </symbol>
      <symbol id="sm-918">
         <name>_RXB_QUE</name>
         <value>0xad80</value>
         <object_component_ref idref="oc-215"/>
      </symbol>
      <symbol id="sm-919">
         <name>_Message_send_end</name>
         <value>0x83e9d</value>
         <object_component_ref idref="oc-20c"/>
      </symbol>
      <symbol id="sm-91b">
         <name>_maskb</name>
         <value>0xaaba</value>
         <object_component_ref idref="oc-213"/>
      </symbol>
      <symbol id="sm-91c">
         <name>_ChangeSetValue</name>
         <value>0x830c</value>
         <object_component_ref idref="oc-209"/>
      </symbol>
      <symbol id="sm-91e">
         <name>_MakePktB</name>
         <value>0x82cb</value>
         <object_component_ref idref="oc-209"/>
      </symbol>
      <symbol id="sm-95f">
         <name>_MakePktD</name>
         <value>0x839e</value>
         <object_component_ref idref="oc-22a"/>
      </symbol>
      <symbol id="sm-961">
         <name>_ChangeSetValueD</name>
         <value>0x83df</value>
         <object_component_ref idref="oc-22a"/>
      </symbol>
      <symbol id="sm-963">
         <name>_scidRxFifoService</name>
         <value>0x8354</value>
         <object_component_ref idref="oc-22a"/>
      </symbol>
      <symbol id="sm-965">
         <name>_txd_flag</name>
         <value>0xabe9</value>
         <object_component_ref idref="oc-1ab"/>
      </symbol>
      <symbol id="sm-966">
         <name>_Message_send_endD</name>
         <value>0x83fa1</value>
         <object_component_ref idref="oc-20d"/>
      </symbol>
      <symbol id="sm-968">
         <name>_rxd_end</name>
         <value>0xabec</value>
         <object_component_ref idref="oc-1ab"/>
      </symbol>
      <symbol id="sm-969">
         <name>_scidTxFifoService</name>
         <value>0x833c</value>
         <object_component_ref idref="oc-22a"/>
      </symbol>
      <symbol id="sm-96b">
         <name>_scid_fifo_init</name>
         <value>0x83eaa</value>
         <object_component_ref idref="oc-20d"/>
      </symbol>
      <symbol id="sm-96d">
         <name>_IDD_QUE</name>
         <value>0xac80</value>
         <object_component_ref idref="oc-226"/>
      </symbol>
      <symbol id="sm-96e">
         <name>_txd_end</name>
         <value>0xabeb</value>
         <object_component_ref idref="oc-1ab"/>
      </symbol>
      <symbol id="sm-96f">
         <name>_SCID_INIT_VAL</name>
         <value>0x83ecb</value>
         <object_component_ref idref="oc-20d"/>
      </symbol>
      <symbol id="sm-971">
         <name>_CheckMessageD</name>
         <value>0x83f02</value>
         <object_component_ref idref="oc-20d"/>
      </symbol>
      <symbol id="sm-973">
         <name>_TXD_QUE</name>
         <value>0xaf80</value>
         <object_component_ref idref="oc-227"/>
      </symbol>
      <symbol id="sm-974">
         <name>_txd_start</name>
         <value>0xabea</value>
         <object_component_ref idref="oc-1ab"/>
      </symbol>
      <symbol id="sm-975">
         <name>_maskd</name>
         <value>0xab6c</value>
         <object_component_ref idref="oc-229"/>
      </symbol>
      <symbol id="sm-976">
         <name>_rxd_start</name>
         <value>0xabed</value>
         <object_component_ref idref="oc-1ab"/>
      </symbol>
      <symbol id="sm-977">
         <name>_RS232_Comm_checkD</name>
         <value>0x83f90</value>
         <object_component_ref idref="oc-20d"/>
      </symbol>
      <symbol id="sm-979">
         <name>_RXD_QUE</name>
         <value>0xae00</value>
         <object_component_ref idref="oc-228"/>
      </symbol>
      <symbol id="sm-987">
         <name>_AutoCal_Step</name>
         <value>0xabf6</value>
         <object_component_ref idref="oc-1b1"/>
      </symbol>
      <symbol id="sm-988">
         <name>_SmileKey</name>
         <value>0xc840</value>
         <object_component_ref idref="oc-224"/>
      </symbol>
      <symbol id="sm-9a3">
         <name>_c_int00</name>
         <value>0x84576</value>
         <object_component_ref idref="oc-85"/>
      </symbol>
      <symbol id="sm-9a4">
         <name>__stack</name>
         <value>0x400</value>
         <object_component_ref idref="oc-1b6"/>
      </symbol>
      <symbol id="sm-9b0">
         <name>LL$$AND</name>
         <value>0x84688</value>
         <object_component_ref idref="oc-1bc"/>
      </symbol>
      <symbol id="sm-9b1">
         <name>LL$$OR</name>
         <value>0x84690</value>
         <object_component_ref idref="oc-1bc"/>
      </symbol>
      <symbol id="sm-9b2">
         <name>LL$$XOR</name>
         <value>0x84698</value>
         <object_component_ref idref="oc-1bc"/>
      </symbol>
      <symbol id="sm-9be">
         <name>UL$$MOD</name>
         <value>0x845f0</value>
         <object_component_ref idref="oc-1c1"/>
      </symbol>
      <symbol id="sm-9bf">
         <name>L$$MOD</name>
         <value>0x845db</value>
         <object_component_ref idref="oc-1c1"/>
      </symbol>
      <symbol id="sm-9c0">
         <name>L$$DIV</name>
         <value>0x845cc</value>
         <object_component_ref idref="oc-1c1"/>
      </symbol>
      <symbol id="sm-9c1">
         <name>UL$$DIV</name>
         <value>0x845e9</value>
         <object_component_ref idref="oc-1c1"/>
      </symbol>
      <symbol id="sm-9d0">
         <name>_copy_in</name>
         <value>0x84647</value>
         <object_component_ref idref="oc-1f1"/>
      </symbol>
      <symbol id="sm-9e2">
         <name>_memcpy</name>
         <value>0x8466b</value>
         <object_component_ref idref="oc-1fa"/>
      </symbol>
      <symbol id="sm-9ef">
         <name>__system_pre_init</name>
         <value>0x846dc</value>
         <object_component_ref idref="oc-1f0"/>
      </symbol>
      <symbol id="sm-9fd">
         <name>__system_post_cinit</name>
         <value>0x846df</value>
         <object_component_ref idref="oc-1f2"/>
      </symbol>
      <symbol id="sm-a12">
         <name>C$$EXIT</name>
         <value>0x845f6</value>
         <object_component_ref idref="oc-1f4"/>
      </symbol>
      <symbol id="sm-a13">
         <name>_exit</name>
         <value>0x845f8</value>
         <object_component_ref idref="oc-1f4"/>
      </symbol>
      <symbol id="sm-a15">
         <name>___TI_cleanup_ptr</name>
         <value>0xab74</value>
         <object_component_ref idref="oc-1dc"/>
      </symbol>
      <symbol id="sm-a16">
         <name>___TI_enable_exit_profile_output</name>
         <value>0xab72</value>
         <object_component_ref idref="oc-1dc"/>
      </symbol>
      <symbol id="sm-a17">
         <name>_abort</name>
         <value>0x845f6</value>
         <object_component_ref idref="oc-1f4"/>
      </symbol>
      <symbol id="sm-a19">
         <name>___TI_dtors_ptr</name>
         <value>0xab76</value>
         <object_component_ref idref="oc-1dc"/>
      </symbol>
      <symbol id="sm-a2d">
         <name>__unlock</name>
         <value>0xabf4</value>
         <object_component_ref idref="oc-22e"/>
      </symbol>
      <symbol id="sm-a2e">
         <name>__lock</name>
         <value>0xabf2</value>
         <object_component_ref idref="oc-1fc"/>
      </symbol>
      <symbol id="sm-a2f">
         <name>__register_lock</name>
         <value>0x846c8</value>
         <object_component_ref idref="oc-210"/>
      </symbol>
      <symbol id="sm-a31">
         <name>__nop</name>
         <value>0x846cc</value>
         <object_component_ref idref="oc-210"/>
      </symbol>
      <symbol id="sm-a33">
         <name>__register_unlock</name>
         <value>0x846c4</value>
         <object_component_ref idref="oc-210"/>
      </symbol>
      <symbol id="sm-a43">
         <name>__args_main</name>
         <value>0x846b2</value>
         <object_component_ref idref="oc-1f3"/>
      </symbol>
      <symbol id="sm-a52">
         <name>_memset</name>
         <value>0x846d5</value>
         <object_component_ref idref="oc-208"/>
      </symbol>
   </symbol_table>
   <title>Link successful</title>
</link_info>
