******************************************************************************
             TMS320C2000 Linker PC v20.2.4                     
******************************************************************************
>> Linked Mon Jul 19 11:41:16 2021

OUTPUT FILE NAME:   <SmileKey_JIG_DSP28377_V0.14.out>
ENTRY POINT SYMBOL: "_c_int00"  address: 00087eb2


MEMORY CONFIGURATION

         name            origin    length      used     unused   attr    fill
----------------------  --------  ---------  --------  --------  ----  --------
PAGE 0:
  RAMM0                 00000122   000002de  00000000  000002de  RWIX
  RAMLS0                00008000   00001400  00000f5d  000004a3  RWIX
  RAMLS2                00009400   00000400  00000000  00000400  RWIX
  RAMLS3                00009800   00000800  00000000  00000800  RWIX
  RAMLS4                0000a000   00000800  00000000  00000800  RWIX
  RAMD0                 0000b000   00000800  00000000  00000800  RWIX
  RAMGS14               0001a000   00001000  00000000  00001000  RWIX
  RAMGS15               0001b000   00001000  00000000  00001000  RWIX
  BEGIN                 00080000   00000002  00000002  00000000  RWIX
  FLASHA                00080002   00001ffe  00000000  00001ffe  RWIX
  FLASHB                00082000   00002000  00001ffe  00000002  RWIX
  FLASHC                00084000   00002000  00002000  00000000  RWIX
  FLASHD                00086000   00002000  00001ffc  00000004  RWIX
  FLASHE                00088000   00008000  000004cc  00007b34  RWIX
  FLASHF                00090000   00008000  00000a32  000075ce  RWIX
  FLASHG                00098000   00008000  00000000  00008000  RWIX
  FLASHH                000a0000   00008000  00000000  00008000  RWIX
  FLASHI                000a8000   00008000  00000000  00008000  RWIX
  FLASHJ                000b0000   00008000  00000000  00008000  RWIX
  FLASHK                000b8000   00002000  00000000  00002000  RWIX
  FLASHL                000ba000   00002000  00000000  00002000  RWIX
  FLASHM                000bc000   00002000  00000000  00002000  RWIX
  FLASHN                000be000   00002000  00000000  00002000  RWIX
  RESET                 003fffc0   00000002  00000000  00000002  RWIX

PAGE 1:
  BOOT_RSVD             00000002   00000120  00000000  00000120  RWIX
  RAMM1                 00000400   00000400  00000220  000001e0  RWIX
  ADCA_RESULT           00000b00   00000020  00000018  00000008  RWIX
  ADCB_RESULT           00000b20   00000020  00000018  00000008  RWIX
  ADCC_RESULT           00000b40   00000020  00000018  00000008  RWIX
  ADCD_RESULT           00000b60   00000020  00000018  00000008  RWIX
  CPU_TIMER0            00000c00   00000008  00000008  00000000  RWIX
  CPU_TIMER1            00000c08   00000008  00000008  00000000  RWIX
  CPU_TIMER2            00000c10   00000008  00000008  00000000  RWIX
  PIE_CTRL              00000ce0   00000020  0000001a  00000006  RWIX
  PIE_VECT              00000d00   00000200  000001c0  00000040  RWIX
  DMA                   00001000   00000200  000000e0  00000120  RWIX
  CLA1                  00001400   00000040  00000040  00000000  RWIX
  EPWM1                 00004000   00000100  00000100  00000000  RWIX
  EPWM2                 00004100   00000100  00000100  00000000  RWIX
  EPWM3                 00004200   00000100  00000100  00000000  RWIX
  EPWM4                 00004300   00000100  00000100  00000000  RWIX
  EPWM5                 00004400   00000100  00000100  00000000  RWIX
  EPWM6                 00004500   00000100  00000100  00000000  RWIX
  EPWM7                 00004600   00000100  00000100  00000000  RWIX
  EPWM8                 00004700   00000100  00000100  00000000  RWIX
  EPWM9                 00004800   00000100  00000100  00000000  RWIX
  EPWM10                00004900   00000100  00000100  00000000  RWIX
  EPWM11                00004a00   00000100  00000100  00000000  RWIX
  EPWM12                00004b00   00000100  00000100  00000000  RWIX
  ECAP1                 00005000   00000020  00000020  00000000  RWIX
  ECAP2                 00005020   00000020  00000020  00000000  RWIX
  ECAP3                 00005040   00000020  00000020  00000000  RWIX
  ECAP4                 00005060   00000020  00000020  00000000  RWIX
  ECAP5                 00005080   00000020  00000020  00000000  RWIX
  ECAP6                 000050a0   00000020  00000020  00000000  RWIX
  EQEP1                 00005100   00000040  00000022  0000001e  RWIX
  EQEP2                 00005140   00000040  00000022  0000001e  RWIX
  EQEP3                 00005180   00000040  00000022  0000001e  RWIX
  DACA                  00005c00   00000010  00000008  00000008  RWIX
  DACB                  00005c10   00000010  00000008  00000008  RWIX
  DACC                  00005c20   00000010  00000008  00000008  RWIX
  CMPSS1                00005c80   00000020  00000020  00000000  RWIX
  CMPSS2                00005ca0   00000020  00000020  00000000  RWIX
  CMPSS3                00005cc0   00000020  00000020  00000000  RWIX
  CMPSS4                00005ce0   00000020  00000020  00000000  RWIX
  CMPSS5                00005d00   00000020  00000020  00000000  RWIX
  CMPSS6                00005d20   00000020  00000020  00000000  RWIX
  CMPSS7                00005d40   00000020  00000020  00000000  RWIX
  CMPSS8                00005d60   00000020  00000020  00000000  RWIX
  SDFM1                 00005e00   00000080  00000080  00000000  RWIX
  SDFM2                 00005e80   00000080  00000080  00000000  RWIX
  MCBSPA                00006000   00000040  00000024  0000001c  RWIX
  MCBSPB                00006040   00000040  00000024  0000001c  RWIX
  SPIA                  00006100   00000010  00000010  00000000  RWIX
  SPIB                  00006110   00000010  00000010  00000000  RWIX
  SPIC                  00006120   00000010  00000010  00000000  RWIX
  SPID                  00006130   00000010  00000010  00000000  RWIX
  UPP                   00006200   00000100  00000048  000000b8  RWIX
  WD                    00007000   00000040  0000002b  00000015  RWIX
  NMIINTRUPT            00007060   00000010  00000007  00000009  RWIX
  XINT                  00007070   00000010  0000000b  00000005  RWIX
  SCIA                  00007200   00000010  00000010  00000000  RWIX
  SCIB                  00007210   00000010  00000010  00000000  RWIX
  SCIC                  00007220   00000010  00000010  00000000  RWIX
  SCID                  00007230   00000010  00000010  00000000  RWIX
  I2CA                  00007300   00000040  00000022  0000001e  RWIX
  I2CB                  00007340   00000040  00000022  0000001e  RWIX
  ADCA                  00007400   00000080  00000080  00000000  RWIX
  ADCB                  00007480   00000080  00000080  00000000  RWIX
  ADCC                  00007500   00000080  00000080  00000000  RWIX
  ADCD                  00007580   00000080  00000080  00000000  RWIX
  TRIG                  00007900   00000050  00000046  0000000a  RWIX
  DMACLASRCSEL          00007980   00000040  0000001a  00000026  RWIX
  EPWM_XBAR             00007a00   00000040  00000040  00000000  RWIX
  CLB_XBAR              00007a40   00000040  00000000  00000040  RWIX
  GPIO_OUT_XBAR         00007a80   00000040  00000040  00000000  RWIX
  GPIOCTRL              00007c00   00000180  00000180  00000000  RWIX
  GPIODAT               00007f00   00000030  00000030  00000000  RWIX
  RAMLS5                0000a800   00000800  00000800  00000000  RWIX
  RAMD1                 0000b800   00000800  00000000  00000800  RWIX
  RAMGS0                0000c000   00001000  00001000  00000000  RWIX
  RAMGS1                0000d000   00001000  00000efa  00000106  RWIX
  RAMGS2                0000e000   00001000  000000de  00000f22  RWIX
  RAMGS3                0000f000   00001000  00000000  00001000  RWIX
  RAMGS4                00010000   00001000  000004c6  00000b3a  RWIX
  RAMGS5                00011000   00001000  00000000  00001000  RWIX
  RAMGS6                00012000   00001000  00000000  00001000  RWIX
  RAMGS7                00013000   00001000  00000000  00001000  RWIX
  RAMGS8                00014000   00001000  00000000  00001000  RWIX
  RAMGS9                00015000   00001000  00000000  00001000  RWIX
  RAMGS10               00016000   00001000  00000280  00000d80  RWIX
  RAMGS11               00017000   00001000  00000000  00001000  RWIX
  RAMGS12               00018000   00001000  00000000  00001000  RWIX
  RAMGS13               00019000   00001000  00000000  00001000  RWIX
  CPU2TOCPU1RAM         0003f800   00000400  00000000  00000400  RWIX
  CPU1TOCPU2RAM         0003fc00   00000400  00000088  00000378  RWIX
  EMIF1                 00047000   00000800  00000070  00000790  RWIX
  EMIF2                 00047800   00000800  00000070  00000790  RWIX
  DCANA                 00048000   00001000  00000200  00000e00  RWIX
  DCANB                 0004a000   00001000  00000200  00000e00  RWIX
  IPC                   00050000   00001000  00000026  00000fda  RWIX
  DEV_CFG               0005d000   00000180  0000012e  00000052  RWIX
  ANALOG_SUBSYS         0005d180   00000080  00000048  00000038  RWIX
  CLK_CFG               0005d200   00000100  00000032  000000ce  RWIX
  CPU_SYS               0005d300   00000100  00000082  0000007e  RWIX
  HWBIST                0005e000   00000100  000000a2  0000005e  RWIX
  PBIST                 0005e200   00000200  000001e6  0000001a  RWIX
  ROMPREFETCH           0005e608   00000002  00000002  00000000  RWIX
  DCSM_Z1               0005f000   00000030  00000024  0000000c  RWIX
  DCSM_Z2               0005f040   00000030  00000024  0000000c  RWIX
  DCSM_COMMON           0005f070   00000010  00000008  00000008  RWIX
  MEMCFG                0005f400   00000080  00000080  00000000  RWIX
  EMIF1CONFIG           0005f480   00000020  00000020  00000000  RWIX
  EMIF2CONFIG           0005f4a0   00000020  00000020  00000000  RWIX
  ACCESSPROTECTION      0005f4c0   00000040  00000040  00000000  RWIX
  MEMORYERROR           0005f500   00000040  00000040  00000000  RWIX
  ROMWAITSTATE          0005f540   00000002  00000002  00000000  RWIX
  FLASH_CTRL            0005f800   00000300  00000182  0000017e  RWIX
  FLASH_ECC             0005fb00   00000040  00000028  00000018  RWIX
  DCSM_OTP_Z1           00078800   00000020  0000001a  00000006  RWIX
  DCSM_OTP_Z2           00078900   00000020  0000001a  00000006  RWIX


SECTION ALLOCATION MAP

 output                                  attributes/
section   page    origin      length       input sections
--------  ----  ----------  ----------   ----------------
.cinit     0    00082254    000000da     
                  00082254    00000026     rts2800_fpu32.lib : defs.c.obj (.cinit:__ftable)
                  0008227a    0000001b                       : host_device.c.obj (.cinit:__device)
                  00082295    00000014     DataLogging.obj (.cinit)
                  000822a9    00000014     TargetA_COMM.obj (.cinit)
                  000822bd    00000014     TargetB_COMM.obj (.cinit)
                  000822d1    00000014     TargetD_COMM.obj (.cinit)
                  000822e5    0000000e     rts2800_fpu32.lib : host_device.c.obj (.cinit:__stream)
                  000822f3    0000000e                       : exit.c.obj (.cinit)
                  00082301    00000009     MAIN_CPU1.obj (.cinit)
                  0008230a    00000005     rts2800_fpu32.lib : _lock.c.obj (.cinit:__lock)
                  0008230f    00000005                       : _lock.c.obj (.cinit:__unlock)
                  00082314    00000004     Target_Management.obj (.cinit)
                  00082318    00000004     rts2800_fpu32.lib : defs.c.obj (.cinit)
                  0008231c    00000004                       : errno.c.obj (.cinit)
                  00082320    00000004                       : fopen.c.obj (.cinit)
                  00082324    00000004                       : memory.c.obj (.cinit)
                  00082328    00000004                       : open.c.obj (.cinit)
                  0008232c    00000002     --HOLE-- [fill = 0]

.pinit     0    00082000    00000000     UNINITIALIZED

codestart 
*          0    00080000    00000002     
                  00080000    00000002     F2837xD_CodeStartBranch.obj (codestart)

.switch    0    00082000    00000254     
                  00082000    000000f4     modbusC_485.obj (.switch:_MODBUS_FUNC_23_C)
                  000820f4    000000c4     modbusC_485.obj (.switch:_MODBUS_FUNC_4_C)
                  000821b8    00000030     modbusC_485.obj (.switch:_MODBUS_FUNC_16_C)
                  000821e8    00000030     modbusC_485.obj (.switch:_MODBUS_FUNC_6_C)
                  00082218    00000024     Target_Management.obj (.switch:_TargetCommParsing)
                  0008223c    00000018     Target_Management.obj (.switch:_ElectricalRequirementTest)

ramfuncs   0    00086000    00000f5d     RUN ADDR = 00008000
                  00086000    00000908     Target_Management.obj (ramfuncs)
                  00086908    000001c7     modbusC_485.obj (ramfuncs)
                  00086acf    00000196     MAIN_CPU1.obj (ramfuncs)
                  00086c65    000000d3     TargetA_COMM.obj (ramfuncs)
                  00086d38    000000d3     TargetB_COMM.obj (ramfuncs)
                  00086e0b    000000d3     TargetD_COMM.obj (ramfuncs)
                  00086ede    0000004f     MAIN_CPU1.obj (ramfuncs:retain)
                  00086f2d    0000002c     F2837xD_SysCtrl.obj (ramfuncs)
                  00086f59    00000004     F2837xD_usDelay.obj (ramfuncs)

.stack     1    00000400    00000100     UNINITIALIZED
                  00000400    00000100     --HOLE--

.esysmem   1    0000a800    00000400     UNINITIALIZED
                  0000a800    00000004     rts2800_fpu32.lib : memory.c.obj (.esysmem)
                  0000a804    000003fc     --HOLE--

.reset     0    003fffc0    00000002     DSECT
                  003fffc0    00000002     rts2800_fpu32.lib : boot28.asm.obj (.reset)

.text.1    0    00082330    00001cd0     
                  00082330    00000e26     modbusC_485.obj (.text)
                  00083156    00000ce4     rts2800_fpu32.lib : _printfi.c.obj (.text)
                  00083e3a    000001c5     MAIN_CPU1.obj (.text)
                  00083fff    00000001     DAC_Config_F28377.obj (.text)

.text.2    0    00084000    00002000     
                  00084000    0000058f     F2837xD_DefaultISR.obj (.text:retain)
                  0008458f    0000045e     Epwm_Config.obj (.text)
                  000849ed    000003e1     dCAN_API.obj (.text)
                  00084dce    000002b8     F2837xD_SysCtrl.obj (.text)
                  00085086    0000028c     rts2800_fpu32.lib : memory.c.obj (.text)
                  00085312    00000260     ADC_Config_F28377.obj (.text)
                  00085572    000001fb     F2837xD_Mcbsp.obj (.text)
                  0008576d    000001b7     F2837xD_Gpio.obj (.text)
                  00085924    00000191     interrupt.obj (.text)
                  00085ab5    00000160     Target_Management.obj (.text)
                  00085c15    00000157     ECap_Config.obj (.text)
                  00085d6c    00000143     GPIO_2837xD.obj (.text)
                  00085eaf    00000121     rts2800_fpu32.lib : fopen.c.obj (.text)
                  00085fd0    00000030                       : _ltoa.c.obj (.text)

.text.3    0    00086f60    0000109f     
                  00086f60    00000107     rts2800_fpu32.lib : ll_div28.asm.obj (.text)
                  00087067    000000e3     DSP_28377_SETUP_cpu1.obj (.text)
                  0008714a    000000cb     dCAN.obj (.text)
                  00087215    000000c3     dCAN_Config.obj (.text)
                  000872d8    000000ae     TargetA_COMM.obj (.text)
                  00087386    000000ae     TargetB_COMM.obj (.text)
                  00087434    000000ae     TargetD_COMM.obj (.text)
                  000874e2    000000ae     dCAN.obj (.text:retain)
                  00087590    000000ae     rts2800_fpu32.lib : s_scalbn.c.obj (.text)
                  0008763e    000000a8                       : fputs.c.obj (.text)
                  000876e6    000000a5     F2837xD_Ipc.obj (.text)
                  0008778b    0000009c     rts2800_fpu32.lib : fd_add28.asm.obj (.text)
                  00087827    00000001                       : startup.c.obj (.text)
                  00087828    00000095                       : trgmsg.c.obj (.text)
                  000878bd    0000008b                       : fd_div28.asm.obj (.text)
                  00087948    00000085     Comp_Config.obj (.text)
                  000879cd    00000083     rts2800_fpu32.lib : fd_mpy28.asm.obj (.text)
                  00087a50    0000007d                       : setvbuf.c.obj (.text)
                  00087acd    00000073                       : fflush.c.obj (.text)
                  00087b40    00000072     F2837xD_Gpio.obj (.text:retain)
                  00087bb2    00000071     rts2800_fpu32.lib : open.c.obj (.text)
                  00087c23    00000067                       : _io_perm.c.obj (.text)
                  00087c8a    0000005f     F2837xD_ECap.obj (.text)
                  00087ce9    0000005e     F2837xD_CpuTimers.obj (.text)
                  00087d47    0000005d     rts2800_fpu32.lib : fclose.c.obj (.text)
                  00087da4    0000005b                       : hostlseek.c.obj (.text)
                  00087dff    0000005a                       : s_frexp.c.obj (.text)
                  00087e59    00000059     TimeBaseSystem.obj (.text)
                  00087eb2    00000056     rts2800_fpu32.lib : boot28.asm.obj (.text)
                  00087f08    00000053                       : fputc.c.obj (.text)
                  00087f5b    00000051                       : getdevice.c.obj (.text)
                  00087fac    0000003e                       : hostrename.c.obj (.text)
                  00087fea    00000015                       : strncpy.c.obj (.text)

.text.4    0    00088000    000004cc     
                  00088000    0000003d     rts2800_fpu32.lib : fseek.c.obj (.text)
                  0008803d    0000003c                       : hostopen.c.obj (.text)
                  00088079    00000039                       : hostwrite.c.obj (.text)
                  000880b2    00000038                       : hostread.c.obj (.text)
                  000880ea    00000034                       : printf.c.obj (.text)
                  0008811e    00000033                       : close.c.obj (.text)
                  00088151    00000031                       : atoi.c.obj (.text)
                  00088182    0000002a                       : fd_cmp28.asm.obj (.text)
                  000881ac    0000002a                       : l_div28.asm.obj (.text)
                  000881d6    00000029                       : exit.c.obj (.text)
                  000881ff    00000029                       : hostclose.c.obj (.text)
                  00088228    00000028     F2837xD_PieCtrl.obj (.text)
                  00088250    00000025     rts2800_fpu32.lib : s_copysign.c.obj (.text)
                  00088275    00000024                       : cpy_tbl.c.obj (.text)
                  00088299    00000024                       : hostunlink.c.obj (.text)
                  000882bd    00000022                       : i_div28.asm.obj (.text)
                  000882df    00000021                       : fd_toi28.asm.obj (.text)
                  00088300    0000001f                       : fd_tol28.asm.obj (.text)
                  0008831f    0000001e                       : ll_cmp28.asm.obj (.text)
                  0008833d    0000001d                       : i_tofd28.asm.obj (.text)
                  0008835a    0000001d                       : memcpy.c.obj (.text)
                  00088377    0000001c                       : fs_tofdfpu32.asm.obj (.text)
                  00088393    0000001c                       : l_tofd28.asm.obj (.text)
                  000883af    00000019                       : unlink.c.obj (.text)
                  000883c8    00000019                       : write.c.obj (.text)
                  000883e1    00000018                       : ll_aox28.asm.obj (.text)
                  000883f9    00000018                       : lseek.c.obj (.text)
                  00088411    00000012     F2837xD_PieVect.obj (.text)
                  00088423    00000012     rts2800_fpu32.lib : args_main.c.obj (.text)
                  00088435    00000010                       : memccpy.c.obj (.text)
                  00088445    0000000f     interrupt.obj (.text:retain)
                  00088454    0000000e     rts2800_fpu32.lib : fd_sub28.asm.obj (.text)
                  00088462    0000000d                       : memchr.c.obj (.text)
                  0008846f    0000000c                       : strchr.c.obj (.text)
                  0008847b    0000000b                       : u_div28.asm.obj (.text)
                  00088486    0000000a                       : strcmp.c.obj (.text)
                  00088490    00000009                       : _lock.c.obj (.text)
                  00088499    00000009                       : fd_neg28.asm.obj (.text)
                  000884a2    00000009                       : wcslen.c.obj (.text)
                  000884ab    00000008     F2837xD_CodeStartBranch.obj (.text)
                  000884b3    00000008     rts2800_fpu32.lib : strlen.c.obj (.text)
                  000884bb    00000007                       : memset.c.obj (.text)
                  000884c2    00000005                       : strcpy.c.obj (.text)
                  000884c7    00000003                       : remove.c.obj (.text)
                  000884ca    00000002                       : pre_init.c.obj (.text)

.econst    0    00090000    00000a32     
                  00090000    00000414     Target_Management.obj (.econst:.string)
                  00090414    000001c0     F2837xD_PieVect.obj (.econst:_PieVectTableInit)
                  000905d4    00000101     rts2800_fpu32.lib : ctype.c.obj (.econst:.string:__ctypes_)
                  000906d5    00000100     modbusC_485.obj (.econst:.string:_cbCRCHi_C)
                  000907d5    00000100     modbusC_485.obj (.econst:.string:_cbCRCLo_C)
                  000908d5    0000009c     MAIN_CPU1.obj (.econst:_SET)
                  00090971    00000042     Target_Management.obj (.econst:_SMK_SET)
                  000909b3    00000001     MAIN_CPU1.obj (.econst)
                  000909b4    00000026     rts2800_fpu32.lib : _printfi.c.obj (.econst:.string)
                  000909da    0000001c                       : _printfi.c.obj (.econst)
                  000909f6    0000001c                       : s_scalbn.c.obj (.econst)
                  00090a12    0000000c     MAIN_CPU1.obj (.econst:_ADC_GAIN)
                  00090a1e    00000009     dCAN_API.obj (.econst:_g_ui16CANBitValues)
                  00090a27    00000001     --HOLE-- [fill = 0]
                  00090a28    00000008     rts2800_fpu32.lib : s_frexp.c.obj (.econst)
                  00090a30    00000002                       : fputs.c.obj (.econst:.string)

AdcaResultFile 
*          1    00000b00    00000018     UNINITIALIZED
                  00000b00    00000018     F2837xD_GlobalVariableDefs.obj (AdcaResultFile)

AdcbResultFile 
*          1    00000b20    00000018     UNINITIALIZED
                  00000b20    00000018     F2837xD_GlobalVariableDefs.obj (AdcbResultFile)

AdccResultFile 
*          1    00000b40    00000018     UNINITIALIZED
                  00000b40    00000018     F2837xD_GlobalVariableDefs.obj (AdccResultFile)

AdcdResultFile 
*          1    00000b60    00000018     UNINITIALIZED
                  00000b60    00000018     F2837xD_GlobalVariableDefs.obj (AdcdResultFile)

CpuTimer0RegsFile 
*          1    00000c00    00000008     UNINITIALIZED
                  00000c00    00000008     F2837xD_GlobalVariableDefs.obj (CpuTimer0RegsFile)

CpuTimer1RegsFile 
*          1    00000c08    00000008     UNINITIALIZED
                  00000c08    00000008     F2837xD_GlobalVariableDefs.obj (CpuTimer1RegsFile)

CpuTimer2RegsFile 
*          1    00000c10    00000008     UNINITIALIZED
                  00000c10    00000008     F2837xD_GlobalVariableDefs.obj (CpuTimer2RegsFile)

PieCtrlRegsFile 
*          1    00000ce0    0000001a     UNINITIALIZED
                  00000ce0    0000001a     F2837xD_GlobalVariableDefs.obj (PieCtrlRegsFile)

DmaRegsFile 
*          1    00001000    000000e0     UNINITIALIZED
                  00001000    000000e0     F2837xD_GlobalVariableDefs.obj (DmaRegsFile)

Cla1RegsFile 
*          1    00001400    00000040     UNINITIALIZED
                  00001400    00000040     F2837xD_GlobalVariableDefs.obj (Cla1RegsFile)

EPwm1RegsFile 
*          1    00004000    00000100     UNINITIALIZED
                  00004000    00000100     F2837xD_GlobalVariableDefs.obj (EPwm1RegsFile)

EPwm2RegsFile 
*          1    00004100    00000100     UNINITIALIZED
                  00004100    00000100     F2837xD_GlobalVariableDefs.obj (EPwm2RegsFile)

EPwm3RegsFile 
*          1    00004200    00000100     UNINITIALIZED
                  00004200    00000100     F2837xD_GlobalVariableDefs.obj (EPwm3RegsFile)

EPwm4RegsFile 
*          1    00004300    00000100     UNINITIALIZED
                  00004300    00000100     F2837xD_GlobalVariableDefs.obj (EPwm4RegsFile)

EPwm5RegsFile 
*          1    00004400    00000100     UNINITIALIZED
                  00004400    00000100     F2837xD_GlobalVariableDefs.obj (EPwm5RegsFile)

EPwm6RegsFile 
*          1    00004500    00000100     UNINITIALIZED
                  00004500    00000100     F2837xD_GlobalVariableDefs.obj (EPwm6RegsFile)

EPwm7RegsFile 
*          1    00004600    00000100     UNINITIALIZED
                  00004600    00000100     F2837xD_GlobalVariableDefs.obj (EPwm7RegsFile)

EPwm8RegsFile 
*          1    00004700    00000100     UNINITIALIZED
                  00004700    00000100     F2837xD_GlobalVariableDefs.obj (EPwm8RegsFile)

EPwm9RegsFile 
*          1    00004800    00000100     UNINITIALIZED
                  00004800    00000100     F2837xD_GlobalVariableDefs.obj (EPwm9RegsFile)

EPwm10RegsFile 
*          1    00004900    00000100     UNINITIALIZED
                  00004900    00000100     F2837xD_GlobalVariableDefs.obj (EPwm10RegsFile)

EPwm11RegsFile 
*          1    00004a00    00000100     UNINITIALIZED
                  00004a00    00000100     F2837xD_GlobalVariableDefs.obj (EPwm11RegsFile)

EPwm12RegsFile 
*          1    00004b00    00000100     UNINITIALIZED
                  00004b00    00000100     F2837xD_GlobalVariableDefs.obj (EPwm12RegsFile)

ECap1RegsFile 
*          1    00005000    00000020     UNINITIALIZED
                  00005000    00000020     F2837xD_GlobalVariableDefs.obj (ECap1RegsFile)

ECap2RegsFile 
*          1    00005020    00000020     UNINITIALIZED
                  00005020    00000020     F2837xD_GlobalVariableDefs.obj (ECap2RegsFile)

ECap3RegsFile 
*          1    00005040    00000020     UNINITIALIZED
                  00005040    00000020     F2837xD_GlobalVariableDefs.obj (ECap3RegsFile)

ECap4RegsFile 
*          1    00005060    00000020     UNINITIALIZED
                  00005060    00000020     F2837xD_GlobalVariableDefs.obj (ECap4RegsFile)

ECap5RegsFile 
*          1    00005080    00000020     UNINITIALIZED
                  00005080    00000020     F2837xD_GlobalVariableDefs.obj (ECap5RegsFile)

ECap6RegsFile 
*          1    000050a0    00000020     UNINITIALIZED
                  000050a0    00000020     F2837xD_GlobalVariableDefs.obj (ECap6RegsFile)

EQep1RegsFile 
*          1    00005100    00000022     UNINITIALIZED
                  00005100    00000022     F2837xD_GlobalVariableDefs.obj (EQep1RegsFile)

EQep2RegsFile 
*          1    00005140    00000022     UNINITIALIZED
                  00005140    00000022     F2837xD_GlobalVariableDefs.obj (EQep2RegsFile)

EQep3RegsFile 
*          1    00005180    00000022     UNINITIALIZED
                  00005180    00000022     F2837xD_GlobalVariableDefs.obj (EQep3RegsFile)

DacaRegsFile 
*          1    00005c00    00000008     UNINITIALIZED
                  00005c00    00000008     F2837xD_GlobalVariableDefs.obj (DacaRegsFile)

DacbRegsFile 
*          1    00005c10    00000008     UNINITIALIZED
                  00005c10    00000008     F2837xD_GlobalVariableDefs.obj (DacbRegsFile)

DaccRegsFile 
*          1    00005c20    00000008     UNINITIALIZED
                  00005c20    00000008     F2837xD_GlobalVariableDefs.obj (DaccRegsFile)

Sdfm1RegsFile 
*          1    00005e00    00000080     UNINITIALIZED
                  00005e00    00000080     F2837xD_GlobalVariableDefs.obj (Sdfm1RegsFile)

Sdfm2RegsFile 
*          1    00005e80    00000080     UNINITIALIZED
                  00005e80    00000080     F2837xD_GlobalVariableDefs.obj (Sdfm2RegsFile)

McbspaRegsFile 
*          1    00006000    00000024     UNINITIALIZED
                  00006000    00000024     F2837xD_GlobalVariableDefs.obj (McbspaRegsFile)

McbspbRegsFile 
*          1    00006040    00000024     UNINITIALIZED
                  00006040    00000024     F2837xD_GlobalVariableDefs.obj (McbspbRegsFile)

SpiaRegsFile 
*          1    00006100    00000010     UNINITIALIZED
                  00006100    00000010     F2837xD_GlobalVariableDefs.obj (SpiaRegsFile)

SpibRegsFile 
*          1    00006110    00000010     UNINITIALIZED
                  00006110    00000010     F2837xD_GlobalVariableDefs.obj (SpibRegsFile)

SpicRegsFile 
*          1    00006120    00000010     UNINITIALIZED
                  00006120    00000010     F2837xD_GlobalVariableDefs.obj (SpicRegsFile)

SpidRegsFile 
*          1    00006130    00000010     UNINITIALIZED
                  00006130    00000010     F2837xD_GlobalVariableDefs.obj (SpidRegsFile)

UppRegsFile 
*          1    00006200    00000048     UNINITIALIZED
                  00006200    00000048     F2837xD_GlobalVariableDefs.obj (UppRegsFile)

WdRegsFile 
*          1    00007000    0000002b     UNINITIALIZED
                  00007000    0000002b     F2837xD_GlobalVariableDefs.obj (WdRegsFile)

NmiIntruptRegsFile 
*          1    00007060    00000007     UNINITIALIZED
                  00007060    00000007     F2837xD_GlobalVariableDefs.obj (NmiIntruptRegsFile)

XintRegsFile 
*          1    00007070    0000000b     UNINITIALIZED
                  00007070    0000000b     F2837xD_GlobalVariableDefs.obj (XintRegsFile)

SciaRegsFile 
*          1    00007200    00000010     UNINITIALIZED
                  00007200    00000010     F2837xD_GlobalVariableDefs.obj (SciaRegsFile)

ScibRegsFile 
*          1    00007210    00000010     UNINITIALIZED
                  00007210    00000010     F2837xD_GlobalVariableDefs.obj (ScibRegsFile)

ScicRegsFile 
*          1    00007220    00000010     UNINITIALIZED
                  00007220    00000010     F2837xD_GlobalVariableDefs.obj (ScicRegsFile)

ScidRegsFile 
*          1    00007230    00000010     UNINITIALIZED
                  00007230    00000010     F2837xD_GlobalVariableDefs.obj (ScidRegsFile)

I2caRegsFile 
*          1    00007300    00000022     UNINITIALIZED
                  00007300    00000022     F2837xD_GlobalVariableDefs.obj (I2caRegsFile)

I2cbRegsFile 
*          1    00007340    00000022     UNINITIALIZED
                  00007340    00000022     F2837xD_GlobalVariableDefs.obj (I2cbRegsFile)

TrigRegsFile 
*          1    00007900    00000046     UNINITIALIZED
                  00007900    00000046     F2837xD_GlobalVariableDefs.obj (TrigRegsFile)

DmaClaSrcSelRegsFile 
*          1    00007980    0000001a     UNINITIALIZED
                  00007980    0000001a     F2837xD_GlobalVariableDefs.obj (DmaClaSrcSelRegsFile)

EPwmXbarRegsFile 
*          1    00007a00    00000040     UNINITIALIZED
                  00007a00    00000040     F2837xD_GlobalVariableDefs.obj (EPwmXbarRegsFile)

GpioOutXbarRegsFile 
*          1    00007a80    00000040     UNINITIALIZED
                  00007a80    00000040     F2837xD_GlobalVariableDefs.obj (GpioOutXbarRegsFile)

GpioCtrlRegsFile 
*          1    00007c00    00000180     UNINITIALIZED
                  00007c00    00000180     F2837xD_GlobalVariableDefs.obj (GpioCtrlRegsFile)

GpioDataRegsFile 
*          1    00007f00    00000030     UNINITIALIZED
                  00007f00    00000030     F2837xD_GlobalVariableDefs.obj (GpioDataRegsFile)

SHARERAMGS2 
*          1    0000e000    000000de     UNINITIALIZED
                  0000e000    000000de     MAIN_CPU1.obj (SHARERAMGS2)

SHARERAMGS4 
*          1    00010000    000004c6     UNINITIALIZED
                  00010000    000004c6     MAIN_CPU1.obj (SHARERAMGS4)

PUTBUFFER 
*          1    0003fc00    00000080     UNINITIALIZED
                  0003fc00    00000080     F2837xD_Ipc_Driver.obj (PUTBUFFER)

PUTWRITEIDX 
*          1    0003fc80    00000004     UNINITIALIZED
                  0003fc80    00000004     F2837xD_Ipc_Driver.obj (PUTWRITEIDX)

GETREADIDX 
*          1    0003fc84    00000004     UNINITIALIZED
                  0003fc84    00000004     F2837xD_Ipc_Driver.obj (GETREADIDX)

GETBUFFER 
*          0    0003f800    00000080     DSECT
                  0003f800    00000080     F2837xD_Ipc_Driver.obj (GETBUFFER)

GETWRITEIDX 
*          0    0003f880    00000004     DSECT
                  0003f880    00000004     F2837xD_Ipc_Driver.obj (GETWRITEIDX)

PUTREADIDX 
*          0    0003f884    00000004     DSECT
                  0003f884    00000004     F2837xD_Ipc_Driver.obj (PUTREADIDX)

PieVectTableFile 
*          1    00000d00    000001c0     UNINITIALIZED
                  00000d00    000001c0     F2837xD_GlobalVariableDefs.obj (PieVectTableFile)

EmuKeyVar 
*          1    00000d00    00000001     UNINITIALIZED
                  00000d00    00000001     F2837xD_GlobalVariableDefs.obj (EmuKeyVar)

EmuBModeVar 
*          1    00000d01    00000001     UNINITIALIZED
                  00000d01    00000001     F2837xD_GlobalVariableDefs.obj (EmuBModeVar)

FlashCallbackVar 
*          1    00000d02    00000000     UNINITIALIZED

FlashScalingVar 
*          1    00000d02    00000000     UNINITIALIZED

AdcaRegsFile 
*          1    00007400    00000080     UNINITIALIZED
                  00007400    00000080     F2837xD_GlobalVariableDefs.obj (AdcaRegsFile)

AdcbRegsFile 
*          1    00007480    00000080     UNINITIALIZED
                  00007480    00000080     F2837xD_GlobalVariableDefs.obj (AdcbRegsFile)

AdccRegsFile 
*          1    00007500    00000080     UNINITIALIZED
                  00007500    00000080     F2837xD_GlobalVariableDefs.obj (AdccRegsFile)

AdcdRegsFile 
*          1    00007580    00000080     UNINITIALIZED
                  00007580    00000080     F2837xD_GlobalVariableDefs.obj (AdcdRegsFile)

AnalogSubsysRegsFile 
*          1    0005d180    00000048     UNINITIALIZED
                  0005d180    00000048     F2837xD_GlobalVariableDefs.obj (AnalogSubsysRegsFile)

Cla1SoftIntRegsFile 
*          1    00000ce0    00000004     DSECT
                  00000ce0    00000004     F2837xD_GlobalVariableDefs.obj (Cla1SoftIntRegsFile)

Cmpss1RegsFile 
*          1    00005c80    00000020     UNINITIALIZED
                  00005c80    00000020     F2837xD_GlobalVariableDefs.obj (Cmpss1RegsFile)

Cmpss2RegsFile 
*          1    00005ca0    00000020     UNINITIALIZED
                  00005ca0    00000020     F2837xD_GlobalVariableDefs.obj (Cmpss2RegsFile)

Cmpss3RegsFile 
*          1    00005cc0    00000020     UNINITIALIZED
                  00005cc0    00000020     F2837xD_GlobalVariableDefs.obj (Cmpss3RegsFile)

Cmpss4RegsFile 
*          1    00005ce0    00000020     UNINITIALIZED
                  00005ce0    00000020     F2837xD_GlobalVariableDefs.obj (Cmpss4RegsFile)

Cmpss5RegsFile 
*          1    00005d00    00000020     UNINITIALIZED
                  00005d00    00000020     F2837xD_GlobalVariableDefs.obj (Cmpss5RegsFile)

Cmpss6RegsFile 
*          1    00005d20    00000020     UNINITIALIZED
                  00005d20    00000020     F2837xD_GlobalVariableDefs.obj (Cmpss6RegsFile)

Cmpss7RegsFile 
*          1    00005d40    00000020     UNINITIALIZED
                  00005d40    00000020     F2837xD_GlobalVariableDefs.obj (Cmpss7RegsFile)

Cmpss8RegsFile 
*          1    00005d60    00000020     UNINITIALIZED
                  00005d60    00000020     F2837xD_GlobalVariableDefs.obj (Cmpss8RegsFile)

Emif1RegsFile 
*          1    00047000    00000070     UNINITIALIZED
                  00047000    00000070     F2837xD_GlobalVariableDefs.obj (Emif1RegsFile)

Emif2RegsFile 
*          1    00047800    00000070     UNINITIALIZED
                  00047800    00000070     F2837xD_GlobalVariableDefs.obj (Emif2RegsFile)

DcanaRegsFile 
*          1    00048000    00000200     UNINITIALIZED
                  00048000    00000200     F2837xD_GlobalVariableDefs.obj (DcanaRegsFile)

DcanbRegsFile 
*          1    0004a000    00000200     UNINITIALIZED
                  0004a000    00000200     F2837xD_GlobalVariableDefs.obj (DcanbRegsFile)

IpcRegsFile 
*          1    00050000    00000026     UNINITIALIZED
                  00050000    00000026     F2837xD_GlobalVariableDefs.obj (IpcRegsFile)

DevCfgRegsFile 
*          1    0005d000    0000012e     UNINITIALIZED
                  0005d000    0000012e     F2837xD_GlobalVariableDefs.obj (DevCfgRegsFile)

ClkCfgRegsFile 
*          1    0005d200    00000032     UNINITIALIZED
                  0005d200    00000032     F2837xD_GlobalVariableDefs.obj (ClkCfgRegsFile)

CpuSysRegsFile 
*          1    0005d300    00000082     UNINITIALIZED
                  0005d300    00000082     F2837xD_GlobalVariableDefs.obj (CpuSysRegsFile)

HwbistRegsFile 
*          1    0005e000    000000a2     UNINITIALIZED
                  0005e000    000000a2     F2837xD_GlobalVariableDefs.obj (HwbistRegsFile)

PbistRegsFile 
*          1    0005e200    000001e6     UNINITIALIZED
                  0005e200    000001e6     F2837xD_GlobalVariableDefs.obj (PbistRegsFile)

RomPrefetchRegsFile 
*          1    0005e608    00000002     UNINITIALIZED
                  0005e608    00000002     F2837xD_GlobalVariableDefs.obj (RomPrefetchRegsFile)

DcsmRegsZ1File 
*          1    0005f000    00000024     UNINITIALIZED
                  0005f000    00000024     F2837xD_GlobalVariableDefs.obj (DcsmRegsZ1File)

DcsmRegsZ2File 
*          1    0005f040    00000024     UNINITIALIZED
                  0005f040    00000024     F2837xD_GlobalVariableDefs.obj (DcsmRegsZ2File)

DcsmRegsCommonFile 
*          1    0005f070    00000008     UNINITIALIZED
                  0005f070    00000008     F2837xD_GlobalVariableDefs.obj (DcsmRegsCommonFile)

MemCfgRegsFile 
*          1    0005f400    00000080     UNINITIALIZED
                  0005f400    00000080     F2837xD_GlobalVariableDefs.obj (MemCfgRegsFile)

Emif1ConfigRegsFile 
*          1    0005f480    00000020     UNINITIALIZED
                  0005f480    00000020     F2837xD_GlobalVariableDefs.obj (Emif1ConfigRegsFile)

Emif2ConfigRegsFile 
*          1    0005f4a0    00000020     UNINITIALIZED
                  0005f4a0    00000020     F2837xD_GlobalVariableDefs.obj (Emif2ConfigRegsFile)

AccessProtectionRegsFile 
*          1    0005f4c0    00000040     UNINITIALIZED
                  0005f4c0    00000040     F2837xD_GlobalVariableDefs.obj (AccessProtectionRegsFile)

MemoryErrorRegsFile 
*          1    0005f500    00000040     UNINITIALIZED
                  0005f500    00000040     F2837xD_GlobalVariableDefs.obj (MemoryErrorRegsFile)

RomWaitStateRegsFile 
*          1    0005f540    00000002     UNINITIALIZED
                  0005f540    00000002     F2837xD_GlobalVariableDefs.obj (RomWaitStateRegsFile)

FlashCtrlRegsFile 
*          1    0005f800    00000182     UNINITIALIZED
                  0005f800    00000182     F2837xD_GlobalVariableDefs.obj (FlashCtrlRegsFile)

FlashEccRegsFile 
*          1    0005fb00    00000028     UNINITIALIZED
                  0005fb00    00000028     F2837xD_GlobalVariableDefs.obj (FlashEccRegsFile)

DcsmOtpZ1File 
*          1    00078800    0000001a     UNINITIALIZED
                  00078800    0000001a     F2837xD_GlobalVariableDefs.obj (DcsmOtpZ1File)

DcsmOtpZ2File 
*          1    00078900    0000001a     UNINITIALIZED
                  00078900    0000001a     F2837xD_GlobalVariableDefs.obj (DcsmOtpZ2File)

.cio       1    00000500    00000120     UNINITIALIZED
                  00000500    00000120     rts2800_fpu32.lib : trgmsg.c.obj (.cio)

.ebss.1    1    0000ac00    00000400     UNINITIALIZED
                  0000ac00    000001f4     modbusC_485.obj (.ebss:_DATA_QUE_WR_C)
                  0000adf4    0000000c     MAIN_CPU1.obj (.ebss:_ADC_Avg)
                  0000ae00    000001f4     modbusC_485.obj (.ebss:_FUNC_QUE_C)
                  0000aff4    0000000c     MAIN_CPU1.obj (.ebss:_ADC_Result)

.ebss.2    1    0000c000    00001000     UNINITIALIZED
                  0000c000    0000082a     DataLogging.obj (.ebss)
                  0000c82a    00000013     modbusC_485.obj (.ebss)
                  0000c83d    00000001     F2837xD_Gpio.obj (.ebss)
                  0000c83e    00000002     Gpio_Ctrl.obj (.ebss)
                  0000c840    000001f4     modbusC_485.obj (.ebss:_ID_QUE_RD_C)
                  0000ca34    00000008     rts2800_fpu32.lib : hostopen.c.obj (.ebss:_parmbuf)
                  0000ca3c    00000004                       : memory.c.obj (.ebss)
                  0000ca40    000001f4     modbusC_485.obj (.ebss:_ID_QUE_WR_C)
                  0000cc34    00000008     dCAN_Config.obj (.ebss:_txbuff)
                  0000cc3c    00000002     rts2800_fpu32.lib : _lock.c.obj (.ebss:__lock)
                  0000cc3e    00000002                       : _lock.c.obj (.ebss:__unlock)
                  0000cc40    000001f4     modbusC_485.obj (.ebss:_MODT_BUFF_C)
                  0000ce34    00000006     TimeBaseSystem.obj (.ebss)
                  0000ce3a    00000006     TargetA_COMM.obj (.ebss:_maska)
                  0000ce40    000000c8     dCAN.obj (.ebss:_sRXCANMessageA)
                  0000cf08    00000028     rts2800_fpu32.lib : host_device.c.obj (.ebss:__stream)
                  0000cf30    00000010     dCAN_Config.obj (.ebss)
                  0000cf40    000000a8     Target_Management.obj (.ebss:_SmileKey)
                  0000cfe8    00000018     F2837xD_CpuTimers.obj (.ebss)

.ebss.3    1    0000d000    000007f5     UNINITIALIZED
                  0000d000    000001f4     modbusC_485.obj (.ebss:_NUM_QUE_RD_C)
                  0000d1f4    00000006     TargetB_COMM.obj (.ebss:_maskb)
                  0000d1fa    00000006     TargetD_COMM.obj (.ebss:_maskd)
                  0000d200    000001f4     modbusC_485.obj (.ebss:_NUM_QUE_WR_C)
                  0000d3f4    00000006     rts2800_fpu32.lib : exit.c.obj (.ebss)
                  0000d3fa    00000005     TargetA_COMM.obj (.ebss)
                  0000d3ff    00000001     rts2800_fpu32.lib : defs.c.obj (.ebss)
                  0000d400    000001f4     modbusC_485.obj (.ebss:_TRANSMIT_QUE_C)
                  0000d5f4    00000005     TargetB_COMM.obj (.ebss)
                  0000d5f9    00000005     TargetD_COMM.obj (.ebss)
                  0000d5fe    00000001     rts2800_fpu32.lib : errno.c.obj (.ebss)
                  0000d5ff    00000001                       : fopen.c.obj (.ebss)
                  0000d600    000001f4     modbusC_485.obj (.ebss:_mask_c)
                  0000d7f4    00000001     rts2800_fpu32.lib : open.c.obj (.ebss)

.ebss.4    1    0000d800    000001f4     UNINITIALIZED
                  0000d800    000001f4     modbusC_485.obj (.ebss:_wModData_C)

.ebss.5    1    0000da00    000000f8     UNINITIALIZED
                  0000da00    000000c8     dCAN.obj (.ebss:_sRXCANMessageB)
                  0000dac8    00000022     dCAN.obj (.ebss)
                  0000daea    0000000e     DSP_28377_SETUP_cpu1.obj (.ebss)

.ebss.6    1    0000db00    000000b9     UNINITIALIZED
                  0000db00    000000a0     dCAN_Config.obj (.ebss:_CAN_RXDA)
                  0000dba0    00000019     Target_Management.obj (.ebss)

.ebss.7    1    0000dbc0    000000b8     UNINITIALIZED
                  0000dbc0    000000a0     dCAN_Config.obj (.ebss:_CAN_RXDB)
                  0000dc60    00000018     MAIN_CPU1.obj (.ebss:_ADC_Buf)

.ebss.8    1    0000dc80    000000a0     UNINITIALIZED
                  0000dc80    000000a0     rts2800_fpu32.lib : defs.c.obj (.ebss:___TI_tmpnams)

.ebss.9    1    0000dd40    00000078     UNINITIALIZED
                  0000dd40    00000078     rts2800_fpu32.lib : defs.c.obj (.ebss:__ftable)

.ebss.10   1    0000ddc0    00000064     UNINITIALIZED
                  0000ddc0    00000064     TargetA_COMM.obj (.ebss:_IDA_QUE)

.ebss.11   1    0000de40    00000064     UNINITIALIZED
                  0000de40    00000064     TargetB_COMM.obj (.ebss:_IDB_QUE)

.ebss.12   1    0000dec0    00000064     UNINITIALIZED
                  0000dec0    00000064     TargetD_COMM.obj (.ebss:_IDD_QUE)

.ebss.13   1    0000df40    00000064     UNINITIALIZED
                  0000df40    00000064     TargetA_COMM.obj (.ebss:_RXA_QUE)

.ebss.14   1    00016000    00000064     UNINITIALIZED
                  00016000    00000064     TargetB_COMM.obj (.ebss:_RXB_QUE)

.ebss.15   1    00016080    00000064     UNINITIALIZED
                  00016080    00000064     TargetD_COMM.obj (.ebss:_RXD_QUE)

.ebss.16   1    00016100    00000064     UNINITIALIZED
                  00016100    00000064     TargetA_COMM.obj (.ebss:_TXA_QUE)

.ebss.17   1    00016180    00000064     UNINITIALIZED
                  00016180    00000064     TargetB_COMM.obj (.ebss:_TXB_QUE)

.ebss.18   1    00016200    00000064     UNINITIALIZED
                  00016200    00000064     TargetD_COMM.obj (.ebss:_TXD_QUE)

.ebss.19   1    00016280    00000048     UNINITIALIZED
                  00016280    00000048     rts2800_fpu32.lib : host_device.c.obj (.ebss:__device)

.ebss.20   1    00016300    00000044     UNINITIALIZED
                  00016300    00000044     MAIN_CPU1.obj (.ebss)

MODULE SUMMARY

       Module                           code    initialized data   uninitialized data
       ------                           ----    ----------------   ------------------
    .\
       MAIN_CPU1.obj                    1423    178                1560              
       DataLogging.obj                  0       20                 2090              
       DSP_28377_SETUP_cpu1.obj         227     0                  14                
       TimeBaseSystem.obj               89      0                  6                 
    +--+--------------------------------+-------+------------------+--------------------+
       Total:                           1739    198                3670              
                                                                                     
    .\Src-ADC\
       ADC_Config_F28377.obj            608     0                  0                 
    +--+--------------------------------+-------+------------------+--------------------+
       Total:                           608     0                  0                 
                                                                                     
    .\Src-CAN\
       dCAN_API.obj                     993     9                  0                 
       dCAN.obj                         377     0                  434               
       dCAN_Config.obj                  195     0                  344               
    +--+--------------------------------+-------+------------------+--------------------+
       Total:                           1565    9                  778               
                                                                                     
    .\Src-Capture\
       ECap_Config.obj                  343     0                  0                 
    +--+--------------------------------+-------+------------------+--------------------+
       Total:                           343     0                  0                 
                                                                                     
    .\Src-Comp\
       Comp_Config.obj                  133     0                  0                 
    +--+--------------------------------+-------+------------------+--------------------+
       Total:                           133     0                  0                 
                                                                                     
    .\Src-DAC\
       DAC_Config_F28377.obj            1       0                  0                 
    +--+--------------------------------+-------+------------------+--------------------+
       Total:                           1       0                  0                 
                                                                                     
    .\Src-Device_F2837x\
       F2837xD_GlobalVariableDefs.obj   0       0                  9725              
       F2837xD_DefaultISR.obj           1423    0                  0                 
       F2837xD_SysCtrl.obj              784     0                  0                 
       F2837xD_Gpio.obj                 553     0                  1                 
       F2837xD_Mcbsp.obj                507     0                  0                 
       F2837xD_PieVect.obj              18      448                0                 
       interrupt.obj                    416     0                  0                 
       F2837xD_Ipc.obj                  165     0                  0                 
       F2837xD_Ipc_Driver.obj           0       0                  136               
       F2837xD_CpuTimers.obj            94      0                  24                
       F2837xD_ECap.obj                 95      0                  0                 
       F2837xD_PieCtrl.obj              40      0                  0                 
       F2837xD_CodeStartBranch.obj      10      0                  0                 
       F2837xD_usDelay.obj              8       0                  0                 
    +--+--------------------------------+-------+------------------+--------------------+
       Total:                           4113    448                9886              
                                                                                     
    .\Src-EPWM\
       Epwm_Config.obj                  1118    0                  0                 
    +--+--------------------------------+-------+------------------+--------------------+
       Total:                           1118    0                  0                 
                                                                                     
    .\Src-GPIO\
       GPIO_2837xD.obj                  323     0                  0                 
       Gpio_Ctrl.obj                    0       0                  2                 
    +--+--------------------------------+-------+------------------+--------------------+
       Total:                           323     0                  2                 
                                                                                     
    .\Src-Modbus\
       modbusC_485.obj                  4532    1048               5019              
    +--+--------------------------------+-------+------------------+--------------------+
       Total:                           4532    1048               5019              
                                                                                     
    .\Src-TargetCommu\
       TargetA_COMM.obj                 596     20                 311               
       TargetB_COMM.obj                 596     20                 311               
       TargetD_COMM.obj                 596     20                 311               
    +--+--------------------------------+-------+------------------+--------------------+
       Total:                           1788    60                 933               
                                                                                     
    .\Src-Target_Management\
       Target_Management.obj            4976    1174               193               
    +--+--------------------------------+-------+------------------+--------------------+
       Total:                           4976    1174               193               
                                                                                     
    C:\ti\ccs1010\ccs\tools\compiler\ti-cgt-c2000_20.2.4.LTS\lib\rts2800_fpu32.lib
       _printfi.c.obj                   3300    66                 0                 
       memory.c.obj                     652     4                  4                 
       trgmsg.c.obj                     149     0                  288               
       defs.c.obj                       0       42                 281               
       fopen.c.obj                      289     4                  1                 
       ll_div28.asm.obj                 263     0                  0                 
       ctype.c.obj                      0       257                0                 
       s_scalbn.c.obj                   174     28                 0                 
       fputs.c.obj                      168     2                  0                 
       fd_add28.asm.obj                 156     0                  0                 
       host_device.c.obj                0       41                 112               
       fd_div28.asm.obj                 139     0                  0                 
       fd_mpy28.asm.obj                 131     0                  0                 
       setvbuf.c.obj                    125     0                  0                 
       open.c.obj                       113     4                  1                 
       fflush.c.obj                     115     0                  0                 
       _io_perm.c.obj                   103     0                  0                 
       s_frexp.c.obj                    90      8                  0                 
       fclose.c.obj                     93      0                  0                 
       hostlseek.c.obj                  91      0                  0                 
       boot28.asm.obj                   86      0                  0                 
       fputc.c.obj                      83      0                  0                 
       getdevice.c.obj                  81      0                  0                 
       hostopen.c.obj                   60      0                  8                 
       hostrename.c.obj                 62      0                  0                 
       exit.c.obj                       41      14                 6                 
       fseek.c.obj                      61      0                  0                 
       hostwrite.c.obj                  57      0                  0                 
       hostread.c.obj                   56      0                  0                 
       printf.c.obj                     52      0                  0                 
       close.c.obj                      51      0                  0                 
       atoi.c.obj                       49      0                  0                 
       _ltoa.c.obj                      48      0                  0                 
       fd_cmp28.asm.obj                 42      0                  0                 
       l_div28.asm.obj                  42      0                  0                 
       hostclose.c.obj                  41      0                  0                 
       s_copysign.c.obj                 37      0                  0                 
       cpy_tbl.c.obj                    36      0                  0                 
       hostunlink.c.obj                 36      0                  0                 
       i_div28.asm.obj                  34      0                  0                 
       fd_toi28.asm.obj                 33      0                  0                 
       fd_tol28.asm.obj                 31      0                  0                 
       ll_cmp28.asm.obj                 30      0                  0                 
       i_tofd28.asm.obj                 29      0                  0                 
       memcpy.c.obj                     29      0                  0                 
       fs_tofdfpu32.asm.obj             28      0                  0                 
       l_tofd28.asm.obj                 28      0                  0                 
       unlink.c.obj                     25      0                  0                 
       write.c.obj                      25      0                  0                 
       ll_aox28.asm.obj                 24      0                  0                 
       lseek.c.obj                      24      0                  0                 
       _lock.c.obj                      9       10                 4                 
       strncpy.c.obj                    21      0                  0                 
       args_main.c.obj                  18      0                  0                 
       memccpy.c.obj                    16      0                  0                 
       fd_sub28.asm.obj                 14      0                  0                 
       memchr.c.obj                     13      0                  0                 
       strchr.c.obj                     12      0                  0                 
       u_div28.asm.obj                  11      0                  0                 
       strcmp.c.obj                     10      0                  0                 
       fd_neg28.asm.obj                 9       0                  0                 
       wcslen.c.obj                     9       0                  0                 
       strlen.c.obj                     8       0                  0                 
       memset.c.obj                     7       0                  0                 
       errno.c.obj                      0       4                  1                 
       strcpy.c.obj                     5       0                  0                 
       remove.c.obj                     3       0                  0                 
       pre_init.c.obj                   2       0                  0                 
       startup.c.obj                    1       0                  0                 
    +--+--------------------------------+-------+------------------+--------------------+
       Total:                           7680    484                706               
                                                                                     
       Heap:                            0       0                  1024              
       Stack:                           0       0                  256               
    +--+--------------------------------+-------+------------------+--------------------+
       Grand Total:                     28919   3421               22467             


GLOBAL DATA SYMBOLS: SORTED BY DATA PAGE

address     data page           name
--------    ----------------    ----
00000400      10 (00000400)     __stack

00000500      14 (00000500)     __CIOBUF_

00000b00      2c (00000b00)     _AdcaResultRegs
00000b20      2c (00000b00)     _AdcbResultRegs

00000b40      2d (00000b40)     _AdccResultRegs
00000b60      2d (00000b40)     _AdcdResultRegs

00000c00      30 (00000c00)     _CpuTimer0Regs
00000c08      30 (00000c00)     _CpuTimer1Regs
00000c10      30 (00000c00)     _CpuTimer2Regs

00000ce0      33 (00000cc0)     _Cla1SoftIntRegs
00000ce0      33 (00000cc0)     _PieCtrlRegs

00000d00      34 (00000d00)     _EmuKey
00000d00      34 (00000d00)     _PieVectTable
00000d01      34 (00000d00)     _EmuBMode

00001000      40 (00001000)     _DmaRegs

00001400      50 (00001400)     _Cla1Regs

00004000     100 (00004000)     _EPwm1Regs

00004100     104 (00004100)     _EPwm2Regs

00004200     108 (00004200)     _EPwm3Regs

00004300     10c (00004300)     _EPwm4Regs

00004400     110 (00004400)     _EPwm5Regs

00004500     114 (00004500)     _EPwm6Regs

00004600     118 (00004600)     _EPwm7Regs

00004700     11c (00004700)     _EPwm8Regs

00004800     120 (00004800)     _EPwm9Regs

00004900     124 (00004900)     _EPwm10Regs

00004a00     128 (00004a00)     _EPwm11Regs

00004b00     12c (00004b00)     _EPwm12Regs

00005000     140 (00005000)     _ECap1Regs
00005020     140 (00005000)     _ECap2Regs

00005040     141 (00005040)     _ECap3Regs
00005060     141 (00005040)     _ECap4Regs

00005080     142 (00005080)     _ECap5Regs
000050a0     142 (00005080)     _ECap6Regs

00005100     144 (00005100)     _EQep1Regs

00005140     145 (00005140)     _EQep2Regs

00005180     146 (00005180)     _EQep3Regs

00005c00     170 (00005c00)     _DacaRegs
00005c10     170 (00005c00)     _DacbRegs
00005c20     170 (00005c00)     _DaccRegs

00005c80     172 (00005c80)     _Cmpss1Regs
00005ca0     172 (00005c80)     _Cmpss2Regs

00005cc0     173 (00005cc0)     _Cmpss3Regs
00005ce0     173 (00005cc0)     _Cmpss4Regs

00005d00     174 (00005d00)     _Cmpss5Regs
00005d20     174 (00005d00)     _Cmpss6Regs

00005d40     175 (00005d40)     _Cmpss7Regs
00005d60     175 (00005d40)     _Cmpss8Regs

00005e00     178 (00005e00)     _Sdfm1Regs

00005e80     17a (00005e80)     _Sdfm2Regs

00006000     180 (00006000)     _McbspaRegs

00006040     181 (00006040)     _McbspbRegs

00006100     184 (00006100)     _SpiaRegs
00006110     184 (00006100)     _SpibRegs
00006120     184 (00006100)     _SpicRegs
00006130     184 (00006100)     _SpidRegs

00006200     188 (00006200)     _UppRegs

00007000     1c0 (00007000)     _WdRegs

00007060     1c1 (00007040)     _NmiIntruptRegs
00007070     1c1 (00007040)     _XintRegs

00007200     1c8 (00007200)     _SciaRegs
00007210     1c8 (00007200)     _ScibRegs
00007220     1c8 (00007200)     _ScicRegs
00007230     1c8 (00007200)     _ScidRegs

00007300     1cc (00007300)     _I2caRegs

00007340     1cd (00007340)     _I2cbRegs

00007400     1d0 (00007400)     _AdcaRegs

00007480     1d2 (00007480)     _AdcbRegs

00007500     1d4 (00007500)     _AdccRegs

00007580     1d6 (00007580)     _AdcdRegs

00007900     1e4 (00007900)     _TrigRegs

00007980     1e6 (00007980)     _DmaClaSrcSelRegs

00007a00     1e8 (00007a00)     _EPwmXbarRegs

00007a80     1ea (00007a80)     _OutputXbarRegs

00007c00     1f0 (00007c00)     _GpioCtrlRegs

00007f00     1fc (00007f00)     _GpioDataRegs

0000a800     2a0 (0000a800)     __sys_memory

0000ac00     2b0 (0000ac00)     _DATA_QUE_WR_C

0000adf4     2b7 (0000adc0)     _ADC_Avg

0000ae00     2b8 (0000ae00)     _FUNC_QUE_C

0000aff4     2bf (0000afc0)     _ADC_Result

0000c000     300 (0000c000)     _dlog_status
0000c001     300 (0000c000)     _old_dlog_status
0000c002     300 (0000c000)     _timer_tick
0000c003     300 (0000c000)     _timer_sec
0000c004     300 (0000c000)     _timer_min
0000c005     300 (0000c000)     _flog_update
0000c006     300 (0000c000)     _block_num
0000c007     300 (0000c000)     _feedback_data_count
0000c008     300 (0000c000)     _fdata_load_end
0000c009     300 (0000c000)     _Flog_trigger

0000c040     301 (0000c040)     _logFeedback

0000c240     309 (0000c240)     _load_buffer

0000c440     311 (0000c440)     _logData

0000c82a     320 (0000c800)     _flag_RS485_receive_C
0000c82b     320 (0000c800)     _start_point_C
0000c82c     320 (0000c800)     _end_point_C
0000c82d     320 (0000c800)     _start_point_data_C
0000c82e     320 (0000c800)     _end_point_data_C
0000c82f     320 (0000c800)     _cnt_T3_5_C
0000c830     320 (0000c800)     _flag_rcv_frame_end_C
0000c831     320 (0000c800)     _bIdxModR_C
0000c832     320 (0000c800)     _bCntRespDelay_C
0000c833     320 (0000c800)     _Addrs_C
0000c834     320 (0000c800)     _wMb_control_data_C
0000c835     320 (0000c800)     _transmit_flag_C
0000c836     320 (0000c800)     _transmit_start_C
0000c837     320 (0000c800)     _transmit_end_C
0000c838     320 (0000c800)     _err_flag_C
0000c839     320 (0000c800)     _err_ID_C
0000c83a     320 (0000c800)     _err_Code_C
0000c83b     320 (0000c800)     _cnt_Reply_C
0000c83c     320 (0000c800)     _flag_RS485_data_new_C
0000c83e     320 (0000c800)     _GPtest

0000c840     321 (0000c840)     _ID_QUE_RD_C

0000ca34     328 (0000ca00)     _parmbuf

0000ca40     329 (0000ca40)     _ID_QUE_WR_C

0000cc34     330 (0000cc00)     _txbuff
0000cc3c     330 (0000cc00)     __lock
0000cc3e     330 (0000cc00)     __unlock

0000cc40     331 (0000cc40)     _MODT_BUFF_C

0000ce34     338 (0000ce00)     _CpuTimeCnt
0000ce35     338 (0000ce00)     _Tic10ms
0000ce36     338 (0000ce00)     _Tic100ms
0000ce37     338 (0000ce00)     _Tic50ms
0000ce38     338 (0000ce00)     _Tic1000ms
0000ce39     338 (0000ce00)     _TicControl
0000ce3a     338 (0000ce00)     _maska

0000ce40     339 (0000ce40)     _sRXCANMessageA

0000cf08     33c (0000cf00)     __stream
0000cf30     33c (0000cf00)     _CAN_TXDA
0000cf38     33c (0000cf00)     _CAN_TXDB

0000cf40     33d (0000cf40)     _SmileKey

0000cfe8     33f (0000cfc0)     _CpuTimer0
0000cff0     33f (0000cfc0)     _CpuTimer1
0000cff8     33f (0000cfc0)     _CpuTimer2

0000d000     340 (0000d000)     _NUM_QUE_RD_C

0000d1f4     347 (0000d1c0)     _maskb
0000d1fa     347 (0000d1c0)     _maskd

0000d200     348 (0000d200)     _NUM_QUE_WR_C

0000d3f4     34f (0000d3c0)     ___TI_enable_exit_profile_output
0000d3f6     34f (0000d3c0)     ___TI_cleanup_ptr
0000d3f8     34f (0000d3c0)     ___TI_dtors_ptr
0000d3fa     34f (0000d3c0)     _txa_flag
0000d3fb     34f (0000d3c0)     _txa_start
0000d3fc     34f (0000d3c0)     _txa_end
0000d3fd     34f (0000d3c0)     _rxa_end
0000d3fe     34f (0000d3c0)     _rxa_start
0000d3ff     34f (0000d3c0)     ___TI_ft_end

0000d400     350 (0000d400)     _TRANSMIT_QUE_C

0000d5f4     357 (0000d5c0)     _txb_flag
0000d5f5     357 (0000d5c0)     _txb_start
0000d5f6     357 (0000d5c0)     _txb_end
0000d5f7     357 (0000d5c0)     _rxb_end
0000d5f8     357 (0000d5c0)     _rxb_start
0000d5f9     357 (0000d5c0)     _txd_flag
0000d5fa     357 (0000d5c0)     _txd_start
0000d5fb     357 (0000d5c0)     _txd_end
0000d5fc     357 (0000d5c0)     _rxd_end
0000d5fd     357 (0000d5c0)     _rxd_start
0000d5fe     357 (0000d5c0)     _errno

0000d600     358 (0000d600)     _mask_c

0000d800     360 (0000d800)     _wModData_C

0000da00     368 (0000da00)     _sRXCANMessageB

0000dac8     36b (0000dac0)     __TxSize
0000dac9     36b (0000dac0)     __RxSize
0000daca     36b (0000dac0)     _OpCanCmd
0000dacb     36b (0000dac0)     _NewCMD
0000dacc     36b (0000dac0)     _CANCommCnt
0000dacd     36b (0000dac0)     _CanLive
0000dace     36b (0000dac0)     _errorFlag
0000dacf     36b (0000dac0)     _Testval
0000dad0     36b (0000dac0)     _rxCnt
0000dad1     36b (0000dac0)     _CAN_Statview
0000dad2     36b (0000dac0)     _CAN_errview
0000dad4     36b (0000dac0)     _MsgAddr
0000dad6     36b (0000dac0)     _sTXCANMessageA
0000dae0     36b (0000dac0)     _sTXCANMessageB
0000daea     36b (0000dac0)     _g_sIpcController1

0000db00     36c (0000db00)     _CAN_RXDA

0000dba0     36e (0000db80)     _AutoCal_Step
0000dba1     36e (0000db80)     _AutoAging_Step
0000dba2     36e (0000db80)     _tolerance_5V_min
0000dba3     36e (0000db80)     _tolerance_5V_max
0000dba4     36e (0000db80)     _tolerance_6V_min
0000dba5     36e (0000db80)     _tolerance_6V_max
0000dba6     36e (0000db80)     _tolerance_3_3V_min
0000dba7     36e (0000db80)     _tolerance_3_3V_max
0000dba8     36e (0000db80)     _tolerance_1_8V_min
0000dba9     36e (0000db80)     _tolerance_1_8V_max
0000dbaa     36e (0000db80)     _tolerance_Ir_min
0000dbab     36e (0000db80)     _tolerance_Ir_max
0000dbac     36e (0000db80)     _tolerance_Po_min
0000dbad     36e (0000db80)     _tolerance_Po_max
0000dbae     36e (0000db80)     _tolerance_Vbat_min
0000dbaf     36e (0000db80)     _tolerance_Vbat_max
0000dbb0     36e (0000db80)     _JigStatusInfo
0000dbb1     36e (0000db80)     _JigFaultInfo
0000dbb2     36e (0000db80)     _Term
0000dbb3     36e (0000db80)     _reTryCnt
0000dbb4     36e (0000db80)     _DebugTryCnt
0000dbb5     36e (0000db80)     _Step_Cali
0000dbb6     36e (0000db80)     _Step_Aging
0000dbb7     36e (0000db80)     _mon_result

0000dbc0     36f (0000dbc0)     _CAN_RXDB

0000dc60     371 (0000dc40)     _ADC_Buf

0000dc80     372 (0000dc80)     ___TI_tmpnams

0000dd40     375 (0000dd40)     __ftable

0000ddc0     377 (0000ddc0)     _IDA_QUE

0000de40     379 (0000de40)     _IDB_QUE

0000dec0     37b (0000dec0)     _IDD_QUE

0000df40     37d (0000df40)     _RXA_QUE

0000e000     380 (0000e000)     _C12

00010000     400 (00010000)     _C21

00016000     580 (00016000)     _RXB_QUE

00016080     582 (00016080)     _RXD_QUE

00016100     584 (00016100)     _TXA_QUE

00016180     586 (00016180)     _TXB_QUE

00016200     588 (00016200)     _TXD_QUE

00016280     58a (00016280)     __device

00016300     58c (00016300)     _wReturn
00016301     58c (00016300)     _Thermo
00016302     58c (00016300)     _RTC_Sec
00016303     58c (00016300)     _RTC_Min
00016304     58c (00016300)     _RTC_Hour
00016305     58c (00016300)     _RTC_Day
00016306     58c (00016300)     _RTC_Date
00016307     58c (00016300)     _RTC_Month
00016308     58c (00016300)     _RTC_Year
00016309     58c (00016300)     _SET_SS
0001630a     58c (00016300)     _SET_MM
0001630b     58c (00016300)     _SET_HH
0001630c     58c (00016300)     _SET_DY
0001630d     58c (00016300)     _SET_DD
0001630e     58c (00016300)     _SET_MN
0001630f     58c (00016300)     _SET_YY
00016310     58c (00016300)     _SET_RTC
00016311     58c (00016300)     _count_100msec
00016312     58c (00016300)     _count_10msec
00016313     58c (00016300)     _count_periodic
00016314     58c (00016300)     _TIMER_SEC
00016315     58c (00016300)     _TIMER_MIN
00016316     58c (00016300)     _TIMER_HOUR
00016317     58c (00016300)     _flag_LCD_alive
00016318     58c (00016300)     _A_upload_flag
00016319     58c (00016300)     _A_upload_count
0001631a     58c (00016300)     _B_upload_flag
0001631b     58c (00016300)     _B_upload_count
0001631c     58c (00016300)     _D_upload_flag
0001631d     58c (00016300)     _D_upload_count
0001631e     58c (00016300)     _cnt_waitsaveend
0001631f     58c (00016300)     _model
00016320     58c (00016300)     _My_Address
00016321     58c (00016300)     _system_status
00016322     58c (00016300)     _warning_status
00016323     58c (00016300)     _reset_flag
00016324     58c (00016300)     _adc_count
00016325     58c (00016300)     _dlog_tx_index
00016326     58c (00016300)     _flog_tx_index
00016327     58c (00016300)     _dlog_index
00016328     58c (00016300)     _flog_index
00016329     58c (00016300)     _block_addr
0001632a     58c (00016300)     _dlog_tx_flag
0001632b     58c (00016300)     _stop_comm
0001632c     58c (00016300)     _flog_tx_flag
0001632d     58c (00016300)     _BootFlag
0001632e     58c (00016300)     _bootcnt
0001632f     58c (00016300)     _delay_cnt
00016330     58c (00016300)     _reset_delay_cnt
00016331     58c (00016300)     _TestID_A
00016332     58c (00016300)     _TestData_A
00016333     58c (00016300)     _TestTx_A
00016334     58c (00016300)     _TestID_B
00016335     58c (00016300)     _TestData_B
00016336     58c (00016300)     _TestTx_B
00016337     58c (00016300)     _TestID_D
00016338     58c (00016300)     _TestData_D
00016339     58c (00016300)     _TestTx_D
0001633a     58c (00016300)     _flag_set_save1
0001633c     58c (00016300)     _flag_set_save2
0001633e     58c (00016300)     _flag_time_save

00016340     58d (00016340)     _Old_fault_status
00016342     58d (00016340)     _present_status

0003f800     fe0 (0003f800)     _g_asIPCCPU2toCPU1Buffers

0003f880     fe2 (0003f880)     _g_usGetWriteIndexes
0003f884     fe2 (0003f880)     _g_usPutReadIndexes

0003fc00     ff0 (0003fc00)     _g_asIPCCPU1toCPU2Buffers

0003fc80     ff2 (0003fc80)     _g_usPutWriteIndexes
0003fc84     ff2 (0003fc80)     _g_usGetReadIndexes

00047000    11c0 (00047000)     _Emif1Regs

00047800    11e0 (00047800)     _Emif2Regs

00048000    1200 (00048000)     _DcanaRegs

0004a000    1280 (0004a000)     _DcanbRegs

00050000    1400 (00050000)     _IpcRegs

0005d000    1740 (0005d000)     _DevCfgRegs

0005d180    1746 (0005d180)     _AnalogSubsysRegs

0005d200    1748 (0005d200)     _ClkCfgRegs

0005d300    174c (0005d300)     _CpuSysRegs

0005e000    1780 (0005e000)     _HwbistRegs

0005e200    1788 (0005e200)     _PbistRegs

0005e608    1798 (0005e600)     _RomPrefetchRegs

0005f000    17c0 (0005f000)     _DcsmZ1Regs

0005f040    17c1 (0005f040)     _DcsmZ2Regs
0005f070    17c1 (0005f040)     _DcsmCommonRegs

0005f400    17d0 (0005f400)     _MemCfgRegs

0005f480    17d2 (0005f480)     _Emif1ConfigRegs
0005f4a0    17d2 (0005f480)     _Emif2ConfigRegs

0005f4c0    17d3 (0005f4c0)     _AccessProtectionRegs

0005f500    17d4 (0005f500)     _MemoryErrorRegs

0005f540    17d5 (0005f540)     _RomWaitStateRegs

0005f800    17e0 (0005f800)     _FlashCtrlRegs

0005fb00    17ec (0005fb00)     _FlashEccRegs

00078800    1e20 (00078800)     _DcsmZ1Otp

00078900    1e24 (00078900)     _DcsmZ2Otp

00090414    2410 (00090400)     _PieVectTableInit

000905d4    2417 (000905c0)     __ctypes_

000906d5    241b (000906c0)     _cbCRCHi_C

000907d5    241f (000907c0)     _cbCRCLo_C

000908d5    2423 (000908c0)     _SET

00090971    2425 (00090940)     _SMK_SET

000909b3    2426 (00090980)     _REF_PO_GAIN

00090a12    2428 (00090a00)     _ADC_GAIN


GLOBAL SYMBOLS: SORTED ALPHABETICALLY BY Name 

page  address   name                            
----  -------   ----                            
abs   ffffffff  .text                           
0     000881d6  C$$EXIT                         
0     0008787b  C$$IO$$                         
0     0008778b  FD$$ADD                         
0     00088182  FD$$CMP                         
0     000878bd  FD$$DIV                         
0     000879cd  FD$$MPY                         
0     00088499  FD$$NEG                         
0     00088454  FD$$SUB                         
0     000882df  FD$$TOI                         
0     00088300  FD$$TOL                         
0     00088377  FS$$TOFD                        
0     000882bd  I$$DIV                          
0     000882ce  I$$MOD                          
0     0008833d  I$$TOFD                         
0     000881ac  L$$DIV                          
0     000881bb  L$$MOD                          
0     00088393  L$$TOFD                         
0     000883e1  LL$$AND                         
0     0008831f  LL$$CMP                         
0     00086f60  LL$$DIV                         
0     00086f9c  LL$$MOD                         
0     000883e9  LL$$OR                          
0     000883f1  LL$$XOR                         
0     0008847b  U$$DIV                          
0     00088480  U$$MOD                          
0     000881c9  UL$$DIV                         
0     000881d0  UL$$MOD                         
0     00088331  ULL$$CMP                        
0     00086fd6  ULL$$DIV                        
0     00087005  ULL$$MOD                        
0     00084585  _ADCA1_ISR                      
0     0008457b  _ADCA2_ISR                      
0     00084571  _ADCA3_ISR                      
0     00084567  _ADCA4_ISR                      
0     0008455d  _ADCA_EVT_ISR                   
0     00084553  _ADCB1_ISR                      
0     00084549  _ADCB2_ISR                      
0     0008453f  _ADCB3_ISR                      
0     00084535  _ADCB4_ISR                      
0     0008452b  _ADCB_EVT_ISR                   
0     00084521  _ADCC1_ISR                      
0     00084517  _ADCC2_ISR                      
0     0008450d  _ADCC3_ISR                      
0     00084503  _ADCC4_ISR                      
0     000844f9  _ADCC_EVT_ISR                   
0     000844ef  _ADCD1_ISR                      
0     000844e5  _ADCD2_ISR                      
0     000844db  _ADCD3_ISR                      
0     000844d1  _ADCD4_ISR                      
0     000844c7  _ADCD_EVT_ISR                   
1     0000adf4  _ADC_Avg                        
1     0000dc60  _ADC_Buf                        
0     00090a12  _ADC_GAIN                       
1     0000aff4  _ADC_Result                     
0     000844bd  _AUX_PLL_SLIP_ISR               
1     00016319  _A_upload_count                 
1     00016318  _A_upload_flag                  
1     0005f4c0  _AccessProtectionRegs           
0     00087755  _AckIpcFlag                     
0     00008f18  _AdcA_isr                       
0     00008bc0  _AdcAverage                     
0     00085358  _AdcChannelSel                  
0     00085530  _AdcInt_Cfg                     
0     00008b57  _AdcRead                        
0     00085473  _AdcSnHWindow                   
0     00085400  _AdcTrigSelect                  
1     00007400  _AdcaRegs                       
1     00000b00  _AdcaResultRegs                 
1     00007480  _AdcbRegs                       
1     00000b20  _AdcbResultRegs                 
1     00007500  _AdccRegs                       
1     00000b40  _AdccResultRegs                 
1     00007580  _AdcdRegs                       
1     00000b60  _AdcdResultRegs                 
1     0000c833  _Addrs_C                        
0     0000864a  _AgingTest                      
1     0005d180  _AnalogSubsysRegs               
0     00087211  _Array2WordCAN                  
1     0000dba1  _AutoAging_Step                 
1     0000dba0  _AutoCal_Step                   
0     00085ba1  _AutoConnectCheck               
0     00083f2f  _Auto_save                      
0     00084f8a  _AuxAuxClkSel                   
0     00084fa5  _AuxIntOsc2Sel                  
0     00084f94  _AuxXtalOscSel                  
1     0001631b  _B_upload_count                 
1     0001631a  _B_upload_flag                  
1     0001632d  _BootFlag                       
0     00087067  _BootingCPU2                    
1     0000e000  _C12                            
1     00010000  _C21                            
0     00084d5f  _CANBitRateSet                  
0     00084d41  _CANBitTimingGet                
0     00084d1c  _CANBitTimingSet                
0     00084cf9  _CANClkSourceSelect             
1     0000dacc  _CANCommCnt                     
0     00084cf4  _CANDisable                     
0     00084cee  _CANEnable                      
0     00084cda  _CANErrCntrGet                  
0     00084cd3  _CANGlobalIntClear              
0     00084ccc  _CANGlobalIntDisable            
0     00084cc3  _CANGlobalIntEnable             
0     00084cb8  _CANGlobalIntstatusGet          
0     00084c57  _CANInit                        
0     00084c36  _CANIntClear                    
0     00084c30  _CANIntDisable                  
0     00084c2b  _CANIntEnable                   
0     00084c1d  _CANIntRegister                 
0     00084c0f  _CANIntStatus                   
0     00084c04  _CANIntUnregister               
0     00084bd7  _CANMessageClear                
0     00084b21  _CANMessageGet                  
0     00084a35  _CANMessageSet                  
0     00084a1f  _CANRetryGet                    
0     00084a10  _CANRetrySet                    
0     000849f9  _CANStatusGet                   
[...]
0     00087e59  _Period_CpuTimer                
0     00087e6b  _Period_Control                 
0     00087e75  _Period_50ms                    
0     00087e7f  _Period_10ms                    
0     00087e89  _Period_100ms                   
0     00087e93  _Period_1000ms                  
0     00087e9d  _InitCpuTimer                   
0     00087eb2  _c_int00                        
0     00087f08  _fputc                          
0     00087f08  _putc                           
0     00087f56  _putchar                        
0     00087f5b  _finddevice                     
0     00087f76  _getdevice                      
0     00087fac  _HOSTrename                     
0     00087fea  _strncpy                        
0     00088000  _fseek                          
0     0008803d  _HOSTopen                       
0     00088079  _HOSTwrite                      
0     000880b2  _HOSTread                       
0     000880f0  _printf                         
0     0008811e  _close                          
0     00088151  _atoi                           
0     00088182  FD$$CMP                         
0     000881ac  L$$DIV                          
0     000881bb  L$$MOD                          
0     000881c9  UL$$DIV                         
0     000881d0  UL$$MOD                         
0     000881d6  C$$EXIT                         
0     000881d6  _abort                          
0     000881d8  _exit                           
0     000881ff  _HOSTclose                      
0     00088228  _InitPieCtrl                    
0     00088247  _EnableInterrupts               
0     00088250  _copysignl                      
0     00088275  _copy_in                        
0     00088299  _HOSTunlink                     
0     000882bd  I$$DIV                          
0     000882ce  I$$MOD                          
0     000882df  FD$$TOI                         
0     00088300  FD$$TOL                         
0     0008831f  LL$$CMP                         
0     00088331  ULL$$CMP                        
0     0008833d  I$$TOFD                         
0     0008835a  _memcpy                         
0     00088377  FS$$TOFD                        
0     00088393  L$$TOFD                         
0     000883af  _unlink                         
0     000883c8  _write                          
0     000883e1  LL$$AND                         
0     000883e9  LL$$OR                          
0     000883f1  LL$$XOR                         
0     000883f9  _lseek                          
0     00088411  _InitPieVectTable               
0     00088423  __args_main                     
0     00088435  _memccpy                        
0     00088445  _IntDefaultHandler              
0     00088454  FD$$SUB                         
0     00088462  _memchr                         
0     0008846f  _strchr                         
0     0008847b  U$$DIV                          
0     00088480  U$$MOD                          
0     00088486  _strcmp                         
0     00088490  __register_unlock               
0     00088494  __register_lock                 
0     00088498  __nop                           
0     00088499  FD$$NEG                         
0     000884a2  _wcslen                         
0     000884b3  _strlen                         
0     000884bb  _memset                         
0     000884c2  _strcpy                         
0     000884c7  _remove                         
0     000884ca  __system_pre_init               
0     00090414  _PieVectTableInit               
0     000905d4  __ctypes_                       
0     000906d5  _cbCRCHi_C                      
0     000907d5  _cbCRCLo_C                      
0     000908d5  _SET                            
0     00090971  _SMK_SET                        
0     000909b3  _REF_PO_GAIN                    
0     00090a12  _ADC_GAIN                       
1     00000400  __stack                         
1     00000500  __CIOBUF_                       
1     00000500  __STACK_END                     
1     00000b00  _AdcaResultRegs                 
1     00000b20  _AdcbResultRegs                 
1     00000b40  _AdccResultRegs                 
1     00000b60  _AdcdResultRegs                 
1     00000c00  _CpuTimer0Regs                  
1     00000c08  _CpuTimer1Regs                  
1     00000c10  _CpuTimer2Regs                  
1     00000ce0  _PieCtrlRegs                    
1     00000d00  _EmuKey                         
1     00000d00  _PieVectTable                   
1     00000d01  _EmuBMode                       
1     00001000  _DmaRegs                        
1     00001400  _Cla1Regs                       
1     00004000  _EPwm1Regs                      
1     00004100  _EPwm2Regs                      
1     00004200  _EPwm3Regs                      
1     00004300  _EPwm4Regs                      
1     00004400  _EPwm5Regs                      
1     00004500  _EPwm6Regs                      
1     00004600  _EPwm7Regs                      
1     00004700  _EPwm8Regs                      
1     00004800  _EPwm9Regs                      
1     00004900  _EPwm10Regs                     
1     00004a00  _EPwm11Regs                     
1     00004b00  _EPwm12Regs                     
1     00005000  _ECap1Regs                      
1     00005020  _ECap2Regs                      
1     00005040  _ECap3Regs                      
1     00005060  _ECap4Regs                      
1     00005080  _ECap5Regs                      
1     000050a0  _ECap6Regs                      
1     00005100  _EQep1Regs                      
1     00005140  _EQep2Regs                      
1     00005180  _EQep3Regs                      
1     00005c00  _DacaRegs                       
1     00005c10  _DacbRegs                       
1     00005c20  _DaccRegs                       
1     00005c80  _Cmpss1Regs                     
1     00005ca0  _Cmpss2Regs                     
1     00005cc0  _Cmpss3Regs                     
1     00005ce0  _Cmpss4Regs                     
1     00005d00  _Cmpss5Regs                     
1     00005d20  _Cmpss6Regs                     
1     00005d40  _Cmpss7Regs                     
1     00005d60  _Cmpss8Regs                     
1     00005e00  _Sdfm1Regs                      
1     00005e80  _Sdfm2Regs                      
1     00006000  _McbspaRegs                     
1     00006040  _McbspbRegs                     
1     00006100  _SpiaRegs                       
1     00006110  _SpibRegs                       
1     00006120  _SpicRegs                       
1     00006130  _SpidRegs                       
1     00006200  _UppRegs                        
1     00007000  _WdRegs                         
1     00007060  _NmiIntruptRegs                 
1     00007070  _XintRegs                       
1     00007200  _SciaRegs                       
1     00007210  _ScibRegs                       
1     00007220  _ScicRegs                       
1     00007230  _ScidRegs                       
1     00007300  _I2caRegs                       
1     00007340  _I2cbRegs                       
1     00007400  _AdcaRegs                       
1     00007480  _AdcbRegs                       
1     00007500  _AdccRegs                       
1     00007580  _AdcdRegs                       
1     00007900  _TrigRegs                       
1     00007980  _DmaClaSrcSelRegs               
1     00007a00  _EPwmXbarRegs                   
1     00007a80  _OutputXbarRegs                 
1     00007c00  _GpioCtrlRegs                   
1     00007f00  _GpioDataRegs                   
1     0000a800  __sys_memory                    
1     0000ac00  _DATA_QUE_WR_C                  
1     0000adf4  _ADC_Avg                        
1     0000ae00  _FUNC_QUE_C                     
1     0000aff4  _ADC_Result                     
1     0000c000  _dlog_status                    
1     0000c001  _old_dlog_status                
1     0000c002  _timer_tick                     
1     0000c003  _timer_sec                      
1     0000c004  _timer_min                      
1     0000c005  _flog_update                    
1     0000c006  _block_num                      
1     0000c007  _feedback_data_count            
1     0000c008  _fdata_load_end                 
1     0000c009  _Flog_trigger                   
1     0000c040  _logFeedback                    
1     0000c240  _load_buffer                    
1     0000c440  _logData                        
1     0000c82a  _flag_RS485_receive_C           
1     0000c82b  _start_point_C                  
1     0000c82c  _end_point_C                    
1     0000c82d  _start_point_data_C             
1     0000c82e  _end_point_data_C               
1     0000c82f  _cnt_T3_5_C                     
1     0000c830  _flag_rcv_frame_end_C           
1     0000c831  _bIdxModR_C                     
1     0000c832  _bCntRespDelay_C                
1     0000c833  _Addrs_C                        
1     0000c834  _wMb_control_data_C             
1     0000c835  _transmit_flag_C                
1     0000c836  _transmit_start_C               
1     0000c837  _transmit_end_C                 
1     0000c838  _err_flag_C                     
1     0000c839  _err_ID_C                       
1     0000c83a  _err_Code_C                     
1     0000c83b  _cnt_Reply_C                    
1     0000c83c  _flag_RS485_data_new_C          
1     0000c83e  _GPtest                         
1     0000c840  _ID_QUE_RD_C                    
1     0000ca34  _parmbuf                        
1     0000ca40  _ID_QUE_WR_C                    
1     0000cc34  _txbuff                         
1     0000cc3c  __lock                          
1     0000cc3e  __unlock                        
1     0000cc40  _MODT_BUFF_C                    
1     0000ce34  _CpuTimeCnt                     
1     0000ce35  _Tic10ms                        
1     0000ce36  _Tic100ms                       
1     0000ce37  _Tic50ms                        
1     0000ce38  _Tic1000ms                      
1     0000ce39  _TicControl                     
1     0000ce3a  _maska                          
1     0000ce40  _sRXCANMessageA                 
1     0000cf08  __stream                        
1     0000cf30  _CAN_TXDA                       
1     0000cf38  _CAN_TXDB                       
1     0000cf40  _SmileKey                       
1     0000cfe8  _CpuTimer0                      
1     0000cff0  _CpuTimer1                      
1     0000cff8  _CpuTimer2                      
1     0000d000  _NUM_QUE_RD_C                   
1     0000d1f4  _maskb                          
1     0000d1fa  _maskd                          
1     0000d200  _NUM_QUE_WR_C                   
1     0000d3f4  ___TI_enable_exit_profile_output
1     0000d3f6  ___TI_cleanup_ptr               
1     0000d3f8  ___TI_dtors_ptr                 
1     0000d3fa  _txa_flag                       
1     0000d3fb  _txa_start                      
1     0000d3fc  _txa_end                        
1     0000d3fd  _rxa_end                        
1     0000d3fe  _rxa_start                      
1     0000d3ff  ___TI_ft_end                    
1     0000d400  _TRANSMIT_QUE_C                 
1     0000d5f4  _txb_flag                       
1     0000d5f5  _txb_start                      
1     0000d5f6  _txb_end                        
1     0000d5f7  _rxb_end                        
1     0000d5f8  _rxb_start                      
1     0000d5f9  _txd_flag                       
1     0000d5fa  _txd_start                      
1     0000d5fb  _txd_end                        
1     0000d5fc  _rxd_end                        
1     0000d5fd  _rxd_start                      
1     0000d5fe  _errno                          
1     0000d600  _mask_c                         
1     0000d800  _wModData_C                     
1     0000da00  _sRXCANMessageB                 
1     0000dac8  __TxSize                        
1     0000dac9  __RxSize                        
1     0000daca  _OpCanCmd                       
1     0000dacb  _NewCMD                         
1     0000dacc  _CANCommCnt                     
1     0000dacd  _CanLive                        
1     0000dace  _errorFlag                      
1     0000dacf  _Testval                        
1     0000dad0  _rxCnt                          
1     0000dad1  _CAN_Statview                   
1     0000dad2  _CAN_errview                    
1     0000dad4  _MsgAddr                        
1     0000dad6  _sTXCANMessageA                 
1     0000dae0  _sTXCANMessageB                 
1     0000daea  _g_sIpcController1              
1     0000db00  _CAN_RXDA                       
1     0000dba0  _AutoCal_Step                   
1     0000dba1  _AutoAging_Step                 
1     0000dba2  _tolerance_5V_min               
1     0000dba3  _tolerance_5V_max               
1     0000dba4  _tolerance_6V_min               
1     0000dba5  _tolerance_6V_max               
1     0000dba6  _tolerance_3_3V_min             
1     0000dba7  _tolerance_3_3V_max             
1     0000dba8  _tolerance_1_8V_min             
1     0000dba9  _tolerance_1_8V_max             
1     0000dbaa  _tolerance_Ir_min               
1     0000dbab  _tolerance_Ir_max               
1     0000dbac  _tolerance_Po_min               
1     0000dbad  _tolerance_Po_max               
1     0000dbae  _tolerance_Vbat_min             
1     0000dbaf  _tolerance_Vbat_max             
1     0000dbb0  _JigStatusInfo                  
1     0000dbb1  _JigFaultInfo                   
1     0000dbb2  _Term                           
1     0000dbb3  _reTryCnt                       
1     0000dbb4  _DebugTryCnt                    
1     0000dbb5  _Step_Cali                      
1     0000dbb6  _Step_Aging                     
1     0000dbb7  _mon_result                     
1     0000dbc0  _CAN_RXDB                       
1     0000dc60  _ADC_Buf                        
1     0000dc80  ___TI_tmpnams                   
1     0000dd40  __ftable                        
1     0000ddc0  _IDA_QUE                        
1     0000de40  _IDB_QUE                        
1     0000dec0  _IDD_QUE                        
1     0000df40  _RXA_QUE                        
1     0000e000  _C12                            
1     00010000  _C21                            
1     00016000  _RXB_QUE                        
1     00016080  _RXD_QUE                        
1     00016100  _TXA_QUE                        
1     00016180  _TXB_QUE                        
1     00016200  _TXD_QUE                        
1     00016280  __device                        
1     00016300  _wReturn                        
1     00016301  _Thermo                         
1     00016302  _RTC_Sec                        
1     00016303  _RTC_Min                        
1     00016304  _RTC_Hour                       
1     00016305  _RTC_Day                        
1     00016306  _RTC_Date                       
1     00016307  _RTC_Month                      
1     00016308  _RTC_Year                       
1     00016309  _SET_SS                         
1     0001630a  _SET_MM                         
1     0001630b  _SET_HH                         
1     0001630c  _SET_DY                         
1     0001630d  _SET_DD                         
1     0001630e  _SET_MN                         
1     0001630f  _SET_YY                         
1     00016310  _SET_RTC                        
1     00016311  _count_100msec                  
1     00016312  _count_10msec                   
1     00016313  _count_periodic                 
1     00016314  _TIMER_SEC                      
1     00016315  _TIMER_MIN                      
1     00016316  _TIMER_HOUR                     
1     00016317  _flag_LCD_alive                 
1     00016318  _A_upload_flag                  
1     00016319  _A_upload_count                 
1     0001631a  _B_upload_flag                  
1     0001631b  _B_upload_count                 
1     0001631c  _D_upload_flag                  
1     0001631d  _D_upload_count                 
1     0001631e  _cnt_waitsaveend                
1     0001631f  _model                          
1     00016320  _My_Address                     
1     00016321  _system_status                  
1     00016322  _warning_status                 
1     00016323  _reset_flag                     
1     00016324  _adc_count                      
1     00016325  _dlog_tx_index                  
1     00016326  _flog_tx_index                  
1     00016327  _dlog_index                     
1     00016328  _flog_index                     
1     00016329  _block_addr                     
1     0001632a  _dlog_tx_flag                   
1     0001632b  _stop_comm                      
1     0001632c  _flog_tx_flag                   
1     0001632d  _BootFlag                       
1     0001632e  _bootcnt                        
1     0001632f  _delay_cnt                      
1     00016330  _reset_delay_cnt                
1     00016331  _TestID_A                       
1     00016332  _TestData_A                     
1     00016333  _TestTx_A                       
1     00016334  _TestID_B                       
1     00016335  _TestData_B                     
1     00016336  _TestTx_B                       
1     00016337  _TestID_D                       
1     00016338  _TestData_D                     
1     00016339  _TestTx_D                       
1     0001633a  _flag_set_save1                 
1     0001633c  _flag_set_save2                 
1     0001633e  _flag_time_save                 
1     00016340  _Old_fault_status               
1     00016342  _present_status                 
1     0003fc00  _g_asIPCCPU1toCPU2Buffers       
1     0003fc80  _g_usPutWriteIndexes            
1     0003fc84  _g_usGetReadIndexes             
1     00047000  _Emif1Regs                      
1     00047800  _Emif2Regs                      
1     00048000  _DcanaRegs                      
1     0004a000  _DcanbRegs                      
1     00050000  _IpcRegs                        
1     0005d000  _DevCfgRegs                     
1     0005d180  _AnalogSubsysRegs               
1     0005d200  _ClkCfgRegs                     
1     0005d300  _CpuSysRegs                     
1     0005e000  _HwbistRegs                     
1     0005e200  _PbistRegs                      
1     0005e608  _RomPrefetchRegs                
1     0005f000  _DcsmZ1Regs                     
1     0005f040  _DcsmZ2Regs                     
1     0005f070  _DcsmCommonRegs                 
1     0005f400  _MemCfgRegs                     
1     0005f480  _Emif1ConfigRegs                
1     0005f4a0  _Emif2ConfigRegs                
1     0005f4c0  _AccessProtectionRegs           
1     0005f500  _MemoryErrorRegs                
1     0005f540  _RomWaitStateRegs               
1     0005f800  _FlashCtrlRegs                  
1     0005fb00  _FlashEccRegs                   
1     00078800  _DcsmZ1Otp                      
1     00078900  _DcsmZ2Otp                      
abs   00000100  __STACK_SIZE                    
abs   00000400  __SYSMEM_SIZE                   
abs   00000f5d  _RamfuncsLoadSize               
abs   00000f5d  _RamfuncsRunSize                
abs   ffffffff  .text                           
abs   ffffffff  ___TI_pprof_out_hndl            
abs   ffffffff  ___TI_prof_data_size            
abs   ffffffff  ___TI_prof_data_start           
abs   ffffffff  ___binit__                      
abs   ffffffff  ___c_args__                     
abs   ffffffff  ___etext__                      
abs   ffffffff  ___pinit__                      
abs   ffffffff  ___text__                       
abs   ffffffff  binit                           
abs   ffffffff  etext                           
abs   ffffffff  pinit                           

[826 symbols]
